
> jslike@1.0.0 test
> vitest run


[1m[46m RUN [49m[22m [36mv4.0.10 [39m[90m/Users/artpar/workspace/code/insidious/wang2[39m

 [31m❯[39m tests/wang-unit/interpreter.test.js [2m([22m[2m36 tests[22m[2m | [22m[31m16 failed[39m[2m)[22m[32m 176[2mms[22m[39m
       [32m✓[39m should handle variable declaration[32m 9[2mms[22m[39m
       [32m✓[39m should handle variable assignment[32m 11[2mms[22m[39m
       [32m✓[39m should handle const declaration[32m 0[2mms[22m[39m
       [32m✓[39m should evaluate arithmetic expressions[32m 1[2mms[22m[39m
       [32m✓[39m should handle string concatenation[32m 0[2mms[22m[39m
[31m       [31m×[31m should handle update expressions[39m[32m 13[2mms[22m[39m
       [32m✓[39m should execute function declarations[32m 1[2mms[22m[39m
       [32m✓[39m should execute arrow functions[32m 0[2mms[22m[39m
       [32m✓[39m should handle closures correctly[32m 1[2mms[22m[39m
       [32m✓[39m should handle recursive functions[32m 1[2mms[22m[39m
       [32m✓[39m should handle array operations[32m 0[2mms[22m[39m
       [32m✓[39m should handle empty arrays[32m 0[2mms[22m[39m
[31m       [31m×[31m should handle array methods[39m[32m 1[2mms[22m[39m
       [32m✓[39m should handle object operations[32m 0[2mms[22m[39m
       [32m✓[39m should handle object destructuring[32m 0[2mms[22m[39m
       [32m✓[39m should handle array destructuring[32m 0[2mms[22m[39m
       [32m✓[39m should handle if statements[32m 0[2mms[22m[39m
       [32m✓[39m should handle for loops[32m 0[2mms[22m[39m
[31m       [31m×[31m should handle for-of loops[39m[32m 2[2mms[22m[39m
       [32m✓[39m should handle while loops[32m 0[2mms[22m[39m
       [32m✓[39m should handle class instantiation and methods[32m 1[2mms[22m[39m
       [32m✓[39m should handle try-catch blocks[32m 1[2mms[22m[39m
[31m       [31m×[31m should throw error for undefined variables[39m[32m 75[2mms[22m[39m
[31m       [31m×[31m should handle import/export[39m[32m 1[2mms[22m[39m
[31m       [31m×[31m should abort execution when signal is triggered[39m[32m 9[2mms[22m[39m
[31m       [31m×[31m should abort in for loop[39m[32m 23[2mms[22m[39m
[31m       [31m×[31m should abort in while loop[39m[32m 1[2mms[22m[39m
[31m       [31m×[31m should abort in do-while loop[39m[32m 1[2mms[22m[39m
[31m       [31m×[31m should abort in for-of loop[39m[32m 0[2mms[22m[39m
[31m       [31m×[31m should abort in for-in loop[39m[32m 1[2mms[22m[39m
[31m       [31m×[31m should abort in forEach callback[39m[32m 0[2mms[22m[39m
[31m       [31m×[31m should abort during function calls[39m[32m 0[2mms[22m[39m
[31m       [31m×[31m should abort during async operations[39m[32m 1[2mms[22m[39m
[31m       [31m×[31m should handle already aborted signal[39m[32m 0[2mms[22m[39m
[31m       [31m×[31m should work with try-catch blocks[39m[32m 0[2mms[22m[39m
       [32m✓[39m should not interfere with normal execution[32m 0[2mms[22m[39m
 [31m❯[39m tests/wang-unit/regex-stress.test.js [2m([22m[2m13 tests[22m[2m | [22m[31m13 failed[39m[2m)[22m[32m 284[2mms[22m[39m
[31m       [31m×[31m should handle large text with multiple regex operations[39m[32m 117[2mms[22m[39m
[31m       [31m×[31m should handle complex nested regex operations[39m[32m 96[2mms[22m[39m
[31m       [31m×[31m should handle rapid-fire regex compilation[39m[32m 2[2mms[22m[39m
[31m       [31m×[31m should process large arrays with regex filtering[39m[32m 1[2mms[22m[39m
[31m       [31m×[31m should handle concurrent regex operations[39m[32m 1[2mms[22m[39m
[31m       [31m×[31m should handle deeply nested capture groups[39m[32m 0[2mms[22m[39m
[31m       [31m×[31m should handle recursive pattern matching[39m[32m 1[2mms[22m[39m
[31m       [31m×[31m should handle unicode and international patterns[39m[32m 1[2mms[22m[39m
[31m       [31m×[31m should handle repeated pattern creation without memory leaks[39m[32m 1[2mms[22m[39m
[31m       [31m×[31m should handle long-running regex operations[39m[32m 1[2mms[22m[39m
[31m       [31m×[31m should handle edge case pattern combinations[39m[32m 1[2mms[22m[39m
[31m       [31m×[31m should process large log files efficiently[39m[32m 1[2mms[22m[39m
[31m       [31m×[31m should validate large datasets efficiently[39m[32m 1[2mms[22m[39m
 [31m❯[39m tests/wang-unit/regex-browser-compat.test.js [2m([22m[2m20 tests[22m[2m | [22m[31m17 failed[39m[2m)[22m[32m 281[2mms[22m[39m
[31m       [31m×[31m should handle global flag correctly[39m[32m 100[2mms[22m[39m
[31m       [31m×[31m should handle ignoreCase flag correctly[39m[32m 2[2mms[22m[39m
[31m       [31m×[31m should handle multiline flag correctly[39m[32m 2[2mms[22m[39m
       [32m✓[39m should handle unicode flag correctly[32m 18[2mms[22m[39m
       [32m✓[39m should handle sticky flag correctly[32m 0[2mms[22m[39m
[31m       [31m×[31m should handle dotAll flag correctly[39m[32m 2[2mms[22m[39m
       [32m✓[39m should handle multiple flags combined[32m 5[2mms[22m[39m
[31m       [31m×[31m should access all standard regex properties[39m[32m 4[2mms[22m[39m
[31m       [31m×[31m should handle regex as object properties[39m[32m 1[2mms[22m[39m
[31m       [31m×[31m should handle null/undefined text gracefully[39m[32m 1[2mms[22m[39m
[31m       [31m×[31m should handle empty strings and patterns[39m[32m 27[2mms[22m[39m
[31m       [31m×[31m should handle special regex characters properly[39m[32m 36[2mms[22m[39m
[31m       [31m×[31m should handle regex method errors gracefully[39m[32m 1[2mms[22m[39m
[31m       [31m×[31m should handle common regex patterns consistently[39m[32m 1[2mms[22m[39m
[31m       [31m×[31m should handle Unicode categories and scripts[39m[32m 50[2mms[22m[39m
[31m       [31m×[31m should handle lookbehind assertions compatibility[39m[32m 12[2mms[22m[39m
[31m       [31m×[31m should handle RegExp constructor from patterns[39m[32m 11[2mms[22m[39m
[31m       [31m×[31m should handle string patterns in RegExp constructor[39m[32m 4[2mms[22m[39m
[31m       [31m×[31m should handle pattern reuse efficiently[39m[32m 1[2mms[22m[39m
[31m       [31m×[31m should handle cleanup of temporary patterns[39m[32m 0[2mms[22m[39m
 [31m❯[39m tests/wang-unit/stdlib.test.js [2m([22m[2m36 tests[22m[2m | [22m[31m36 failed[39m[2m)[22m[32m 251[2mms[22m[39m
[31m       [31m×[31m should sort_by property[39m[32m 130[2mms[22m[39m
[31m       [31m×[31m should sort_by function[39m[32m 1[2mms[22m[39m
[31m       [31m×[31m should reverse array[39m[32m 1[2mms[22m[39m
[31m       [31m×[31m should get unique values[39m[32m 0[2mms[22m[39m
[31m       [31m×[31m should get unique_by property[39m[32m 0[2mms[22m[39m
[31m       [31m×[31m should group_by property[39m[32m 1[2mms[22m[39m
[31m       [31m×[31m should chunk array[39m[32m 1[2mms[22m[39m
[31m       [31m×[31m should flatten array[39m[32m 0[2mms[22m[39m
[31m       [31m×[31m should flatten with depth[39m[32m 5[2mms[22m[39m
[31m       [31m×[31m should get first/last elements[39m[32m 1[2mms[22m[39m
[31m       [31m×[31m should take and drop[39m[32m 0[2mms[22m[39m
[31m       [31m×[31m should zip arrays[39m[32m 0[2mms[22m[39m
[31m       [31m×[31m should partition array[39m[32m 2[2mms[22m[39m
[31m       [31m×[31m should get keys, values, entries[39m[32m 0[2mms[22m[39m
[31m       [31m×[31m should pick and omit keys[39m[32m 10[2mms[22m[39m
[31m       [31m×[31m should merge objects[39m[32m 0[2mms[22m[39m
[31m       [31m×[31m should get and set deep paths[39m[32m 0[2mms[22m[39m
[31m       [31m×[31m should deep clone objects[39m[32m 0[2mms[22m[39m
[31m       [31m×[31m should split and join[39m[32m 0[2mms[22m[39m
[31m       [31m×[31m should trim strings[39m[32m 0[2mms[22m[39m
[31m       [31m×[31m should transform case[39m[32m 0[2mms[22m[39m
[31m       [31m×[31m should check string boundaries[39m[32m 1[2mms[22m[39m
[31m       [31m×[31m should pad and truncate[39m[32m 1[2mms[22m[39m
[31m       [31m×[31m should replace all occurrences[39m[32m 2[2mms[22m[39m
[31m       [31m×[31m should check types correctly[39m[32m 8[2mms[22m[39m
[31m       [31m×[31m should check emptiness[39m[32m 1[2mms[22m[39m
[31m       [31m×[31m should calculate min, max, sum, avg[39m[32m 1[2mms[22m[39m
[31m       [31m×[31m should calculate median[39m[32m 22[2mms[22m[39m
[31m       [31m×[31m should round numbers[39m[32m 25[2mms[22m[39m
[31m       [31m×[31m should generate range[39m[32m 4[2mms[22m[39m
[31m       [31m×[31m should generate uuid[39m[32m 0[2mms[22m[39m
[31m       [31m×[31m should convert to/from JSON[39m[32m 0[2mms[22m[39m
[31m       [31m×[31m should work with sleep/wait[39m[32m 0[2mms[22m[39m
[31m       [31m×[31m should count items[39m[32m 0[2mms[22m[39m
[31m       [31m×[31m should find and find_index[39m[32m 9[2mms[22m[39m
[31m       [31m×[31m should check every and some[39m[32m 0[2mms[22m[39m
 [31m❯[39m tests/wang-unit/control-flow-integration.test.js [2m([22m[2m21 tests[22m[2m | [22m[31m6 failed[39m[2m)[22m[32m 206[2mms[22m[39m
       [32m✓[39m should handle if/else inside try block[32m 94[2mms[22m[39m
       [32m✓[39m should handle if/else inside catch block[32m 1[2mms[22m[39m
       [32m✓[39m should handle if/else inside finally block[32m 0[2mms[22m[39m
       [32m✓[39m should handle if/else spanning try-catch[32m 1[2mms[22m[39m
       [32m✓[39m should handle if/else inside function declarations[32m 1[2mms[22m[39m
       [32m✓[39m should handle if/else inside arrow functions[32m 1[2mms[22m[39m
       [32m✓[39m should handle if/else with recursive functions[32m 0[2mms[22m[39m
[31m       [31m×[31m should handle if/else with async functions[39m[32m 35[2mms[22m[39m
       [32m✓[39m should handle if/else inside class methods[32m 39[2mms[22m[39m
       [32m✓[39m should handle if/else inside constructors[32m 1[2mms[22m[39m
[31m       [31m×[31m should handle if/else with class inheritance[39m[32m 3[2mms[22m[39m
[31m       [31m×[31m should handle if/else with for-of loops[39m[32m 20[2mms[22m[39m
       [32m✓[39m should handle if/else with for-in loops[32m 1[2mms[22m[39m
       [32m✓[39m should handle nested loops with if/else[32m 0[2mms[22m[39m
       [32m✓[39m should handle if/else with simple break and continue[32m 1[2mms[22m[39m
[31m       [31m×[31m should handle if/else with array destructuring[39m[32m 1[2mms[22m[39m
[31m       [31m×[31m should handle if/else with object destructuring[39m[32m 1[2mms[22m[39m
       [32m✓[39m should handle if/else with spread operator[32m 0[2mms[22m[39m
       [32m✓[39m should handle if/else with ternary operators (JavaScript alternative)[32m 3[2mms[22m[39m
       [32m✓[39m should handle complex expressions in if conditions[32m 1[2mms[22m[39m
[31m       [31m×[31m should handle if/else with module-like patterns[39m[32m 0[2mms[22m[39m
 [31m❯[39m tests/wang-unit/regex-integration.test.js [2m([22m[2m37 tests[22m[2m | [22m[31m36 failed[39m[2m)[22m[32m 265[2mms[22m[39m
[31m       [31m×[31m should work with let variables[39m[32m 87[2mms[22m[39m
[31m       [31m×[31m should work with const variables[39m[32m 2[2mms[22m[39m
[31m       [31m×[31m should work with var variables[39m[32m 11[2mms[22m[39m
[31m       [31m×[31m should respect block scoping[39m[32m 6[2mms[22m[39m
[31m       [31m×[31m should work as function parameters[39m[32m 1[2mms[22m[39m
[31m       [31m×[31m should work as function return values[39m[32m 3[2mms[22m[39m
[31m       [31m×[31m should work with arrow functions[39m[32m 9[2mms[22m[39m
[31m       [31m×[31m should work with async functions[39m[32m 18[2mms[22m[39m
[31m       [31m×[31m should work with closures[39m[32m 9[2mms[22m[39m
[31m       [31m×[31m should work with default parameters[39m[32m 1[2mms[22m[39m
[31m       [31m×[31m should work with rest parameters[39m[32m 2[2mms[22m[39m
[31m       [31m×[31m should work in class properties[39m[32m 4[2mms[22m[39m
[31m       [31m×[31m should work in class methods[39m[32m 1[2mms[22m[39m
[31m       [31m×[31m should work in static-like methods[39m[32m 1[2mms[22m[39m
[31m       [31m×[31m should work with class inheritance[39m[32m 7[2mms[22m[39m
[31m       [31m×[31m should work in if statements[39m[32m 0[2mms[22m[39m
[31m       [31m×[31m should work in for loops[39m[32m 1[2mms[22m[39m
[31m       [31m×[31m should work in for-of loops[39m[32m 3[2mms[22m[39m
[31m       [31m×[31m should work in while loops[39m[32m 2[2mms[22m[39m
[31m       [31m×[31m should work with conditional logic[39m[32m 0[2mms[22m[39m
[31m       [31m×[31m should work in ternary operators[39m[32m 0[2mms[22m[39m
[31m       [31m×[31m should work in try-catch[39m[32m 0[2mms[22m[39m
       [32m✓[39m should work in array literals[32m 0[2mms[22m[39m
[31m       [31m×[31m should work in object literals[39m[32m 1[2mms[22m[39m
[31m       [31m×[31m should work with array methods[39m[32m 0[2mms[22m[39m
[31m       [31m×[31m should work with object destructuring[39m[32m 5[2mms[22m[39m
[31m       [31m×[31m should work with array destructuring[39m[32m 0[2mms[22m[39m
[31m       [31m×[31m should work with spread operator[39m[32m 0[2mms[22m[39m
[31m       [31m×[31m should work with module exports[39m[32m 0[2mms[22m[39m
[31m       [31m×[31m should work with module imports[39m[32m 0[2mms[22m[39m
[31m       [31m×[31m should work with async/await[39m[32m 78[2mms[22m[39m
[31m       [31m×[31m should work with Promise chains[39m[32m 0[2mms[22m[39m
[31m       [31m×[31m should work with async operations[39m[32m 1[2mms[22m[39m
[31m       [31m×[31m should work in error messages[39m[32m 3[2mms[22m[39m
[31m       [31m×[31m should work with custom error classes[39m[32m 1[2mms[22m[39m
[31m       [31m×[31m should handle regex in loops efficiently[39m[32m 0[2mms[22m[39m
[31m       [31m×[31m should handle multiple regex patterns efficiently[39m[32m 0[2mms[22m[39m
 [31m❯[39m tests/wang-unit/edge-cases-errors.test.js [2m([22m[2m24 tests[22m[2m | [22m[31m11 failed[39m[2m)[22m[32m 294[2mms[22m[39m
       [32m✓[39m should handle try without catch[32m 125[2mms[22m[39m
       [32m✓[39m should execute finally even when error is thrown[32m 4[2mms[22m[39m
       [32m✓[39m should handle nested try-catch blocks[32m 1[2mms[22m[39m
[31m       [31m×[31m should handle return in try with finally[39m[32m 96[2mms[22m[39m
[31m       [31m×[31m should handle throw in finally[39m[32m 1[2mms[22m[39m
       [32m✓[39m should handle error in catch block[32m 0[2mms[22m[39m
[31m       [31m×[31m should preserve error types[39m[32m 2[2mms[22m[39m
[31m       [31m×[31m should handle custom error objects[39m[32m 3[2mms[22m[39m
       [32m✓[39m should handle throwing non-Error values[32m 3[2mms[22m[39m
[31m       [31m×[31m should handle errors in async functions[39m[32m 1[2mms[22m[39m
[31m       [31m×[31m should handle promise rejections[39m[32m 0[2mms[22m[39m
[31m       [31m×[31m should handle errors in async arrow functions[39m[32m 0[2mms[22m[39m
[31m       [31m×[31m should handle errors in object property access chains[39m[32m 1[2mms[22m[39m
       [32m✓[39m should handle errors in array operations[32m 1[2mms[22m[39m
[31m       [31m×[31m should handle errors in constructors[39m[32m 2[2mms[22m[39m
       [32m✓[39m should maintain variable state after error[32m 1[2mms[22m[39m
       [32m✓[39m should handle errors in nested function calls[32m 0[2mms[22m[39m
       [32m✓[39m should handle errors in destructuring[32m 0[2mms[22m[39m
       [32m✓[39m should handle deep call stack errors[32m 0[2mms[22m[39m
[31m       [31m×[31m should handle recursive function errors[39m[32m 1[2mms[22m[39m
       [32m✓[39m should handle break/continue with try-catch in loops[32m 0[2mms[22m[39m
[31m       [31m×[31m should handle return in try-catch within function[39m[32m 2[2mms[22m[39m
       [32m✓[39m should handle custom function errors[32m 1[2mms[22m[39m
       [32m✓[39m should handle division by zero[32m 0[2mms[22m[39m
 [31m❯[39m tests/wang-unit/native-methods.test.js [2m([22m[2m66 tests[22m[2m | [22m[31m13 failed[39m[2m)[22m[32m 298[2mms[22m[39m
     [32m✓[39m should support string.split() method[32m 72[2mms[22m[39m
     [32m✓[39m should support string.includes() method[32m 17[2mms[22m[39m
     [32m✓[39m should support string.indexOf() method[32m 1[2mms[22m[39m
     [32m✓[39m should support string.substring() method[32m 1[2mms[22m[39m
     [32m✓[39m should support string.substr() method[32m 0[2mms[22m[39m
     [32m✓[39m should support string.slice() method[32m 0[2mms[22m[39m
     [32m✓[39m should support string.trim() method[32m 1[2mms[22m[39m
     [32m✓[39m should support string.trimStart() and trimEnd() methods[32m 10[2mms[22m[39m
     [32m✓[39m should support string.replace() method[32m 1[2mms[22m[39m
     [32m✓[39m should support string.replaceAll() method[32m 16[2mms[22m[39m
     [32m✓[39m should support string.toLowerCase() and toUpperCase() methods[32m 17[2mms[22m[39m
     [32m✓[39m should support string.charAt() and charCodeAt() methods[32m 0[2mms[22m[39m
     [32m✓[39m should support string.startsWith() and endsWith() methods[32m 0[2mms[22m[39m
     [32m✓[39m should support string.repeat() method[32m 0[2mms[22m[39m
     [32m✓[39m should support string.padStart() and padEnd() methods[32m 0[2mms[22m[39m
     [32m✓[39m should support string.match() method[32m 1[2mms[22m[39m
     [32m✓[39m should support string.search() method[32m 0[2mms[22m[39m
     [32m✓[39m should support string.concat() method[32m 0[2mms[22m[39m
     [32m✓[39m should support string.lastIndexOf() method[32m 0[2mms[22m[39m
     [32m✓[39m should support chaining string methods[32m 0[2mms[22m[39m
     [32m✓[39m should work with template literals and string methods[32m 0[2mms[22m[39m
     [32m✓[39m should handle multi-line strings with methods[32m 0[2mms[22m[39m
     [32m✓[39m should support array.filter() method[32m 0[2mms[22m[39m
     [32m✓[39m should support array.map() method[32m 7[2mms[22m[39m
     [32m✓[39m should support array.reduce() method[32m 31[2mms[22m[39m
     [32m✓[39m should support array.find() method[32m 0[2mms[22m[39m
     [32m✓[39m should support array.findIndex() method[32m 0[2mms[22m[39m
     [32m✓[39m should support array.some() method[32m 0[2mms[22m[39m
     [32m✓[39m should support array.every() method[32m 0[2mms[22m[39m
[31m     [31m×[31m should support array.forEach() method[39m[32m 47[2mms[22m[39m
[31m     [31m×[31m should handle errors in forEach callbacks[39m[32m 7[2mms[22m[39m
[31m     [31m×[31m should properly scope variables in forEach callbacks[39m[32m 1[2mms[22m[39m
[31m     [31m×[31m should handle async operations in forEach callbacks[39m[32m 0[2mms[22m[39m
[31m     [31m×[31m should handle nested forEach operations[39m[32m 0[2mms[22m[39m
[31m     [31m×[31m should work with DOM-like element processing[39m[32m 0[2mms[22m[39m
[31m     [31m×[31m should validate callback functions and throw TypeError for non-functions[39m[32m 2[2mms[22m[39m
     [32m✓[39m should not process items added during forEach iteration[32m 1[2mms[22m[39m
     [32m✓[39m should handle large arrays efficiently[32m 3[2mms[22m[39m
     [32m✓[39m should handle circular references in forEach[32m 0[2mms[22m[39m
     [32m✓[39m should handle memory-intensive operations in forEach[32m 2[2mms[22m[39m
     [32m✓[39m should support array.sort() method[32m 0[2mms[22m[39m
     [32m✓[39m should support array.reverse() method[32m 0[2mms[22m[39m
     [32m✓[39m should support array.slice() method[32m 0[2mms[22m[39m
     [32m✓[39m should support array.splice() method[32m 1[2mms[22m[39m
     [32m✓[39m should support array.concat() method[32m 1[2mms[22m[39m
     [32m✓[39m should support array.join() method[32m 0[2mms[22m[39m
     [32m✓[39m should support array.includes() method[32m 0[2mms[22m[39m
     [32m✓[39m should support array.indexOf() and lastIndexOf() methods[32m 0[2mms[22m[39m
     [32m✓[39m should support array.push() method[32m 0[2mms[22m[39m
     [32m✓[39m should support array.pop() method[32m 0[2mms[22m[39m
     [32m✓[39m should support array.shift() and unshift() methods[32m 0[2mms[22m[39m
     [32m✓[39m should support array.flat() method[32m 0[2mms[22m[39m
     [32m✓[39m should support array.flatMap() method[32m 0[2mms[22m[39m
     [32m✓[39m should support chaining array methods[32m 0[2mms[22m[39m
[31m     [31m×[31m should handle async operations in array methods[39m[32m 0[2mms[22m[39m
     [32m✓[39m should work with complex data structures[32m 1[2mms[22m[39m
[31m     [31m×[31m should still support function-style string operations[39m[32m 4[2mms[22m[39m
[31m     [31m×[31m should still support function-style array operations[39m[32m 0[2mms[22m[39m
[31m     [31m×[31m should allow mixing function and method styles[39m[32m 0[2mms[22m[39m
     [32m✓[39m should handle undefined methods gracefully[32m 0[2mms[22m[39m
     [32m✓[39m should preserve array and string length property[32m 0[2mms[22m[39m
     [32m✓[39m should handle empty strings correctly[32m 0[2mms[22m[39m
     [32m✓[39m should handle empty arrays correctly[32m 0[2mms[22m[39m
[31m     [31m×[31m should handle null/undefined correctly with optional chaining[39m[32m 0[2mms[22m[39m
     [32m✓[39m should handle computed property access for methods[32m 0[2mms[22m[39m
[31m     [31m×[31m should handle methods in object literals[39m[32m 0[2mms[22m[39m
 [31m❯[39m tests/wang-unit/regex-literals.test.js [2m([22m[2m25 tests[22m[2m | [22m[31m20 failed[39m[2m)[22m[32m 32[2mms[22m[39m
[31m       [31m×[31m should parse and create basic regex literal[39m[32m 6[2mms[22m[39m
[31m       [31m×[31m should create regex with flags[39m[32m 1[2mms[22m[39m
[31m       [31m×[31m should support all regex flags[39m[32m 0[2mms[22m[39m
[31m       [31m×[31m should support regex with special characters[39m[32m 1[2mms[22m[39m
[31m       [31m×[31m should handle character classes[39m[32m 0[2mms[22m[39m
[31m       [31m×[31m should handle quantifiers[39m[32m 0[2mms[22m[39m
[31m       [31m×[31m should handle groups and assertions[39m[32m 0[2mms[22m[39m
[31m       [31m×[31m should handle escaped forward slashes[39m[32m 0[2mms[22m[39m
[31m       [31m×[31m should work with string methods[39m[32m 13[2mms[22m[39m
[31m       [31m×[31m should work with match method[39m[32m 1[2mms[22m[39m
[31m       [31m×[31m should work with replace method[39m[32m 0[2mms[22m[39m
       [32m✓[39m should distinguish division from regex - after identifier[32m 0[2mms[22m[39m
       [32m✓[39m should distinguish division from regex - after number[32m 0[2mms[22m[39m
[31m       [31m×[31m should parse regex after assignment operator[39m[32m 0[2mms[22m[39m
[31m       [31m×[31m should parse regex after comma[39m[32m 0[2mms[22m[39m
[31m       [31m×[31m should parse regex after opening parenthesis[39m[32m 0[2mms[22m[39m
       [32m✓[39m should parse regex after return statement[32m 1[2mms[22m[39m
[31m       [31m×[31m should handle empty regex[39m[32m 0[2mms[22m[39m
[31m       [31m×[31m should handle regex with unicode flag[39m[32m 0[2mms[22m[39m
       [32m✓[39m should handle regex in object literals[32m 0[2mms[22m[39m
       [32m✓[39m should handle regex in array literals[32m 0[2mms[22m[39m
[31m       [31m×[31m should handle invalid regex patterns gracefully[39m[32m 0[2mms[22m[39m
[31m       [31m×[31m should work for email validation[39m[32m 4[2mms[22m[39m
[31m       [31m×[31m should work for URL extraction[39m[32m 0[2mms[22m[39m
[31m       [31m×[31m should work for data parsing[39m[32m 0[2mms[22m[39m
 [31m❯[39m tests/wang-unit/compound-assignment.test.js [2m([22m[2m27 tests[22m[2m | [22m[31m8 failed[39m[2m)[22m[32m 28[2mms[22m[39m
       [32m✓[39m should handle += operator[32m 4[2mms[22m[39m
       [32m✓[39m should handle -= operator[32m 0[2mms[22m[39m
       [32m✓[39m should handle *= operator[32m 1[2mms[22m[39m
       [32m✓[39m should handle /= operator[32m 0[2mms[22m[39m
       [32m✓[39m should work with complex expressions on RHS[32m 0[2mms[22m[39m
[31m       [31m×[31m should work with function calls on RHS[39m[32m 6[2mms[22m[39m
       [32m✓[39m should chain multiple compound assignments correctly[32m 0[2mms[22m[39m
[31m       [31m×[31m should work with different variables[39m[32m 2[2mms[22m[39m
       [32m✓[39m should work with object properties[32m 1[2mms[22m[39m
       [32m✓[39m should work with nested object properties[32m 0[2mms[22m[39m
       [32m✓[39m should work with computed property access[32m 0[2mms[22m[39m
       [32m✓[39m should work with array elements[32m 0[2mms[22m[39m
       [32m✓[39m should work with computed array indices[32m 0[2mms[22m[39m
       [32m✓[39m should update the correct scoped variable[32m 0[2mms[22m[39m
[31m       [31m×[31m should throw error when trying to modify const with compound assignment[39m[32m 2[2mms[22m[39m
[31m       [31m×[31m should throw error for const object properties using compound assignment[39m[32m 1[2mms[22m[39m
       [32m✓[39m should handle string concatenation with +=[32m 0[2mms[22m[39m
[31m       [31m×[31m should handle undefined/null gracefully[39m[32m 1[2mms[22m[39m
       [32m✓[39m should handle division by zero[32m 0[2mms[22m[39m
       [32m✓[39m should work with floating point arithmetic[32m 0[2mms[22m[39m
       [32m✓[39m should work alongside increment/decrement operators[32m 0[2mms[22m[39m
       [32m✓[39m should work in conditional expressions[32m 0[2mms[22m[39m
       [32m✓[39m should work in loops[32m 0[2mms[22m[39m
[31m       [31m×[31m should work within functions[39m[32m 3[2mms[22m[39m
[31m       [31m×[31m should work with async functions[39m[32m 1[2mms[22m[39m
[31m       [31m×[31m compound assignment should return the new value[39m[32m 0[2mms[22m[39m
       [32m✓[39m should work as expression in larger expressions[32m 0[2mms[22m[39m
 [31m❯[39m tests/wang-unit/multiline-syntax.test.js [2m([22m[2m11 tests[22m[2m | [22m[31m10 failed[39m[2m)[22m[32m 24[2mms[22m[39m
[31m       [31m×[31m should support multi-line arguments in function calls[39m[32m 9[2mms[22m[39m
[31m       [31m×[31m should support complex expressions in multi-line calls[39m[32m 2[2mms[22m[39m
[31m       [31m×[31m should support nested multi-line calls[39m[32m 1[2mms[22m[39m
[31m       [31m×[31m should support method calls with multi-line arguments[39m[32m 1[2mms[22m[39m
[31m       [31m×[31m should support multi-line parameters in function declarations[39m[32m 1[2mms[22m[39m
       [32m✓[39m should support multi-line parameters in arrow functions[32m 0[2mms[22m[39m
[31m       [31m×[31m should support multi-line parameters in async functions[39m[32m 1[2mms[22m[39m
[31m       [31m×[31m should support arrow functions with block statements[39m[32m 0[2mms[22m[39m
[31m       [31m×[31m should support multi-line arrow functions with multiple statements[39m[32m 2[2mms[22m[39m
[31m       [31m×[31m should support arrow functions with block and multi-line params[39m[32m 5[2mms[22m[39m
[31m       [31m×[31m should support the Chrome debugger multi-line pattern[39m[32m 1[2mms[22m[39m
 [31m❯[39m tests/wang-unit/console-capture.test.js [2m([22m[2m18 tests[22m[2m | [22m[31m18 failed[39m[2m)[22m[32m 31[2mms[22m[39m
[31m       [31m×[31m should capture console.log calls with metadata option[39m[32m 12[2mms[22m[39m
[31m       [31m×[31m should capture console.warn calls[39m[32m 1[2mms[22m[39m
[31m       [31m×[31m should capture console.error calls[39m[32m 0[2mms[22m[39m
[31m       [31m×[31m should capture mixed console calls[39m[32m 1[2mms[22m[39m
[31m       [31m×[31m should include timestamps in captured logs[39m[32m 0[2mms[22m[39m
[31m       [31m×[31m should capture logs from loops[39m[32m 1[2mms[22m[39m
[31m       [31m×[31m should capture logs from conditionals[39m[32m 1[2mms[22m[39m
[31m       [31m×[31m should capture logs from functions[39m[32m 1[2mms[22m[39m
[31m       [31m×[31m should capture logs from async functions[39m[32m 6[2mms[22m[39m
[31m       [31m×[31m should return only result without withMetadata option[39m[32m 0[2mms[22m[39m
[31m       [31m×[31m should work with existing test patterns[39m[32m 1[2mms[22m[39m
[31m       [31m×[31m should handle empty console logs[39m[32m 3[2mms[22m[39m
[31m       [31m×[31m should capture logs from function calls[39m[32m 0[2mms[22m[39m
[31m       [31m×[31m should capture logs with complex objects[39m[32m 0[2mms[22m[39m
[31m       [31m×[31m should clear logs between executions[39m[32m 0[2mms[22m[39m
[31m       [31m×[31m should handle errors while preserving captured logs[39m[32m 1[2mms[22m[39m
[31m       [31m×[31m should capture logs with early return[39m[32m 0[2mms[22m[39m
[31m       [31m×[31m should handle top-level return with metadata[39m[32m 0[2mms[22m[39m
 [31m❯[39m tests/wang-unit/reserved-properties.test.js [2m([22m[2m11 tests[22m[2m | [22m[31m2 failed[39m[2m)[22m[32m 25[2mms[22m[39m
       [32m✓[39m should access Array.from[32m 4[2mms[22m[39m
       [32m✓[39m should access Array.of[32m 1[2mms[22m[39m
       [32m✓[39m should access Promise.resolve[32m 0[2mms[22m[39m
       [32m✓[39m should access Object.is[32m 0[2mms[22m[39m
       [32m✓[39m should allow reserved keywords as object keys[32m 2[2mms[22m[39m
       [32m✓[39m should access reserved keyword properties with dot notation[32m 1[2mms[22m[39m
[31m       [31m×[31m should support optional chaining with reserved keywords[39m[32m 7[2mms[22m[39m
[31m       [31m×[31m should support computed member access with reserved keywords[39m[32m 2[2mms[22m[39m
       [32m✓[39m should support method chaining across lines[32m 1[2mms[22m[39m
       [32m✓[39m should handle all reserved keywords as properties[32m 3[2mms[22m[39m
       [32m✓[39m should still parse reserved keywords correctly in their normal context[32m 1[2mms[22m[39m
 [31m❯[39m tests/wang-unit/template-literals.test.js [2m([22m[2m36 tests[22m[2m | [22m[31m6 failed[39m[2m)[22m[32m 32[2mms[22m[39m
       [32m✓[39m should handle simple template without expressions[32m 3[2mms[22m[39m
       [32m✓[39m should handle template with single variable[32m 1[2mms[22m[39m
       [32m✓[39m should handle template with multiple expressions[32m 1[2mms[22m[39m
       [32m✓[39m should handle empty template[32m 0[2mms[22m[39m
       [32m✓[39m should handle template with only expression[32m 0[2mms[22m[39m
       [32m✓[39m should handle arithmetic expressions[32m 0[2mms[22m[39m
       [32m✓[39m should handle comparison expressions[32m 1[2mms[22m[39m
       [32m✓[39m should handle logical expressions[32m 0[2mms[22m[39m
       [32m✓[39m should handle ternary expressions[32m 2[2mms[22m[39m
       [32m✓[39m should handle function calls[32m 1[2mms[22m[39m
       [32m✓[39m should handle Math functions[32m 0[2mms[22m[39m
       [32m✓[39m should handle object property access[32m 1[2mms[22m[39m
       [32m✓[39m should handle array element access[32m 0[2mms[22m[39m
       [32m✓[39m should handle computed property access[32m 0[2mms[22m[39m
       [32m✓[39m should handle method calls on objects[32m 0[2mms[22m[39m
[31m       [31m×[31m should throw error for nested template literals (EXPECTED BEHAVIOR)[39m[32m 7[2mms[22m[39m
[31m       [31m×[31m should throw error for deeply nested templates (EXPECTED BEHAVIOR)[39m[32m 1[2mms[22m[39m
       [32m✓[39m should work with nested templates using workaround[32m 0[2mms[22m[39m
       [32m✓[39m should handle templates in object literals[32m 0[2mms[22m[39m
       [32m✓[39m should handle special characters in templates[32m 0[2mms[22m[39m
       [32m✓[39m should handle quotes in templates[32m 0[2mms[22m[39m
       [32m✓[39m should handle dollar signs without braces[32m 0[2mms[22m[39m
       [32m✓[39m should handle backslashes[32m 0[2mms[22m[39m
       [32m✓[39m should handle undefined variables gracefully[32m 0[2mms[22m[39m
       [32m✓[39m should handle null values[32m 0[2mms[22m[39m
       [32m✓[39m should handle complex expressions with parentheses[32m 2[2mms[22m[39m
       [32m✓[39m should handle expressions with string concatenation[32m 0[2mms[22m[39m
       [32m✓[39m should handle expressions with array methods[32m 3[2mms[22m[39m
       [32m✓[39m should handle JSON.stringify in templates[32m 0[2mms[22m[39m
       [32m✓[39m should handle template with many expressions[32m 0[2mms[22m[39m
       [32m✓[39m should handle template in loop[32m 0[2mms[22m[39m
[31m       [31m×[31m should handle template with async expressions[39m[32m 1[2mms[22m[39m
[31m       [31m×[31m should handle template with class instance[39m[32m 2[2mms[22m[39m
[31m       [31m×[31m should leave invalid expressions unevaluated (EXPECTED BEHAVIOR)[39m[32m 0[2mms[22m[39m
[31m       [31m×[31m should handle unmatched braces[39m[32m 0[2mms[22m[39m
       [32m✓[39m should handle escaped template syntax[32m 0[2mms[22m[39m
 [31m❯[39m tests/wang-unit/for-in-loop.test.js [2m([22m[2m19 tests[22m[2m | [22m[31m3 failed[39m[2m)[22m[32m 30[2mms[22m[39m
     [32m✓[39m should iterate over object properties[32m 6[2mms[22m[39m
     [32m✓[39m should iterate over array indices as strings[32m 1[2mms[22m[39m
     [32m✓[39m should handle empty objects[32m 1[2mms[22m[39m
     [32m✓[39m should handle nested for-in loops[32m 1[2mms[22m[39m
     [32m✓[39m should work with const declaration[32m 2[2mms[22m[39m
     [32m✓[39m should handle break statement[32m 1[2mms[22m[39m
     [32m✓[39m should handle continue statement[32m 0[2mms[22m[39m
     [32m✓[39m should access object values correctly[32m 0[2mms[22m[39m
[31m     [31m×[31m should handle null or undefined gracefully[39m[32m 7[2mms[22m[39m
     [32m✓[39m should work with destructuring pattern[32m 0[2mms[22m[39m
     [32m✓[39m should handle objects created with Object.create[32m 1[2mms[22m[39m
     [32m✓[39m should handle for-in with complex expressions[32m 0[2mms[22m[39m
     [32m✓[39m should handle for-in with variable declaration types[32m 0[2mms[22m[39m
     [32m✓[39m should work with nested for-in loops and breaks[32m 0[2mms[22m[39m
[31m     [31m×[31m should handle for-in with method calls[39m[32m 2[2mms[22m[39m
     [32m✓[39m should handle special property names[32m 0[2mms[22m[39m
     [32m✓[39m should iterate over string indices[32m 0[2mms[22m[39m
     [32m✓[39m should handle dynamic property access[32m 0[2mms[22m[39m
[31m     [31m×[31m should handle for-in with async functions[39m[32m 1[2mms[22m[39m
 [31m❯[39m tests/wang-unit/regex-edge-cases.test.js [2m([22m[2m41 tests[22m[2m | [22m[31m14 failed[39m[2m)[22m[32m 30[2mms[22m[39m
       [32m✓[39m should parse division after identifiers[32m 4[2mms[22m[39m
       [32m✓[39m should parse division after numbers[32m 1[2mms[22m[39m
       [32m✓[39m should parse division after parentheses[32m 2[2mms[22m[39m
       [32m✓[39m should parse division after array access[32m 1[2mms[22m[39m
       [32m✓[39m should parse division after member access[32m 1[2mms[22m[39m
[31m       [31m×[31m should parse division after function calls[39m[32m 7[2mms[22m[39m
       [32m✓[39m should parse division after postfix increment[32m 0[2mms[22m[39m
       [32m✓[39m should parse division after this[32m 1[2mms[22m[39m
[31m       [31m×[31m should parse regex after assignment operators[39m[32m 2[2mms[22m[39m
[31m       [31m×[31m should parse regex after compound assignment[39m[32m 1[2mms[22m[39m
[31m       [31m×[31m should parse regex after opening parenthesis[39m[32m 1[2mms[22m[39m
       [32m✓[39m should parse regex after opening bracket[32m 0[2mms[22m[39m
[31m       [31m×[31m should parse regex after comma[39m[32m 0[2mms[22m[39m
       [32m✓[39m should parse regex after colon in object[32m 0[2mms[22m[39m
       [32m✓[39m should parse regex after return statement[32m 2[2mms[22m[39m
       [32m✓[39m should parse regex after throw statement[32m 0[2mms[22m[39m
[31m       [31m×[31m should parse regex after logical operators[39m[32m 0[2mms[22m[39m
       [32m✓[39m should parse regex after ternary operator[32m 0[2mms[22m[39m
       [32m✓[39m should parse regex after newlines[32m 0[2mms[22m[39m
[31m       [31m×[31m should handle mixed division and regex in same expression[39m[32m 0[2mms[22m[39m
[31m       [31m×[31m should handle regex in arithmetic expressions with division[39m[32m 0[2mms[22m[39m
[31m       [31m×[31m should handle nested parentheses with regex and division[39m[32m 0[2mms[22m[39m
       [32m✓[39m should handle regex in template literals context[32m 0[2mms[22m[39m
[31m       [31m×[31m should handle division followed by regex on next line[39m[32m 0[2mms[22m[39m
[31m       [31m×[31m should handle regex in for loop conditions[39m[32m 1[2mms[22m[39m
       [32m✓[39m should handle regex with preceding whitespace[32m 0[2mms[22m[39m
       [32m✓[39m should handle division with preceding whitespace[32m 0[2mms[22m[39m
       [32m✓[39m should handle regex after line comment[32m 0[2mms[22m[39m
       [32m✓[39m should handle regex after block comment[32m 0[2mms[22m[39m
       [32m✓[39m should handle division in comments vs real division[32m 0[2mms[22m[39m
       [32m✓[39m should not confuse regex-like comments with regex[32m 0[2mms[22m[39m
       [32m✓[39m should handle incomplete regex patterns gracefully[32m 0[2mms[22m[39m
[31m       [31m×[31m should handle regex with escaped slashes in division context[39m[32m 0[2mms[22m[39m
[31m       [31m×[31m should respect precedence with regex in expressions[39m[32m 0[2mms[22m[39m
[31m       [31m×[31m should handle regex in comparison operations[39m[32m 0[2mms[22m[39m
       [32m✓[39m should handle regex with typeof operator[32m 0[2mms[22m[39m
       [32m✓[39m should handle regex with instanceof operator[32m 0[2mms[22m[39m
       [32m✓[39m should handle unicode regex patterns[32m 0[2mms[22m[39m
       [32m✓[39m should handle regex with special characters[32m 0[2mms[22m[39m
       [32m✓[39m should handle regex with newlines and tabs[32m 0[2mms[22m[39m
       [32m✓[39m should preserve exact regex patterns[32m 0[2mms[22m[39m
 [31m❯[39m tests/wang-unit/return-value.test.js [2m([22m[2m14 tests[22m[2m | [22m[31m6 failed[39m[2m)[22m[32m 21[2mms[22m[39m
     [32m✓[39m should return the last evaluated expression[32m 3[2mms[22m[39m
     [32m✓[39m should return undefined for declarations as last statement[32m 1[2mms[22m[39m
     [32m✓[39m should return the value of the last expression in a block[32m 1[2mms[22m[39m
[31m     [31m×[31m should return the result of the last function call[39m[32m 4[2mms[22m[39m
     [32m✓[39m should return the last value in a sequence of expressions[32m 0[2mms[22m[39m
[31m     [31m×[31m should return array/object literals as last expression[39m[32m 3[2mms[22m[39m
     [32m✓[39m should return the value from conditional expressions[32m 1[2mms[22m[39m
     [32m✓[39m should return the last value from a loop[32m 0[2mms[22m[39m
[31m     [31m×[31m should handle explicit return-like pattern[39m[32m 1[2mms[22m[39m
[31m     [31m×[31m should work with function composition returning last value[39m[32m 0[2mms[22m[39m
[31m     [31m×[31m should handle complex nested expressions[39m[32m 1[2mms[22m[39m
     [32m✓[39m should return undefined for empty programs[32m 0[2mms[22m[39m
     [32m✓[39m should return undefined when last statement is a function declaration[32m 0[2mms[22m[39m
[31m     [31m×[31m should return class instances when created as last expression[39m[32m 5[2mms[22m[39m
 [31m❯[39m tests/wang-unit/member-increment-decrement.test.js [2m([22m[2m16 tests[22m[2m | [22m[31m9 failed[39m[2m)[22m[32m 32[2mms[22m[39m
       [32m✓[39m should handle postfix increment on object property[32m 8[2mms[22m[39m
[31m       [31m×[31m should handle prefix increment on object property[39m[32m 9[2mms[22m[39m
       [32m✓[39m should handle postfix decrement on object property[32m 3[2mms[22m[39m
[31m       [31m×[31m should handle prefix decrement on object property[39m[32m 1[2mms[22m[39m
[31m       [31m×[31m should handle increment on array element[39m[32m 1[2mms[22m[39m
[31m       [31m×[31m should handle decrement on array element with computed index[39m[32m 0[2mms[22m[39m
       [32m✓[39m should handle increment on deeply nested properties[32m 0[2mms[22m[39m
[31m       [31m×[31m should handle mixed array and object nesting[39m[32m 1[2mms[22m[39m
       [32m✓[39m should handle this.property++ in class methods[32m 2[2mms[22m[39m
       [32m✓[39m should initialize undefined properties to 0[32m 0[2mms[22m[39m
[31m       [31m×[31m should handle increment on null-ish values[39m[32m 0[2mms[22m[39m
[31m       [31m×[31m should throw error when object is null[39m[32m 3[2mms[22m[39m
[31m       [31m×[31m should throw error when object is undefined[39m[32m 1[2mms[22m[39m
[31m       [31m×[31m should work in complex expressions[39m[32m 1[2mms[22m[39m
       [32m✓[39m should work with method chaining[32m 2[2mms[22m[39m
       [32m✓[39m should handle multiple increments in single statement[32m 0[2mms[22m[39m
 [31m❯[39m tests/wang-unit/multiline-conditionals.test.js [2m([22m[2m17 tests[22m[2m | [22m[31m2 failed[39m[2m)[22m[32m 28[2mms[22m[39m
       [32m✓[39m should handle multiline logical OR in parentheses[32m 5[2mms[22m[39m
       [32m✓[39m should handle multiline logical AND conditions[32m 1[2mms[22m[39m
       [32m✓[39m should handle complex nested multiline conditions[32m 1[2mms[22m[39m
       [32m✓[39m should handle multiline conditions with method chaining[32m 1[2mms[22m[39m
       [32m✓[39m should handle multiline ternary expressions[32m 0[2mms[22m[39m
       [32m✓[39m should handle nested multiline ternary with complex conditions[32m 1[2mms[22m[39m
       [32m✓[39m should handle multiline for loop conditions[32m 2[2mms[22m[39m
[31m       [31m×[31m should handle multiline for-of loops[39m[32m 14[2mms[22m[39m
       [32m✓[39m should handle multiline for-in loops[32m 1[2mms[22m[39m
       [32m✓[39m should handle multiline while conditions[32m 0[2mms[22m[39m
       [32m✓[39m should handle multiline do-while conditions[32m 0[2mms[22m[39m
       [32m✓[39m should handle multiline expressions in parentheses[32m 0[2mms[22m[39m
       [32m✓[39m should handle multiline logical expressions in variable assignments[32m 0[2mms[22m[39m
       [32m✓[39m should handle multiline arithmetic operations[32m 0[2mms[22m[39m
       [32m✓[39m should handle multiline comparison chains[32m 0[2mms[22m[39m
       [32m✓[39m should handle complex form validation scenario[32m 0[2mms[22m[39m
[31m       [31m×[31m should handle URL filtering scenario[39m[32m 1[2mms[22m[39m
 [31m❯[39m tests/wang-unit/enhanced-error-messages.test.js [2m([22m[2m20 tests[22m[2m | [22m[31m15 failed[39m[2m)[22m[32m 23[2mms[22m[39m
[31m       [31m×[31m should show specific object and method names for array methods[39m[32m 9[2mms[22m[39m
[31m       [31m×[31m should show specific object and method names for object methods[39m[32m 2[2mms[22m[39m
[31m       [31m×[31m should handle nested member expressions[39m[32m 1[2mms[22m[39m
[31m       [31m×[31m should handle computed member expressions[39m[32m 2[2mms[22m[39m
[31m       [31m×[31m should handle this member expressions[39m[32m 2[2mms[22m[39m
[31m       [31m×[31m should list available array methods[39m[32m 0[2mms[22m[39m
[31m       [31m×[31m should list available string methods[39m[32m 0[2mms[22m[39m
[31m       [31m×[31m should handle objects with custom methods[39m[32m 1[2mms[22m[39m
[31m       [31m×[31m should suggest similar method names for typos[39m[32m 1[2mms[22m[39m
[31m       [31m×[31m should suggest similar array method names[39m[32m 0[2mms[22m[39m
[31m       [31m×[31m should suggest methods with similar prefixes[39m[32m 0[2mms[22m[39m
[31m       [31m×[31m should include variables in scope[39m[32m 0[2mms[22m[39m
[31m       [31m×[31m should show line and column information when available[39m[32m 0[2mms[22m[39m
[31m       [31m×[31m should use standard error format for regular function calls[39m[32m 0[2mms[22m[39m
       [32m✓[39m should handle undefined function calls[32m 0[2mms[22m[39m
[31m       [31m×[31m should provide enhanced errors in synchronous contexts (arrow functions)[39m[32m 1[2mms[22m[39m
       [32m✓[39m should correctly extract member expression names[32m 0[2mms[22m[39m
       [32m✓[39m should calculate Levenshtein distance correctly[32m 0[2mms[22m[39m
       [32m✓[39m should find similar names correctly[32m 0[2mms[22m[39m
       [32m✓[39m should get object info correctly[32m 0[2mms[22m[39m
 [31m❯[39m tests/wang-unit/increment-decrement.test.js [2m([22m[2m20 tests[22m[2m | [22m[31m3 failed[39m[2m)[22m[32m 25[2mms[22m[39m
       [32m✓[39m should increment after returning value[32m 4[2mms[22m[39m
       [32m✓[39m should work in expressions[32m 1[2mms[22m[39m
       [32m✓[39m should work in loops[32m 1[2mms[22m[39m
       [32m✓[39m should decrement after returning value[32m 0[2mms[22m[39m
       [32m✓[39m should work in expressions[32m 0[2mms[22m[39m
       [32m✓[39m should increment before returning value[32m 0[2mms[22m[39m
       [32m✓[39m should work in expressions[32m 0[2mms[22m[39m
       [32m✓[39m should work in loops[32m 0[2mms[22m[39m
       [32m✓[39m should decrement before returning value[32m 0[2mms[22m[39m
       [32m✓[39m should work in expressions[32m 0[2mms[22m[39m
       [32m✓[39m should handle multiple increments[32m 0[2mms[22m[39m
       [32m✓[39m should work with array access[32m 0[2mms[22m[39m
       [32m✓[39m should work with function calls[32m 0[2mms[22m[39m
       [32m✓[39m should work in C-style for loop[32m 0[2mms[22m[39m
       [32m✓[39m should work with decrement in for loop[32m 0[2mms[22m[39m
[31m       [31m×[31m should not allow increment on const[39m[32m 7[2mms[22m[39m
[31m       [31m×[31m should not allow decrement on const[39m[32m 8[2mms[22m[39m
[31m       [31m×[31m should not allow prefix increment on const[39m[32m 0[2mms[22m[39m
       [32m✓[39m should handle increment with ternary[32m 0[2mms[22m[39m
       [32m✓[39m should handle decrement in function call[32m 0[2mms[22m[39m
 [31m❯[39m tests/wang-unit/cli.test.js [2m([22m[2m12 tests[22m[2m | [22m[31m11 failed[39m[2m)[22m[33m 883[2mms[22m[39m
[31m       [31m×[31m should execute a simple wang file[39m[32m 45[2mms[22m[39m
[31m       [31m×[31m should execute with verbose flag[39m[32m 127[2mms[22m[39m
[31m       [31m×[31m should execute with quiet flag[39m[32m 153[2mms[22m[39m
[31m       [31m×[31m should execute from stdin[39m[32m 94[2mms[22m[39m
[31m       [31m×[31m should show help message[39m[32m 94[2mms[22m[39m
[31m       [31m×[31m should handle execution errors[39m[32m 47[2mms[22m[39m
       [32m✓[39m should handle missing file[32m 45[2mms[22m[39m
[31m       [31m×[31m should validate a correct wang file[39m[32m 69[2mms[22m[39m
[31m       [31m×[31m should validate with AST flag[39m[32m 73[2mms[22m[39m
[31m       [31m×[31m should validate from stdin[39m[32m 48[2mms[22m[39m
[31m       [31m×[31m should show help message[39m[32m 43[2mms[22m[39m
[31m       [31m×[31m should handle invalid syntax[39m[32m 45[2mms[22m[39m
 [31m❯[39m tests/wang-unit/parser.test.js [2m([22m[2m12 tests[22m[2m | [22m[31m12 failed[39m[2m)[22m[32m 9[2mms[22m[39m
[31m     [31m×[31m should parse simple variable declaration[39m[32m 4[2mms[22m[39m
[31m     [31m×[31m should parse multiple statements[39m[32m 1[2mms[22m[39m
[31m     [31m×[31m should parse binary expression precedence correctly[39m[32m 0[2mms[22m[39m
[31m     [31m×[31m should parse function declaration[39m[32m 1[2mms[22m[39m
[31m     [31m×[31m should parse arrow function[39m[32m 1[2mms[22m[39m
[31m     [31m×[31m should parse object literal[39m[32m 0[2mms[22m[39m
[31m     [31m×[31m should parse array literal[39m[32m 0[2mms[22m[39m
[31m     [31m×[31m should parse empty array correctly[39m[32m 0[2mms[22m[39m
[31m     [31m×[31m should parse class declaration[39m[32m 0[2mms[22m[39m
[31m     [31m×[31m should parse import/export statements[39m[32m 0[2mms[22m[39m
[31m     [31m×[31m should parse try-catch-finally[39m[32m 0[2mms[22m[39m
[31m     [31m×[31m should parse destructuring patterns[39m[32m 0[2mms[22m[39m
 [31m❯[39m tests/wang-unit/new-expression-chaining.test.js [2m([22m[2m9 tests[22m[2m | [22m[31m1 failed[39m[2m)[22m[32m 16[2mms[22m[39m
     [32m✓[39m should support method chaining on new expressions without parentheses[32m 5[2mms[22m[39m
     [32m✓[39m should support method chaining on new expressions with parentheses[32m 1[2mms[22m[39m
     [32m✓[39m should support property access on new expressions[32m 1[2mms[22m[39m
     [32m✓[39m should support chained method calls on new expressions[32m 0[2mms[22m[39m
[31m     [31m×[31m should support optional chaining on new expressions[39m[32m 7[2mms[22m[39m
     [32m✓[39m should support computed property access on new expressions[32m 0[2mms[22m[39m
     [32m✓[39m should work with built-in Map constructor[32m 0[2mms[22m[39m
     [32m✓[39m should work in assignment expressions[32m 0[2mms[22m[39m
     [32m✓[39m should work with new expressions without arguments[32m 1[2mms[22m[39m
 [31m❯[39m tests/wang-unit/set-variable.test.js [2m([22m[2m9 tests[22m[2m | [22m[31m1 failed[39m[2m)[22m[32m 24[2mms[22m[39m
[31m     [31m×[31m should set primitive variables[39m[32m 12[2mms[22m[39m
     [32m✓[39m should set Math object as a variable[32m 6[2mms[22m[39m
     [32m✓[39m should set JSON object as a variable[32m 1[2mms[22m[39m
     [32m✓[39m should set Object methods as a variable[32m 1[2mms[22m[39m
     [32m✓[39m should set Array methods as a variable[32m 0[2mms[22m[39m
     [32m✓[39m should set custom objects as variables[32m 1[2mms[22m[39m
     [32m✓[39m should override built-in variables if set[32m 0[2mms[22m[39m
     [32m✓[39m should allow setting functions as variables[32m 0[2mms[22m[39m
     [32m✓[39m should persist across multiple executions[32m 2[2mms[22m[39m
 [32m✓[39m tests/wang-unit/if-else-statements.test.js [2m([22m[2m22 tests[22m[2m)[22m[32m 12[2mms[22m[39m
 [32m✓[39m tests/wang-unit/nodelist-foreach.test.js [2m([22m[2m4 tests[22m[2m)[22m[32m 9[2mms[22m[39m
 [32m✓[39m tests/wang-unit/ternary-operator.test.js [2m([22m[2m15 tests[22m[2m)[22m[32m 10[2mms[22m[39m
 [32m✓[39m tests/wang-unit/browser-compat.test.js [2m([22m[2m10 tests[22m[2m)[22m[32m 9[2mms[22m[39m
 [32m✓[39m tests/wang-unit/binary-operators.test.js [2m([22m[2m16 tests[22m[2m)[22m[32m 15[2mms[22m[39m

[31m⎯⎯⎯⎯⎯⎯[39m[1m[41m Failed Suites 3 [49m[22m[31m⎯⎯⎯⎯⎯⎯⎯[39m

[41m[1m FAIL [22m[49m tests/wang-unit/constructor-detection.test.js[2m [ tests/wang-unit/constructor-detection.test.js ][22m
[31m[1mReferenceError[22m: test is not defined[39m
[36m [2m❯[22m tests/wang-unit/constructor-detection.test.js:[2m20:5[22m[39m
    [90m 18| [39m
    [90m 19| [39m  [34mdescribe[39m([32m'Native JavaScript Constructors'[39m[33m,[39m () [33m=>[39m {
    [90m 20| [39m    test('should work with built-in constructors (Date, Error, Array, …
    [90m   | [39m    [31m^[39m
    [90m 21| [39m      [90m// Test the previously whitelisted constructors[39m
    [90m 22| [39m      interpreter[33m.[39m[34msetVariable[39m([32m'Date'[39m[33m,[39m [33mDate[39m)[33m;[39m

[31m[2m⎯⎯⎯⎯⎯⎯⎯⎯⎯⎯⎯⎯⎯⎯⎯⎯⎯⎯⎯⎯⎯⎯[1/292]⎯[22m[39m

[41m[1m FAIL [22m[49m tests/wang-unit/metadata.test.js[2m [ tests/wang-unit/metadata.test.js ][22m
[31m[1mError[22m: Cannot find module '../../src/metadata/index.js' imported from '/Users/artpar/workspace/code/insidious/wang2/tests/wang-unit/metadata.test.js'[39m
[36m [2m❯[22m tests/wang-unit/metadata.test.js:[2m7:1[22m[39m
    [90m  5| [39m
    [90m  6| [39m[35mimport[39m { describe[33m,[39m it[33m,[39m expect[33m,[39m beforeEach } [35mfrom[39m [32m'vitest'[39m[33m;[39m
    [90m  7| [39mimport { WangMetadata, MetadataCollector } from '../../src/metadata/in…
    [90m   | [39m[31m^[39m
    [90m  8| [39m[35mimport[39m { [33mWangInterpreter[39m } [35mfrom[39m [32m'../../src/interpreter/index.js'[39m[33m;[39m
    [90m  9| [39mimport { InMemoryModuleResolver } from '../../src/interpreter/index.js…

[31m[2m⎯⎯⎯⎯⎯⎯⎯⎯⎯⎯⎯⎯⎯⎯⎯⎯⎯⎯⎯⎯⎯⎯[2/292]⎯[22m[39m

[41m[1m FAIL [22m[49m tests/wang-unit/short-circuit-evaluation.test.js[2m [ tests/wang-unit/short-circuit-evaluation.test.js ][22m
[31m[1mReferenceError[22m: test is not defined[39m
[36m [2m❯[22m tests/wang-unit/short-circuit-evaluation.test.js:[2m38:5[22m[39m
    [90m 36| [39m
    [90m 37| [39m  [34mdescribe[39m([32m'Logical OR (||) operator'[39m[33m,[39m () [33m=>[39m {
    [90m 38| [39m    test('should NOT evaluate right side when left side is truthy', as…
    [90m   | [39m    [31m^[39m
    [90m 39| [39m      [35mconst[39m code [33m=[39m [32m`
    [90m 40| [39m        let result = getTruthy() || shouldNotBeCalled();

[31m[2m⎯⎯⎯⎯⎯⎯⎯⎯⎯⎯⎯⎯⎯⎯⎯⎯⎯⎯⎯⎯⎯⎯[3/292]⎯[22m[39m


[31m⎯⎯⎯⎯⎯⎯[39m[1m[41m Failed Tests 289 [49m[22m[31m⎯⎯⎯⎯⎯⎯[39m

[41m[1m FAIL [22m[49m tests/wang-unit/cli.test.js[2m > [22mCLI Tools[2m > [22mwang-run CLI[2m > [22mshould execute a simple wang file
[31m[1mAssertionError[22m: expected 1 to be +0 // Object.is equality[39m

[32m- Expected[39m
[31m+ Received[39m

[32m- 0[39m
[31m+ 1[39m

[36m [2m❯[22m tests/wang-unit/cli.test.js:[2m70:27[22m[39m
    [90m 68| [39m      const result = await execCommand('node', ['./dist/esm/cli/wang-r…
    [90m 69| [39m      
    [90m 70| [39m      [34mexpect[39m(result[33m.[39mcode)[33m.[39m[34mtoBe[39m([34m0[39m)[33m;[39m
    [90m   | [39m                          [31m^[39m
    [90m 71| [39m      [34mexpect[39m(result[33m.[39mstdout)[33m.[39m[34mtoContain[39m([32m'Hello World'[39m)[33m;[39m
    [90m 72| [39m      [34mexpect[39m(result[33m.[39mstdout)[33m.[39m[34mtoContain[39m([32m'Result: 84'[39m)[33m;[39m

[31m[2m⎯⎯⎯⎯⎯⎯⎯⎯⎯⎯⎯⎯⎯⎯⎯⎯⎯⎯⎯⎯⎯⎯[4/292]⎯[22m[39m

[41m[1m FAIL [22m[49m tests/wang-unit/cli.test.js[2m > [22mCLI Tools[2m > [22mwang-run CLI[2m > [22mshould execute with verbose flag
[31m[1mAssertionError[22m: expected 1 to be +0 // Object.is equality[39m

[32m- Expected[39m
[31m+ Received[39m

[32m- 0[39m
[31m+ 1[39m

[36m [2m❯[22m tests/wang-unit/cli.test.js:[2m78:27[22m[39m
    [90m 76| [39m      const result = await execCommand('node', ['./dist/esm/cli/wang-r…
    [90m 77| [39m      
    [90m 78| [39m      [34mexpect[39m(result[33m.[39mcode)[33m.[39m[34mtoBe[39m([34m0[39m)[33m;[39m
    [90m   | [39m                          [31m^[39m
    [90m 79| [39m      [34mexpect[39m(result[33m.[39mstdout)[33m.[39m[34mtoContain[39m([32m'🚀 Executing Wang code'[39m)[33m;[39m
    [90m 80| [39m      [34mexpect[39m(result[33m.[39mstdout)[33m.[39m[34mtoContain[39m([32m'✅ Execution completed'[39m)[33m;[39m

[31m[2m⎯⎯⎯⎯⎯⎯⎯⎯⎯⎯⎯⎯⎯⎯⎯⎯⎯⎯⎯⎯⎯⎯[5/292]⎯[22m[39m

[41m[1m FAIL [22m[49m tests/wang-unit/cli.test.js[2m > [22mCLI Tools[2m > [22mwang-run CLI[2m > [22mshould execute with quiet flag
[31m[1mAssertionError[22m: expected 1 to be +0 // Object.is equality[39m

[32m- Expected[39m
[31m+ Received[39m

[32m- 0[39m
[31m+ 1[39m

[36m [2m❯[22m tests/wang-unit/cli.test.js:[2m87:27[22m[39m
    [90m 85| [39m      const result = await execCommand('node', ['./dist/esm/cli/wang-r…
    [90m 86| [39m      
    [90m 87| [39m      [34mexpect[39m(result[33m.[39mcode)[33m.[39m[34mtoBe[39m([34m0[39m)[33m;[39m
    [90m   | [39m                          [31m^[39m
    [90m 88| [39m      [34mexpect[39m(result[33m.[39mstdout)[33m.[39m[34mtoContain[39m([32m'Hello World'[39m)[33m;[39m
    [90m 89| [39m      [34mexpect[39m(result[33m.[39mstdout)[33m.[39mnot[33m.[39m[34mtoContain[39m([32m'🚀'[39m)[33m;[39m

[31m[2m⎯⎯⎯⎯⎯⎯⎯⎯⎯⎯⎯⎯⎯⎯⎯⎯⎯⎯⎯⎯⎯⎯[6/292]⎯[22m[39m

[41m[1m FAIL [22m[49m tests/wang-unit/cli.test.js[2m > [22mCLI Tools[2m > [22mwang-run CLI[2m > [22mshould execute from stdin
[31m[1mAssertionError[22m: expected 1 to be +0 // Object.is equality[39m

[32m- Expected[39m
[31m+ Received[39m

[32m- 0[39m
[31m+ 1[39m

[36m [2m❯[22m tests/wang-unit/cli.test.js:[2m96:27[22m[39m
    [90m 94| [39m      const result = await execCommand('node', ['./dist/esm/cli/wang-r…
    [90m 95| [39m      
    [90m 96| [39m      [34mexpect[39m(result[33m.[39mcode)[33m.[39m[34mtoBe[39m([34m0[39m)[33m;[39m
    [90m   | [39m                          [31m^[39m
    [90m 97| [39m      [34mexpect[39m(result[33m.[39mstdout)[33m.[39m[34mtoContain[39m([32m'From stdin'[39m)[33m;[39m
    [90m 98| [39m    })[33m;[39m

[31m[2m⎯⎯⎯⎯⎯⎯⎯⎯⎯⎯⎯⎯⎯⎯⎯⎯⎯⎯⎯⎯⎯⎯[7/292]⎯[22m[39m

[41m[1m FAIL [22m[49m tests/wang-unit/cli.test.js[2m > [22mCLI Tools[2m > [22mwang-run CLI[2m > [22mshould show help message
[31m[1mAssertionError[22m: expected 1 to be +0 // Object.is equality[39m

[32m- Expected[39m
[31m+ Received[39m

[32m- 0[39m
[31m+ 1[39m

[36m [2m❯[22m tests/wang-unit/cli.test.js:[2m103:27[22m[39m
    [90m101| [39m      const result = await execCommand('node', ['./dist/esm/cli/wang-r…
    [90m102| [39m      
    [90m103| [39m      [34mexpect[39m(result[33m.[39mcode)[33m.[39m[34mtoBe[39m([34m0[39m)[33m;[39m
    [90m   | [39m                          [31m^[39m
    [90m104| [39m      [34mexpect[39m(result[33m.[39mstdout)[33m.[39m[34mtoContain[39m([32m'Wang Language Runtime'[39m)[33m;[39m
    [90m105| [39m      [34mexpect[39m(result[33m.[39mstdout)[33m.[39m[34mtoContain[39m([32m'Usage:'[39m)[33m;[39m

[31m[2m⎯⎯⎯⎯⎯⎯⎯⎯⎯⎯⎯⎯⎯⎯⎯⎯⎯⎯⎯⎯⎯⎯[8/292]⎯[22m[39m

[41m[1m FAIL [22m[49m tests/wang-unit/cli.test.js[2m > [22mCLI Tools[2m > [22mwang-run CLI[2m > [22mshould handle execution errors
[31m[1mAssertionError[22m: expected 'node:internal/modules/cjs/loader:1404…' to contain '❌ Execution failed'[39m

[32m- Expected[39m
[31m+ Received[39m

[32m- ❌ Execution failed[39m
[31m+ node:internal/modules/cjs/loader:1404[39m
[31m+   throw err;[39m
[31m+   ^[39m
[31m+[39m
[31m+ Error: Cannot find module '/Users/artpar/workspace/code/insidious/wang2/dist/esm/cli/wang-run.js'[39m
[31m+     at Function._resolveFilename (node:internal/modules/cjs/loader:1401:15)[39m
[31m+     at defaultResolveImpl (node:internal/modules/cjs/loader:1057:19)[39m
[31m+     at resolveForCJSWithHooks (node:internal/modules/cjs/loader:1062:22)[39m
[31m+     at Function._load (node:internal/modules/cjs/loader:1211:37)[39m
[31m+     at TracingChannel.traceSync (node:diagnostics_channel:322:14)[39m
[31m+     at wrapModuleLoad (node:internal/modules/cjs/loader:235:24)[39m
[31m+     at Function.executeUserEntryPoint [as runMain] (node:internal/modules/run_main:171:5)[39m
[31m+     at node:internal/main/run_main_module:36:49 {[39m
[31m+   code: 'MODULE_NOT_FOUND',[39m
[31m+   requireStack: [][39m
[31m+ }[39m
[31m+[39m
[31m+ Node.js v22.17.0[39m

[36m [2m❯[22m tests/wang-unit/cli.test.js:[2m113:29[22m[39m
    [90m111| [39m      
    [90m112| [39m      [34mexpect[39m(result[33m.[39mcode)[33m.[39m[34mtoBe[39m([34m1[39m)[33m;[39m
    [90m113| [39m      [34mexpect[39m(result[33m.[39mstderr)[33m.[39m[34mtoContain[39m([32m'❌ Execution failed'[39m)[33m;[39m
    [90m   | [39m                            [31m^[39m
    [90m114| [39m    })[33m;[39m
    [90m115| [39m

[31m[2m⎯⎯⎯⎯⎯⎯⎯⎯⎯⎯⎯⎯⎯⎯⎯⎯⎯⎯⎯⎯⎯⎯[9/292]⎯[22m[39m

[41m[1m FAIL [22m[49m tests/wang-unit/cli.test.js[2m > [22mCLI Tools[2m > [22mwang-validate CLI[2m > [22mshould validate a correct wang file
[31m[1mAssertionError[22m: expected 1 to be +0 // Object.is equality[39m

[32m- Expected[39m
[31m+ Received[39m

[32m- 0[39m
[31m+ 1[39m

[36m [2m❯[22m tests/wang-unit/cli.test.js:[2m128:27[22m[39m
    [90m126| [39m      const result = await execCommand('node', ['./dist/esm/cli/wang-v…
    [90m127| [39m      
    [90m128| [39m      [34mexpect[39m(result[33m.[39mcode)[33m.[39m[34mtoBe[39m([34m0[39m)[33m;[39m
    [90m   | [39m                          [31m^[39m
    [90m129| [39m      [34mexpect[39m(result[33m.[39mstdout)[33m.[39m[34mtoContain[39m([32m'✅ Valid Wang syntax'[39m)[33m;[39m
    [90m130| [39m    })[33m;[39m

[31m[2m⎯⎯⎯⎯⎯⎯⎯⎯⎯⎯⎯⎯⎯⎯⎯⎯⎯⎯⎯⎯⎯[10/292]⎯[22m[39m

[41m[1m FAIL [22m[49m tests/wang-unit/cli.test.js[2m > [22mCLI Tools[2m > [22mwang-validate CLI[2m > [22mshould validate with AST flag
[31m[1mAssertionError[22m: expected 1 to be +0 // Object.is equality[39m

[32m- Expected[39m
[31m+ Received[39m

[32m- 0[39m
[31m+ 1[39m

[36m [2m❯[22m tests/wang-unit/cli.test.js:[2m135:27[22m[39m
    [90m133| [39m      const result = await execCommand('node', ['./dist/esm/cli/wang-v…
    [90m134| [39m      
    [90m135| [39m      [34mexpect[39m(result[33m.[39mcode)[33m.[39m[34mtoBe[39m([34m0[39m)[33m;[39m
    [90m   | [39m                          [31m^[39m
    [90m136| [39m      [34mexpect[39m(result[33m.[39mstdout)[33m.[39m[34mtoContain[39m([32m'✅ Valid Wang syntax'[39m)[33m;[39m
    [90m137| [39m      [34mexpect[39m(result[33m.[39mstdout)[33m.[39m[34mtoContain[39m([32m'AST:'[39m)[33m;[39m

[31m[2m⎯⎯⎯⎯⎯⎯⎯⎯⎯⎯⎯⎯⎯⎯⎯⎯⎯⎯⎯⎯⎯[11/292]⎯[22m[39m

[41m[1m FAIL [22m[49m tests/wang-unit/cli.test.js[2m > [22mCLI Tools[2m > [22mwang-validate CLI[2m > [22mshould validate from stdin
[31m[1mAssertionError[22m: expected 1 to be +0 // Object.is equality[39m

[32m- Expected[39m
[31m+ Received[39m

[32m- 0[39m
[31m+ 1[39m

[36m [2m❯[22m tests/wang-unit/cli.test.js:[2m143:27[22m[39m
    [90m141| [39m      const result = await execCommand('node', ['./dist/esm/cli/wang-v…
    [90m142| [39m      
    [90m143| [39m      [34mexpect[39m(result[33m.[39mcode)[33m.[39m[34mtoBe[39m([34m0[39m)[33m;[39m
    [90m   | [39m                          [31m^[39m
    [90m144| [39m      [34mexpect[39m(result[33m.[39mstdout)[33m.[39m[34mtoContain[39m([32m'✅ Valid Wang syntax'[39m)[33m;[39m
    [90m145| [39m    })[33m;[39m

[31m[2m⎯⎯⎯⎯⎯⎯⎯⎯⎯⎯⎯⎯⎯⎯⎯⎯⎯⎯⎯⎯⎯[12/292]⎯[22m[39m

[41m[1m FAIL [22m[49m tests/wang-unit/cli.test.js[2m > [22mCLI Tools[2m > [22mwang-validate CLI[2m > [22mshould show help message
[31m[1mAssertionError[22m: expected 1 to be +0 // Object.is equality[39m

[32m- Expected[39m
[31m+ Received[39m

[32m- 0[39m
[31m+ 1[39m

[36m [2m❯[22m tests/wang-unit/cli.test.js:[2m150:27[22m[39m
    [90m148| [39m      const result = await execCommand('node', ['./dist/esm/cli/wang-v…
    [90m149| [39m      
    [90m150| [39m      [34mexpect[39m(result[33m.[39mcode)[33m.[39m[34mtoBe[39m([34m0[39m)[33m;[39m
    [90m   | [39m                          [31m^[39m
    [90m151| [39m      [34mexpect[39m(result[33m.[39mstdout)[33m.[39m[34mtoContain[39m([32m'Wang Language Validator'[39m)[33m;[39m
    [90m152| [39m      [34mexpect[39m(result[33m.[39mstdout)[33m.[39m[34mtoContain[39m([32m'Usage:'[39m)[33m;[39m

[31m[2m⎯⎯⎯⎯⎯⎯⎯⎯⎯⎯⎯⎯⎯⎯⎯⎯⎯⎯⎯⎯⎯[13/292]⎯[22m[39m

[41m[1m FAIL [22m[49m tests/wang-unit/cli.test.js[2m > [22mCLI Tools[2m > [22mwang-validate CLI[2m > [22mshould handle invalid syntax
[31m[1mAssertionError[22m: expected 'node:internal/modules/cjs/loader:1404…' to contain '❌ Invalid Wang syntax'[39m

[32m- Expected[39m
[31m+ Received[39m

[32m- ❌ Invalid Wang syntax[39m
[31m+ node:internal/modules/cjs/loader:1404[39m
[31m+   throw err;[39m
[31m+   ^[39m
[31m+[39m
[31m+ Error: Cannot find module '/Users/artpar/workspace/code/insidious/wang2/dist/esm/cli/wang-validate.js'[39m
[31m+     at Function._resolveFilename (node:internal/modules/cjs/loader:1401:15)[39m
[31m+     at defaultResolveImpl (node:internal/modules/cjs/loader:1057:19)[39m
[31m+     at resolveForCJSWithHooks (node:internal/modules/cjs/loader:1062:22)[39m
[31m+     at Function._load (node:internal/modules/cjs/loader:1211:37)[39m
[31m+     at TracingChannel.traceSync (node:diagnostics_channel:322:14)[39m
[31m+     at wrapModuleLoad (node:internal/modules/cjs/loader:235:24)[39m
[31m+     at Function.executeUserEntryPoint [as runMain] (node:internal/modules/run_main:171:5)[39m
[31m+     at node:internal/main/run_main_module:36:49 {[39m
[31m+   code: 'MODULE_NOT_FOUND',[39m
[31m+   requireStack: [][39m
[31m+ }[39m
[31m+[39m
[31m+ Node.js v22.17.0[39m

[36m [2m❯[22m tests/wang-unit/cli.test.js:[2m160:29[22m[39m
    [90m158| [39m      
    [90m159| [39m      [34mexpect[39m(result[33m.[39mcode)[33m.[39m[34mtoBe[39m([34m1[39m)[33m;[39m
    [90m160| [39m      [34mexpect[39m(result[33m.[39mstderr)[33m.[39m[34mtoContain[39m([32m'❌ Invalid Wang syntax'[39m)[33m;[39m
    [90m   | [39m                            [31m^[39m
    [90m161| [39m    })[33m;[39m
    [90m162| [39m  })[33m;[39m

[31m[2m⎯⎯⎯⎯⎯⎯⎯⎯⎯⎯⎯⎯⎯⎯⎯⎯⎯⎯⎯⎯⎯[14/292]⎯[22m[39m

[41m[1m FAIL [22m[49m tests/wang-unit/compound-assignment.test.js[2m > [22mCompound Assignment Operators E2E[2m > [22mCompound assignment with expressions[2m > [22mshould work with function calls on RHS
[31m[1mAssertionError[22m: expected undefined to be 20 // Object.is equality[39m

[32m- Expected:[39m 
20

[31m+ Received:[39m 
undefined

[36m [2m❯[22m tests/wang-unit/compound-assignment.test.js:[2m76:22[22m[39m
    [90m 74| [39m        x
    [90m 75| [39m      `[39m)[33m;[39m
    [90m 76| [39m      [34mexpect[39m(result)[33m.[39m[34mtoBe[39m([34m20[39m)[33m;[39m
    [90m   | [39m                     [31m^[39m
    [90m 77| [39m    })[33m;[39m
    [90m 78| [39m  })[33m;[39m

[31m[2m⎯⎯⎯⎯⎯⎯⎯⎯⎯⎯⎯⎯⎯⎯⎯⎯⎯⎯⎯⎯⎯[15/292]⎯[22m[39m

[41m[1m FAIL [22m[49m tests/wang-unit/compound-assignment.test.js[2m > [22mCompound Assignment Operators E2E[2m > [22mMultiple compound assignments[2m > [22mshould work with different variables
[31m[1mAssertionError[22m: expected NaN to deeply equal [ 30, 15, 10 ][39m

[32m- Expected:[39m 
[
  30,
  15,
  10,
]

[31m+ Received:[39m 
NaN

[36m [2m❯[22m tests/wang-unit/compound-assignment.test.js:[2m103:22[22m[39m
    [90m101| [39m        [a, b, c]
    [90m102| [39m      `[39m)[33m;[39m
    [90m103| [39m      [34mexpect[39m(result)[33m.[39m[34mtoEqual[39m([[34m30[39m[33m,[39m [34m15[39m[33m,[39m [34m10[39m])[33m;[39m
    [90m   | [39m                     [31m^[39m
    [90m104| [39m    })[33m;[39m
    [90m105| [39m  })[33m;[39m

[31m[2m⎯⎯⎯⎯⎯⎯⎯⎯⎯⎯⎯⎯⎯⎯⎯⎯⎯⎯⎯⎯⎯[16/292]⎯[22m[39m

[41m[1m FAIL [22m[49m tests/wang-unit/compound-assignment.test.js[2m > [22mCompound Assignment Operators E2E[2m > [22mScope and const protection[2m > [22mshould throw error when trying to modify const with compound assignment
[31m[1mAssertionError[22m: promise resolved "15" instead of rejecting[39m

[32m- Expected:[39m 
Error {
  "message": "rejected promise",
}

[31m+ Received:[39m 
15

[36m [2m❯[22m tests/wang-unit/compound-assignment.test.js:[2m195:8[22m[39m
    [90m193| [39m          x += 5
    [90m194| [39m        `[39m)[33m,[39m
    [90m195| [39m      )[33m.[39mrejects[33m.[39m[34mtoThrow[39m([36m/Cannot reassign const variable/[39m)[33m;[39m
    [90m   | [39m       [31m^[39m
    [90m196| [39m    })[33m;[39m
    [90m197| [39m

[31m[2m⎯⎯⎯⎯⎯⎯⎯⎯⎯⎯⎯⎯⎯⎯⎯⎯⎯⎯⎯⎯⎯[17/292]⎯[22m[39m

[41m[1m FAIL [22m[49m tests/wang-unit/compound-assignment.test.js[2m > [22mCompound Assignment Operators E2E[2m > [22mScope and const protection[2m > [22mshould throw error for const object properties using compound assignment
[31m[1mAssertionError[22m: promise resolved "10" instead of rejecting[39m

[32m- Expected:[39m 
Error {
  "message": "rejected promise",
}

[31m+ Received:[39m 
10

[36m [2m❯[22m tests/wang-unit/compound-assignment.test.js:[2m205:8[22m[39m
    [90m203| [39m          x *= 2
    [90m204| [39m        `[39m)[33m,[39m
    [90m205| [39m      )[33m.[39mrejects[33m.[39m[34mtoThrow[39m([36m/Cannot reassign const variable/[39m)[33m;[39m
    [90m   | [39m       [31m^[39m
    [90m206| [39m    })[33m;[39m
    [90m207| [39m  })[33m;[39m

[31m[2m⎯⎯⎯⎯⎯⎯⎯⎯⎯⎯⎯⎯⎯⎯⎯⎯⎯⎯⎯⎯⎯[18/292]⎯[22m[39m

[41m[1m FAIL [22m[49m tests/wang-unit/compound-assignment.test.js[2m > [22mCompound Assignment Operators E2E[2m > [22mType coercion and edge cases[2m > [22mshould handle undefined/null gracefully
[31m[1mAssertionError[22m: expected NaN to be 10 // Object.is equality[39m

[32m- Expected[39m
[31m+ Received[39m

[32m- 10[39m
[31m+ NaN[39m

[36m [2m❯[22m tests/wang-unit/compound-assignment.test.js:[2m225:22[22m[39m
    [90m223| [39m        x
    [90m224| [39m      `[39m)[33m;[39m
    [90m225| [39m      [34mexpect[39m(result)[33m.[39m[34mtoBe[39m([34m10[39m)[33m;[39m [90m// undefined coerced to 0[39m
    [90m   | [39m                     [31m^[39m
    [90m226| [39m    })[33m;[39m
    [90m227| [39m

[31m[2m⎯⎯⎯⎯⎯⎯⎯⎯⎯⎯⎯⎯⎯⎯⎯⎯⎯⎯⎯⎯⎯[19/292]⎯[22m[39m

[41m[1m FAIL [22m[49m tests/wang-unit/compound-assignment.test.js[2m > [22mCompound Assignment Operators E2E[2m > [22mFunction scope and closures[2m > [22mshould work within functions
[31m[1mReferenceError[22m: r2 is not defined[39m
[36m [2m❯[22m Environment.get src/runtime/environment.js:[2m24:11[22m[39m
    [90m 22| [39m      [35mreturn[39m [35mthis[39m[33m.[39mparent[33m.[39m[35mget[39m(name)[33m;[39m
    [90m 23| [39m    }
    [90m 24| [39m    [35mthrow[39m [35mnew[39m [33mReferenceError[39m([32m`[39m[36m${[39mname[36m}[39m[32m is not defined`[39m)[33m;[39m
    [90m   | [39m          [31m^[39m
    [90m 25| [39m  }
    [90m 26| [39m
[90m [2m❯[22m Environment.get src/runtime/environment.js:[2m22:26[22m[39m
[90m [2m❯[22m Environment.get src/runtime/environment.js:[2m22:26[22m[39m
[90m [2m❯[22m Interpreter.evaluate src/interpreter/interpreter.js:[2m19:20[22m[39m
[90m [2m❯[22m Interpreter.evaluateSequenceExpression src/interpreter/interpreter.js:[2m574:21[22m[39m
[90m [2m❯[22m Interpreter.evaluate src/interpreter/interpreter.js:[2m65:21[22m[39m
[90m [2m❯[22m Interpreter.evaluateMemberExpression src/interpreter/interpreter.js:[2m459:14[22m[39m
[90m [2m❯[22m Interpreter.evaluate src/interpreter/interpreter.js:[2m43:21[22m[39m
[90m [2m❯[22m Interpreter.evaluateVariableDeclaration src/interpreter/interpreter.js:[2m582:16[22m[39m
[90m [2m❯[22m Interpreter.evaluate src/interpreter/interpreter.js:[2m68:21[22m[39m

[31m[2m⎯⎯⎯⎯⎯⎯⎯⎯⎯⎯⎯⎯⎯⎯⎯⎯⎯⎯⎯⎯⎯[20/292]⎯[22m[39m

[41m[1m FAIL [22m[49m tests/wang-unit/compound-assignment.test.js[2m > [22mCompound Assignment Operators E2E[2m > [22mFunction scope and closures[2m > [22mshould work with async functions
[31m[1mSyntaxError[22m: Parse error at line 9: Unexpected token (9:14)[39m
[36m [2m❯[22m parse src/index.js:[2m17:11[22m[39m
    [90m 15| [39m  } [35mcatch[39m (error) {
    [90m 16| [39m    [90m// Reformat error message for consistency[39m
    [90m 17| [39m    [35mthrow[39m [35mnew[39m [33mSyntaxError[39m(
    [90m   | [39m          [31m^[39m
    [90m 18| [39m      [32m`Parse error at line [39m[36m${[39merror[33m.[39mloc[33m?.[39mline [33m||[39m [32m'?'[39m[36m}[39m[32m: [39m[36m${[39merror[33m.[39mmessage[36m}[39m[32m`[39m
    [90m 19| [39m    )[33m;[39m
[90m [2m❯[22m execute src/index.js:[2m25:15[22m[39m
[90m [2m❯[22m WangInterpreter.execute src/interpreter/index.js:[2m68:23[22m[39m
[90m [2m❯[22m tests/wang-unit/compound-assignment.test.js:[2m302:40[22m[39m

[31m[2m⎯⎯⎯⎯⎯⎯⎯⎯⎯⎯⎯⎯⎯⎯⎯⎯⎯⎯⎯⎯⎯[21/292]⎯[22m[39m

[41m[1m FAIL [22m[49m tests/wang-unit/compound-assignment.test.js[2m > [22mCompound Assignment Operators E2E[2m > [22mReturn values[2m > [22mcompound assignment should return the new value
[31m[1mReferenceError[22m: y is not defined[39m
[36m [2m❯[22m Environment.get src/runtime/environment.js:[2m24:11[22m[39m
    [90m 22| [39m      [35mreturn[39m [35mthis[39m[33m.[39mparent[33m.[39m[35mget[39m(name)[33m;[39m
    [90m 23| [39m    }
    [90m 24| [39m    [35mthrow[39m [35mnew[39m [33mReferenceError[39m([32m`[39m[36m${[39mname[36m}[39m[32m is not defined`[39m)[33m;[39m
    [90m   | [39m          [31m^[39m
    [90m 25| [39m  }
    [90m 26| [39m
[90m [2m❯[22m Interpreter.evaluate src/interpreter/interpreter.js:[2m19:20[22m[39m
[90m [2m❯[22m Interpreter.evaluateSequenceExpression src/interpreter/interpreter.js:[2m574:21[22m[39m
[90m [2m❯[22m Interpreter.evaluate src/interpreter/interpreter.js:[2m65:21[22m[39m
[90m [2m❯[22m Interpreter.evaluateMemberExpression src/interpreter/interpreter.js:[2m459:14[22m[39m
[90m [2m❯[22m Interpreter.evaluate src/interpreter/interpreter.js:[2m43:21[22m[39m
[90m [2m❯[22m Interpreter.evaluateVariableDeclaration src/interpreter/interpreter.js:[2m582:16[22m[39m
[90m [2m❯[22m Interpreter.evaluate src/interpreter/interpreter.js:[2m68:21[22m[39m
[90m [2m❯[22m Interpreter.evaluateProgram src/interpreter/interpreter.js:[2m188:21[22m[39m
[90m [2m❯[22m Interpreter.evaluate src/interpreter/interpreter.js:[2m13:21[22m[39m

[31m[2m⎯⎯⎯⎯⎯⎯⎯⎯⎯⎯⎯⎯⎯⎯⎯⎯⎯⎯⎯⎯⎯[22/292]⎯[22m[39m

[41m[1m FAIL [22m[49m tests/wang-unit/console-capture.test.js[2m > [22mConsole Capture[2m > [22mBasic console capture[2m > [22mshould capture console.log calls with metadata option
[31m[1mReferenceError[22m: log is not defined[39m
[36m [2m❯[22m Environment.get src/runtime/environment.js:[2m24:11[22m[39m
    [90m 22| [39m      [35mreturn[39m [35mthis[39m[33m.[39mparent[33m.[39m[35mget[39m(name)[33m;[39m
    [90m 23| [39m    }
    [90m 24| [39m    [35mthrow[39m [35mnew[39m [33mReferenceError[39m([32m`[39m[36m${[39mname[36m}[39m[32m is not defined`[39m)[33m;[39m
    [90m   | [39m          [31m^[39m
    [90m 25| [39m  }
    [90m 26| [39m
[90m [2m❯[22m Interpreter.evaluate src/interpreter/interpreter.js:[2m19:20[22m[39m
[90m [2m❯[22m Interpreter.evaluateCallExpression src/interpreter/interpreter.js:[2m408:21[22m[39m
[90m [2m❯[22m Interpreter.evaluate src/interpreter/interpreter.js:[2m40:21[22m[39m
[90m [2m❯[22m Interpreter.evaluate src/interpreter/interpreter.js:[2m77:21[22m[39m
[90m [2m❯[22m Interpreter.evaluateProgram src/interpreter/interpreter.js:[2m188:21[22m[39m
[90m [2m❯[22m Interpreter.evaluate src/interpreter/interpreter.js:[2m13:21[22m[39m
[90m [2m❯[22m execute src/index.js:[2m34:30[22m[39m
[90m [2m❯[22m WangInterpreter.execute src/interpreter/index.js:[2m75:23[22m[39m
[90m [2m❯[22m tests/wang-unit/console-capture.test.js:[2m9:54[22m[39m

[31m[2m⎯⎯⎯⎯⎯⎯⎯⎯⎯⎯⎯⎯⎯⎯⎯⎯⎯⎯⎯⎯⎯[23/292]⎯[22m[39m

[41m[1m FAIL [22m[49m tests/wang-unit/console-capture.test.js[2m > [22mConsole Capture[2m > [22mBasic console capture[2m > [22mshould capture console.warn calls
[31m[1mReferenceError[22m: warn is not defined[39m
[36m [2m❯[22m Environment.get src/runtime/environment.js:[2m24:11[22m[39m
    [90m 22| [39m      [35mreturn[39m [35mthis[39m[33m.[39mparent[33m.[39m[35mget[39m(name)[33m;[39m
    [90m 23| [39m    }
    [90m 24| [39m    [35mthrow[39m [35mnew[39m [33mReferenceError[39m([32m`[39m[36m${[39mname[36m}[39m[32m is not defined`[39m)[33m;[39m
    [90m   | [39m          [31m^[39m
    [90m 25| [39m  }
    [90m 26| [39m
[90m [2m❯[22m Interpreter.evaluate src/interpreter/interpreter.js:[2m19:20[22m[39m
[90m [2m❯[22m Interpreter.evaluateCallExpression src/interpreter/interpreter.js:[2m408:21[22m[39m
[90m [2m❯[22m Interpreter.evaluate src/interpreter/interpreter.js:[2m40:21[22m[39m
[90m [2m❯[22m Interpreter.evaluate src/interpreter/interpreter.js:[2m77:21[22m[39m
[90m [2m❯[22m Interpreter.evaluateProgram src/interpreter/interpreter.js:[2m188:21[22m[39m
[90m [2m❯[22m Interpreter.evaluate src/interpreter/interpreter.js:[2m13:21[22m[39m
[90m [2m❯[22m execute src/index.js:[2m34:30[22m[39m
[90m [2m❯[22m WangInterpreter.execute src/interpreter/index.js:[2m75:23[22m[39m
[90m [2m❯[22m tests/wang-unit/console-capture.test.js:[2m25:54[22m[39m

[31m[2m⎯⎯⎯⎯⎯⎯⎯⎯⎯⎯⎯⎯⎯⎯⎯⎯⎯⎯⎯⎯⎯[24/292]⎯[22m[39m

[41m[1m FAIL [22m[49m tests/wang-unit/console-capture.test.js[2m > [22mConsole Capture[2m > [22mBasic console capture[2m > [22mshould capture console.error calls
[31m[1mReferenceError[22m: error is not defined[39m
[36m [2m❯[22m Environment.get src/runtime/environment.js:[2m24:11[22m[39m
    [90m 22| [39m      [35mreturn[39m [35mthis[39m[33m.[39mparent[33m.[39m[35mget[39m(name)[33m;[39m
    [90m 23| [39m    }
    [90m 24| [39m    [35mthrow[39m [35mnew[39m [33mReferenceError[39m([32m`[39m[36m${[39mname[36m}[39m[32m is not defined`[39m)[33m;[39m
    [90m   | [39m          [31m^[39m
    [90m 25| [39m  }
    [90m 26| [39m
[90m [2m❯[22m Interpreter.evaluate src/interpreter/interpreter.js:[2m19:20[22m[39m
[90m [2m❯[22m Interpreter.evaluateCallExpression src/interpreter/interpreter.js:[2m408:21[22m[39m
[90m [2m❯[22m Interpreter.evaluate src/interpreter/interpreter.js:[2m40:21[22m[39m
[90m [2m❯[22m Interpreter.evaluate src/interpreter/interpreter.js:[2m77:21[22m[39m
[90m [2m❯[22m Interpreter.evaluateProgram src/interpreter/interpreter.js:[2m188:21[22m[39m
[90m [2m❯[22m Interpreter.evaluate src/interpreter/interpreter.js:[2m13:21[22m[39m
[90m [2m❯[22m execute src/index.js:[2m34:30[22m[39m
[90m [2m❯[22m WangInterpreter.execute src/interpreter/index.js:[2m75:23[22m[39m
[90m [2m❯[22m tests/wang-unit/console-capture.test.js:[2m41:54[22m[39m

[31m[2m⎯⎯⎯⎯⎯⎯⎯⎯⎯⎯⎯⎯⎯⎯⎯⎯⎯⎯⎯⎯⎯[25/292]⎯[22m[39m

[41m[1m FAIL [22m[49m tests/wang-unit/console-capture.test.js[2m > [22mConsole Capture[2m > [22mBasic console capture[2m > [22mshould capture mixed console calls
[31m[1mReferenceError[22m: log is not defined[39m
[36m [2m❯[22m Environment.get src/runtime/environment.js:[2m24:11[22m[39m
    [90m 22| [39m      [35mreturn[39m [35mthis[39m[33m.[39mparent[33m.[39m[35mget[39m(name)[33m;[39m
    [90m 23| [39m    }
    [90m 24| [39m    [35mthrow[39m [35mnew[39m [33mReferenceError[39m([32m`[39m[36m${[39mname[36m}[39m[32m is not defined`[39m)[33m;[39m
    [90m   | [39m          [31m^[39m
    [90m 25| [39m  }
    [90m 26| [39m
[90m [2m❯[22m Interpreter.evaluate src/interpreter/interpreter.js:[2m19:20[22m[39m
[90m [2m❯[22m Interpreter.evaluateCallExpression src/interpreter/interpreter.js:[2m408:21[22m[39m
[90m [2m❯[22m Interpreter.evaluate src/interpreter/interpreter.js:[2m40:21[22m[39m
[90m [2m❯[22m Interpreter.evaluate src/interpreter/interpreter.js:[2m77:21[22m[39m
[90m [2m❯[22m Interpreter.evaluateProgram src/interpreter/interpreter.js:[2m188:21[22m[39m
[90m [2m❯[22m Interpreter.evaluate src/interpreter/interpreter.js:[2m13:21[22m[39m
[90m [2m❯[22m execute src/index.js:[2m34:30[22m[39m
[90m [2m❯[22m WangInterpreter.execute src/interpreter/index.js:[2m75:23[22m[39m
[90m [2m❯[22m tests/wang-unit/console-capture.test.js:[2m57:54[22m[39m

[31m[2m⎯⎯⎯⎯⎯⎯⎯⎯⎯⎯⎯⎯⎯⎯⎯⎯⎯⎯⎯⎯⎯[26/292]⎯[22m[39m

[41m[1m FAIL [22m[49m tests/wang-unit/console-capture.test.js[2m > [22mConsole Capture[2m > [22mBasic console capture[2m > [22mshould include timestamps in captured logs
[31m[1mReferenceError[22m: log is not defined[39m
[36m [2m❯[22m Environment.get src/runtime/environment.js:[2m24:11[22m[39m
    [90m 22| [39m      [35mreturn[39m [35mthis[39m[33m.[39mparent[33m.[39m[35mget[39m(name)[33m;[39m
    [90m 23| [39m    }
    [90m 24| [39m    [35mthrow[39m [35mnew[39m [33mReferenceError[39m([32m`[39m[36m${[39mname[36m}[39m[32m is not defined`[39m)[33m;[39m
    [90m   | [39m          [31m^[39m
    [90m 25| [39m  }
    [90m 26| [39m
[90m [2m❯[22m Interpreter.evaluate src/interpreter/interpreter.js:[2m19:20[22m[39m
[90m [2m❯[22m Interpreter.evaluateCallExpression src/interpreter/interpreter.js:[2m408:21[22m[39m
[90m [2m❯[22m Interpreter.evaluate src/interpreter/interpreter.js:[2m40:21[22m[39m
[90m [2m❯[22m Interpreter.evaluate src/interpreter/interpreter.js:[2m77:21[22m[39m
[90m [2m❯[22m Interpreter.evaluateProgram src/interpreter/interpreter.js:[2m188:21[22m[39m
[90m [2m❯[22m Interpreter.evaluate src/interpreter/interpreter.js:[2m13:21[22m[39m
[90m [2m❯[22m execute src/index.js:[2m34:30[22m[39m
[90m [2m❯[22m WangInterpreter.execute src/interpreter/index.js:[2m75:23[22m[39m
[90m [2m❯[22m tests/wang-unit/console-capture.test.js:[2m75:46[22m[39m

[31m[2m⎯⎯⎯⎯⎯⎯⎯⎯⎯⎯⎯⎯⎯⎯⎯⎯⎯⎯⎯⎯⎯[27/292]⎯[22m[39m

[41m[1m FAIL [22m[49m tests/wang-unit/console-capture.test.js[2m > [22mConsole Capture[2m > [22mConsole capture in control flow[2m > [22mshould capture logs from loops
[31m[1mReferenceError[22m: log is not defined[39m
[36m [2m❯[22m Environment.get src/runtime/environment.js:[2m24:11[22m[39m
    [90m 22| [39m      [35mreturn[39m [35mthis[39m[33m.[39mparent[33m.[39m[35mget[39m(name)[33m;[39m
    [90m 23| [39m    }
    [90m 24| [39m    [35mthrow[39m [35mnew[39m [33mReferenceError[39m([32m`[39m[36m${[39mname[36m}[39m[32m is not defined`[39m)[33m;[39m
    [90m   | [39m          [31m^[39m
    [90m 25| [39m  }
    [90m 26| [39m
[90m [2m❯[22m Environment.get src/runtime/environment.js:[2m22:26[22m[39m
[90m [2m❯[22m Environment.get src/runtime/environment.js:[2m22:26[22m[39m
[90m [2m❯[22m Interpreter.evaluate src/interpreter/interpreter.js:[2m19:20[22m[39m
[90m [2m❯[22m Interpreter.evaluateCallExpression src/interpreter/interpreter.js:[2m408:21[22m[39m
[90m [2m❯[22m Interpreter.evaluate src/interpreter/interpreter.js:[2m40:21[22m[39m
[90m [2m❯[22m Interpreter.evaluate src/interpreter/interpreter.js:[2m77:21[22m[39m
[90m [2m❯[22m Interpreter.evaluateBlockStatement src/interpreter/interpreter.js:[2m694:21[22m[39m
[90m [2m❯[22m Interpreter.evaluate src/interpreter/interpreter.js:[2m74:21[22m[39m
[90m [2m❯[22m Interpreter.evaluateForStatement src/interpreter/interpreter.js:[2m767:21[22m[39m

[31m[2m⎯⎯⎯⎯⎯⎯⎯⎯⎯⎯⎯⎯⎯⎯⎯⎯⎯⎯⎯⎯⎯[28/292]⎯[22m[39m

[41m[1m FAIL [22m[49m tests/wang-unit/console-capture.test.js[2m > [22mConsole Capture[2m > [22mConsole capture in control flow[2m > [22mshould capture logs from conditionals
[31m[1mReferenceError[22m: log is not defined[39m
[36m [2m❯[22m Environment.get src/runtime/environment.js:[2m24:11[22m[39m
    [90m 22| [39m      [35mreturn[39m [35mthis[39m[33m.[39mparent[33m.[39m[35mget[39m(name)[33m;[39m
    [90m 23| [39m    }
    [90m 24| [39m    [35mthrow[39m [35mnew[39m [33mReferenceError[39m([32m`[39m[36m${[39mname[36m}[39m[32m is not defined`[39m)[33m;[39m
    [90m   | [39m          [31m^[39m
    [90m 25| [39m  }
    [90m 26| [39m
[90m [2m❯[22m Environment.get src/runtime/environment.js:[2m22:26[22m[39m
[90m [2m❯[22m Interpreter.evaluate src/interpreter/interpreter.js:[2m19:20[22m[39m
[90m [2m❯[22m Interpreter.evaluateCallExpression src/interpreter/interpreter.js:[2m408:21[22m[39m
[90m [2m❯[22m Interpreter.evaluate src/interpreter/interpreter.js:[2m40:21[22m[39m
[90m [2m❯[22m Interpreter.evaluate src/interpreter/interpreter.js:[2m77:21[22m[39m
[90m [2m❯[22m Interpreter.evaluateBlockStatement src/interpreter/interpreter.js:[2m694:21[22m[39m
[90m [2m❯[22m Interpreter.evaluate src/interpreter/interpreter.js:[2m74:21[22m[39m
[90m [2m❯[22m Interpreter.evaluateIfStatement src/interpreter/interpreter.js:[2m710:19[22m[39m
[90m [2m❯[22m Interpreter.evaluate src/interpreter/interpreter.js:[2m83:21[22m[39m

[31m[2m⎯⎯⎯⎯⎯⎯⎯⎯⎯⎯⎯⎯⎯⎯⎯⎯⎯⎯⎯⎯⎯[29/292]⎯[22m[39m

[41m[1m FAIL [22m[49m tests/wang-unit/console-capture.test.js[2m > [22mConsole Capture[2m > [22mConsole capture in control flow[2m > [22mshould capture logs from functions
[41m[1m FAIL [22m[49m tests/wang-unit/console-capture.test.js[2m > [22mConsole Capture[2m > [22mReturn value handling[2m > [22mshould capture logs with early return
[31m[1mReferenceError[22m: log is not defined[39m
[36m [2m❯[22m Environment.get src/runtime/environment.js:[2m24:11[22m[39m
    [90m 22| [39m      [35mreturn[39m [35mthis[39m[33m.[39mparent[33m.[39m[35mget[39m(name)[33m;[39m
    [90m 23| [39m    }
    [90m 24| [39m    [35mthrow[39m [35mnew[39m [33mReferenceError[39m([32m`[39m[36m${[39mname[36m}[39m[32m is not defined`[39m)[33m;[39m
    [90m   | [39m          [31m^[39m
    [90m 25| [39m  }
    [90m 26| [39m
[90m [2m❯[22m Environment.get src/runtime/environment.js:[2m22:26[22m[39m
[90m [2m❯[22m Environment.get src/runtime/environment.js:[2m22:26[22m[39m
[90m [2m❯[22m Environment.get src/runtime/environment.js:[2m22:26[22m[39m
[90m [2m❯[22m Environment.get src/runtime/environment.js:[2m22:26[22m[39m
[90m [2m❯[22m Interpreter.evaluate src/interpreter/interpreter.js:[2m19:20[22m[39m
[90m [2m❯[22m Interpreter.evaluateCallExpression src/interpreter/interpreter.js:[2m408:21[22m[39m
[90m [2m❯[22m Interpreter.evaluate src/interpreter/interpreter.js:[2m40:21[22m[39m
[90m [2m❯[22m Interpreter.evaluate src/interpreter/interpreter.js:[2m77:21[22m[39m
[90m [2m❯[22m Interpreter.evaluateBlockStatement src/interpreter/interpreter.js:[2m694:21[22m[39m

[31m[2m⎯⎯⎯⎯⎯⎯⎯⎯⎯⎯⎯⎯⎯⎯⎯⎯⎯⎯⎯⎯⎯[30/292]⎯[22m[39m

[41m[1m FAIL [22m[49m tests/wang-unit/console-capture.test.js[2m > [22mConsole Capture[2m > [22mConsole capture in control flow[2m > [22mshould capture logs from async functions
[31m[1mSyntaxError[22m: Parse error at line 8: Unexpected token (8:14)[39m
[36m [2m❯[22m parse src/index.js:[2m17:11[22m[39m
    [90m 15| [39m  } [35mcatch[39m (error) {
    [90m 16| [39m    [90m// Reformat error message for consistency[39m
    [90m 17| [39m    [35mthrow[39m [35mnew[39m [33mSyntaxError[39m(
    [90m   | [39m          [31m^[39m
    [90m 18| [39m      [32m`Parse error at line [39m[36m${[39merror[33m.[39mloc[33m?.[39mline [33m||[39m [32m'?'[39m[36m}[39m[32m: [39m[36m${[39merror[33m.[39mmessage[36m}[39m[32m`[39m
    [90m 19| [39m    )[33m;[39m
[90m [2m❯[22m execute src/index.js:[2m25:15[22m[39m
[90m [2m❯[22m WangInterpreter.execute src/interpreter/index.js:[2m75:23[22m[39m
[90m [2m❯[22m tests/wang-unit/console-capture.test.js:[2m147:46[22m[39m

[31m[2m⎯⎯⎯⎯⎯⎯⎯⎯⎯⎯⎯⎯⎯⎯⎯⎯⎯⎯⎯⎯⎯[31/292]⎯[22m[39m

[41m[1m FAIL [22m[49m tests/wang-unit/console-capture.test.js[2m > [22mConsole Capture[2m > [22mBackward compatibility[2m > [22mshould return only result without withMetadata option
[31m[1mReferenceError[22m: log is not defined[39m
[36m [2m❯[22m Environment.get src/runtime/environment.js:[2m24:11[22m[39m
    [90m 22| [39m      [35mreturn[39m [35mthis[39m[33m.[39mparent[33m.[39m[35mget[39m(name)[33m;[39m
    [90m 23| [39m    }
    [90m 24| [39m    [35mthrow[39m [35mnew[39m [33mReferenceError[39m([32m`[39m[36m${[39mname[36m}[39m[32m is not defined`[39m)[33m;[39m
    [90m   | [39m          [31m^[39m
    [90m 25| [39m  }
    [90m 26| [39m
[90m [2m❯[22m Interpreter.evaluate src/interpreter/interpreter.js:[2m19:20[22m[39m
[90m [2m❯[22m Interpreter.evaluateCallExpression src/interpreter/interpreter.js:[2m408:21[22m[39m
[90m [2m❯[22m Interpreter.evaluate src/interpreter/interpreter.js:[2m40:21[22m[39m
[90m [2m❯[22m Interpreter.evaluate src/interpreter/interpreter.js:[2m77:21[22m[39m
[90m [2m❯[22m Interpreter.evaluateProgram src/interpreter/interpreter.js:[2m188:21[22m[39m
[90m [2m❯[22m Interpreter.evaluate src/interpreter/interpreter.js:[2m13:21[22m[39m
[90m [2m❯[22m execute src/index.js:[2m34:30[22m[39m
[90m [2m❯[22m WangInterpreter.execute src/interpreter/index.js:[2m75:23[22m[39m
[90m [2m❯[22m tests/wang-unit/console-capture.test.js:[2m167:40[22m[39m

[31m[2m⎯⎯⎯⎯⎯⎯⎯⎯⎯⎯⎯⎯⎯⎯⎯⎯⎯⎯⎯⎯⎯[32/292]⎯[22m[39m

[41m[1m FAIL [22m[49m tests/wang-unit/console-capture.test.js[2m > [22mConsole Capture[2m > [22mBackward compatibility[2m > [22mshould work with existing test patterns
[31m[1mReferenceError[22m: log is not defined[39m
[36m [2m❯[22m Environment.get src/runtime/environment.js:[2m24:11[22m[39m
    [90m 22| [39m      [35mreturn[39m [35mthis[39m[33m.[39mparent[33m.[39m[35mget[39m(name)[33m;[39m
    [90m 23| [39m    }
    [90m 24| [39m    [35mthrow[39m [35mnew[39m [33mReferenceError[39m([32m`[39m[36m${[39mname[36m}[39m[32m is not defined`[39m)[33m;[39m
    [90m   | [39m          [31m^[39m
    [90m 25| [39m  }
    [90m 26| [39m
[90m [2m❯[22m Interpreter.evaluate src/interpreter/interpreter.js:[2m19:20[22m[39m
[90m [2m❯[22m Interpreter.evaluateCallExpression src/interpreter/interpreter.js:[2m408:21[22m[39m
[90m [2m❯[22m Interpreter.evaluate src/interpreter/interpreter.js:[2m40:21[22m[39m
[90m [2m❯[22m Interpreter.evaluate src/interpreter/interpreter.js:[2m77:21[22m[39m
[90m [2m❯[22m Interpreter.evaluateProgram src/interpreter/interpreter.js:[2m188:21[22m[39m
[90m [2m❯[22m Interpreter.evaluate src/interpreter/interpreter.js:[2m13:21[22m[39m
[90m [2m❯[22m execute src/index.js:[2m34:30[22m[39m
[90m [2m❯[22m WangInterpreter.execute src/interpreter/index.js:[2m75:23[22m[39m
[90m [2m❯[22m tests/wang-unit/console-capture.test.js:[2m181:40[22m[39m

[31m[2m⎯⎯⎯⎯⎯⎯⎯⎯⎯⎯⎯⎯⎯⎯⎯⎯⎯⎯⎯⎯⎯[33/292]⎯[22m[39m

[41m[1m FAIL [22m[49m tests/wang-unit/console-capture.test.js[2m > [22mConsole Capture[2m > [22mBackward compatibility[2m > [22mshould handle empty console logs
[31m[1mAssertionError[22m: expected undefined to be 30 // Object.is equality[39m

[32m- Expected:[39m 
30

[31m+ Received:[39m 
undefined

[36m [2m❯[22m tests/wang-unit/console-capture.test.js:[2m199:22[22m[39m
    [90m197| [39m      `[39m[33m,[39m undefined[33m,[39m { withMetadata[33m:[39m [35mtrue[39m })[33m;[39m
    [90m198| [39m      
    [90m199| [39m      [34mexpect[39m(result)[33m.[39m[34mtoBe[39m([34m30[39m)[33m;[39m
    [90m   | [39m                     [31m^[39m
    [90m200| [39m      [34mexpect[39m(metadata[33m.[39mlogs)[33m.[39m[34mtoEqual[39m([])[33m;[39m
    [90m201| [39m    })[33m;[39m

[31m[2m⎯⎯⎯⎯⎯⎯⎯⎯⎯⎯⎯⎯⎯⎯⎯⎯⎯⎯⎯⎯⎯[34/292]⎯[22m[39m

[41m[1m FAIL [22m[49m tests/wang-unit/console-capture.test.js[2m > [22mConsole Capture[2m > [22mComplex scenarios[2m > [22mshould capture logs from function calls
[31m[1mReferenceError[22m: log is not defined[39m
[36m [2m❯[22m Environment.get src/runtime/environment.js:[2m24:11[22m[39m
    [90m 22| [39m      [35mreturn[39m [35mthis[39m[33m.[39mparent[33m.[39m[35mget[39m(name)[33m;[39m
    [90m 23| [39m    }
    [90m 24| [39m    [35mthrow[39m [35mnew[39m [33mReferenceError[39m([32m`[39m[36m${[39mname[36m}[39m[32m is not defined`[39m)[33m;[39m
    [90m   | [39m          [31m^[39m
    [90m 25| [39m  }
    [90m 26| [39m
[90m [2m❯[22m Interpreter.evaluate src/interpreter/interpreter.js:[2m19:20[22m[39m
[90m [2m❯[22m Interpreter.evaluateCallExpression src/interpreter/interpreter.js:[2m408:21[22m[39m
[90m [2m❯[22m Interpreter.evaluate src/interpreter/interpreter.js:[2m40:21[22m[39m
[90m [2m❯[22m Interpreter.evaluate src/interpreter/interpreter.js:[2m77:21[22m[39m
[90m [2m❯[22m Interpreter.evaluateProgram src/interpreter/interpreter.js:[2m188:21[22m[39m
[90m [2m❯[22m Interpreter.evaluate src/interpreter/interpreter.js:[2m13:21[22m[39m
[90m [2m❯[22m execute src/index.js:[2m34:30[22m[39m
[90m [2m❯[22m WangInterpreter.execute src/interpreter/index.js:[2m75:23[22m[39m
[90m [2m❯[22m tests/wang-unit/console-capture.test.js:[2m215:54[22m[39m

[31m[2m⎯⎯⎯⎯⎯⎯⎯⎯⎯⎯⎯⎯⎯⎯⎯⎯⎯⎯⎯⎯⎯[35/292]⎯[22m[39m

[41m[1m FAIL [22m[49m tests/wang-unit/console-capture.test.js[2m > [22mConsole Capture[2m > [22mComplex scenarios[2m > [22mshould capture logs with complex objects
[31m[1mReferenceError[22m: log is not defined[39m
[36m [2m❯[22m Environment.get src/runtime/environment.js:[2m24:11[22m[39m
    [90m 22| [39m      [35mreturn[39m [35mthis[39m[33m.[39mparent[33m.[39m[35mget[39m(name)[33m;[39m
    [90m 23| [39m    }
    [90m 24| [39m    [35mthrow[39m [35mnew[39m [33mReferenceError[39m([32m`[39m[36m${[39mname[36m}[39m[32m is not defined`[39m)[33m;[39m
    [90m   | [39m          [31m^[39m
    [90m 25| [39m  }
    [90m 26| [39m
[90m [2m❯[22m Interpreter.evaluate src/interpreter/interpreter.js:[2m19:20[22m[39m
[90m [2m❯[22m Interpreter.evaluateCallExpression src/interpreter/interpreter.js:[2m408:21[22m[39m
[90m [2m❯[22m Interpreter.evaluate src/interpreter/interpreter.js:[2m40:21[22m[39m
[90m [2m❯[22m Interpreter.evaluate src/interpreter/interpreter.js:[2m77:21[22m[39m
[90m [2m❯[22m Interpreter.evaluateProgram src/interpreter/interpreter.js:[2m188:21[22m[39m
[90m [2m❯[22m Interpreter.evaluate src/interpreter/interpreter.js:[2m13:21[22m[39m
[90m [2m❯[22m execute src/index.js:[2m34:30[22m[39m
[90m [2m❯[22m WangInterpreter.execute src/interpreter/index.js:[2m75:23[22m[39m
[90m [2m❯[22m tests/wang-unit/console-capture.test.js:[2m231:46[22m[39m

[31m[2m⎯⎯⎯⎯⎯⎯⎯⎯⎯⎯⎯⎯⎯⎯⎯⎯⎯⎯⎯⎯⎯[36/292]⎯[22m[39m

[41m[1m FAIL [22m[49m tests/wang-unit/console-capture.test.js[2m > [22mConsole Capture[2m > [22mComplex scenarios[2m > [22mshould clear logs between executions
[31m[1mReferenceError[22m: log is not defined[39m
[36m [2m❯[22m Environment.get src/runtime/environment.js:[2m24:11[22m[39m
    [90m 22| [39m      [35mreturn[39m [35mthis[39m[33m.[39mparent[33m.[39m[35mget[39m(name)[33m;[39m
    [90m 23| [39m    }
    [90m 24| [39m    [35mthrow[39m [35mnew[39m [33mReferenceError[39m([32m`[39m[36m${[39mname[36m}[39m[32m is not defined`[39m)[33m;[39m
    [90m   | [39m          [31m^[39m
    [90m 25| [39m  }
    [90m 26| [39m
[90m [2m❯[22m Interpreter.evaluate src/interpreter/interpreter.js:[2m19:20[22m[39m
[90m [2m❯[22m Interpreter.evaluateCallExpression src/interpreter/interpreter.js:[2m408:21[22m[39m
[90m [2m❯[22m Interpreter.evaluate src/interpreter/interpreter.js:[2m40:21[22m[39m
[90m [2m❯[22m Interpreter.evaluate src/interpreter/interpreter.js:[2m77:21[22m[39m
[90m [2m❯[22m Interpreter.evaluateProgram src/interpreter/interpreter.js:[2m188:21[22m[39m
[90m [2m❯[22m Interpreter.evaluate src/interpreter/interpreter.js:[2m13:21[22m[39m
[90m [2m❯[22m execute src/index.js:[2m34:30[22m[39m
[90m [2m❯[22m WangInterpreter.execute src/interpreter/index.js:[2m75:23[22m[39m
[90m [2m❯[22m tests/wang-unit/console-capture.test.js:[2m249:57[22m[39m

[31m[2m⎯⎯⎯⎯⎯⎯⎯⎯⎯⎯⎯⎯⎯⎯⎯⎯⎯⎯⎯⎯⎯[37/292]⎯[22m[39m

[41m[1m FAIL [22m[49m tests/wang-unit/console-capture.test.js[2m > [22mConsole Capture[2m > [22mComplex scenarios[2m > [22mshould handle errors while preserving captured logs
[31m[1mAssertionError[22m: expected 'log is not defined' to contain 'undefinedVariable'[39m

Expected: [32m"undefinedVariable"[39m
Received: [31m"log is not defined"[39m

[36m [2m❯[22m tests/wang-unit/console-capture.test.js:[2m281:31[22m[39m
    [90m279| [39m        // Error is thrown but logs before error are lost in current i…
    [90m280| [39m        [90m// This is expected behavior - errors throw without metadata[39m
    [90m281| [39m        [34mexpect[39m(error[33m.[39mmessage)[33m.[39m[34mtoContain[39m([32m'undefinedVariable'[39m)[33m;[39m
    [90m   | [39m                              [31m^[39m
    [90m282| [39m      }
    [90m283| [39m    })[33m;[39m

[31m[2m⎯⎯⎯⎯⎯⎯⎯⎯⎯⎯⎯⎯⎯⎯⎯⎯⎯⎯⎯⎯⎯[38/292]⎯[22m[39m

[41m[1m FAIL [22m[49m tests/wang-unit/console-capture.test.js[2m > [22mConsole Capture[2m > [22mReturn value handling[2m > [22mshould handle top-level return with metadata
[31m[1mReferenceError[22m: log is not defined[39m
[36m [2m❯[22m Environment.get src/runtime/environment.js:[2m24:11[22m[39m
    [90m 22| [39m      [35mreturn[39m [35mthis[39m[33m.[39mparent[33m.[39m[35mget[39m(name)[33m;[39m
    [90m 23| [39m    }
    [90m 24| [39m    [35mthrow[39m [35mnew[39m [33mReferenceError[39m([32m`[39m[36m${[39mname[36m}[39m[32m is not defined`[39m)[33m;[39m
    [90m   | [39m          [31m^[39m
    [90m 25| [39m  }
    [90m 26| [39m
[90m [2m❯[22m Environment.get src/runtime/environment.js:[2m22:26[22m[39m
[90m [2m❯[22m Environment.get src/runtime/environment.js:[2m22:26[22m[39m
[90m [2m❯[22m Interpreter.evaluate src/interpreter/interpreter.js:[2m19:20[22m[39m
[90m [2m❯[22m Interpreter.evaluateCallExpression src/interpreter/interpreter.js:[2m408:21[22m[39m
[90m [2m❯[22m Interpreter.evaluate src/interpreter/interpreter.js:[2m40:21[22m[39m
[90m [2m❯[22m Interpreter.evaluate src/interpreter/interpreter.js:[2m77:21[22m[39m
[90m [2m❯[22m Interpreter.evaluateBlockStatement src/interpreter/interpreter.js:[2m694:21[22m[39m
[90m [2m❯[22m Interpreter.evaluate src/interpreter/interpreter.js:[2m74:21[22m[39m
[90m [2m❯[22m Interpreter.callUserFunction src/interpreter/interpreter.js:[2m443:27[22m[39m

[31m[2m⎯⎯⎯⎯⎯⎯⎯⎯⎯⎯⎯⎯⎯⎯⎯⎯⎯⎯⎯⎯⎯[39/292]⎯[22m[39m

[41m[1m FAIL [22m[49m tests/wang-unit/control-flow-integration.test.js[2m > [22mControl Flow Integration - If/Else with Other Constructs[2m > [22mIf/else with function definitions and calls[2m > [22mshould handle if/else with async functions
[31m[1mSyntaxError[22m: Parse error at line 17: Unexpected token (17:14)[39m
[36m [2m❯[22m parse src/index.js:[2m17:11[22m[39m
    [90m 15| [39m  } [35mcatch[39m (error) {
    [90m 16| [39m    [90m// Reformat error message for consistency[39m
    [90m 17| [39m    [35mthrow[39m [35mnew[39m [33mSyntaxError[39m(
    [90m   | [39m          [31m^[39m
    [90m 18| [39m      [32m`Parse error at line [39m[36m${[39merror[33m.[39mloc[33m?.[39mline [33m||[39m [32m'?'[39m[36m}[39m[32m: [39m[36m${[39merror[33m.[39mmessage[36m}[39m[32m`[39m
    [90m 19| [39m    )[33m;[39m
[90m [2m❯[22m execute src/index.js:[2m25:15[22m[39m
[90m [2m❯[22m TestContext.execute tests/test-utils.js:[2m21:35[22m[39m
[90m [2m❯[22m tests/wang-unit/control-flow-integration.test.js:[2m118:32[22m[39m

[31m[2m⎯⎯⎯⎯⎯⎯⎯⎯⎯⎯⎯⎯⎯⎯⎯⎯⎯⎯⎯⎯⎯[40/292]⎯[22m[39m

[41m[1m FAIL [22m[49m tests/wang-unit/control-flow-integration.test.js[2m > [22mControl Flow Integration - If/Else with Other Constructs[2m > [22mIf/else with class definitions and methods[2m > [22mshould handle if/else with class inheritance
[31m[1mAssertionError[22m: expected [ 'I am a generic shape', …(1) ] to deeply equal [ Array(2) ][39m

[32m- Expected[39m
[31m+ Received[39m

[2m  [[22m
[2m    "I am a generic shape",[22m
[32m-   "I am round",[39m
[31m+   "I am a generic shape",[39m
[2m  ][22m

[36m [2m❯[22m tests/wang-unit/control-flow-integration.test.js:[2m201:22[22m[39m
    [90m199| [39m        [shape.describe(), circle.describe()]
    [90m200| [39m      `[39m)[33m;[39m
    [90m201| [39m      [34mexpect[39m(result)[33m.[39m[34mtoEqual[39m([[32m"I am a generic shape"[39m[33m,[39m [32m"I am round"[39m])[33m;[39m
    [90m   | [39m                     [31m^[39m
    [90m202| [39m    })[33m;[39m
    [90m203| [39m  })[33m;[39m

[31m[2m⎯⎯⎯⎯⎯⎯⎯⎯⎯⎯⎯⎯⎯⎯⎯⎯⎯⎯⎯⎯⎯[41/292]⎯[22m[39m

[41m[1m FAIL [22m[49m tests/wang-unit/control-flow-integration.test.js[2m > [22mControl Flow Integration - If/Else with Other Constructs[2m > [22mIf/else with advanced loop constructs[2m > [22mshould handle if/else with for-of loops
[31m[1mError[22m: Variable 'item' already declared[39m
[36m [2m❯[22m Environment.define src/runtime/environment.js:[2m11:13[22m[39m
    [90m  9| [39m  [34mdefine[39m(name[33m,[39m value) {
    [90m 10| [39m    [35mif[39m ([35mthis[39m[33m.[39mvars[33m.[39m[34mhas[39m(name)) {
    [90m 11| [39m      [35mthrow[39m [35mnew[39m [33mError[39m([32m`Variable '[39m[36m${[39mname[36m}[39m[32m' already declared`[39m)[33m;[39m
    [90m   | [39m            [31m^[39m
    [90m 12| [39m    }
    [90m 13| [39m    [35mthis[39m[33m.[39mvars[33m.[39m[35mset[39m(name[33m,[39m value)[33m;[39m
[90m [2m❯[22m Interpreter.evaluateForOfStatement src/interpreter/interpreter.js:[2m829:14[22m[39m
[90m [2m❯[22m Interpreter.evaluate src/interpreter/interpreter.js:[2m98:21[22m[39m
[90m [2m❯[22m Interpreter.evaluateProgram src/interpreter/interpreter.js:[2m188:21[22m[39m
[90m [2m❯[22m Interpreter.evaluate src/interpreter/interpreter.js:[2m13:21[22m[39m
[90m [2m❯[22m execute src/index.js:[2m34:30[22m[39m
[90m [2m❯[22m TestContext.execute tests/test-utils.js:[2m21:35[22m[39m
[90m [2m❯[22m tests/wang-unit/control-flow-integration.test.js:[2m207:32[22m[39m

[31m[2m⎯⎯⎯⎯⎯⎯⎯⎯⎯⎯⎯⎯⎯⎯⎯⎯⎯⎯⎯⎯⎯[42/292]⎯[22m[39m

[41m[1m FAIL [22m[49m tests/wang-unit/control-flow-integration.test.js[2m > [22mControl Flow Integration - If/Else with Other Constructs[2m > [22mIf/else with destructuring and modern syntax[2m > [22mshould handle if/else with array destructuring
[31m[1mReferenceError[22m: a is not defined[39m
[36m [2m❯[22m Environment.get src/runtime/environment.js:[2m24:11[22m[39m
    [90m 22| [39m      [35mreturn[39m [35mthis[39m[33m.[39mparent[33m.[39m[35mget[39m(name)[33m;[39m
    [90m 23| [39m    }
    [90m 24| [39m    [35mthrow[39m [35mnew[39m [33mReferenceError[39m([32m`[39m[36m${[39mname[36m}[39m[32m is not defined`[39m)[33m;[39m
    [90m   | [39m          [31m^[39m
    [90m 25| [39m  }
    [90m 26| [39m
[90m [2m❯[22m Environment.get src/runtime/environment.js:[2m22:26[22m[39m
[90m [2m❯[22m Environment.get src/runtime/environment.js:[2m22:26[22m[39m
[90m [2m❯[22m Interpreter.evaluate src/interpreter/interpreter.js:[2m19:20[22m[39m
[90m [2m❯[22m Interpreter.evaluateBinaryExpression src/interpreter/interpreter.js:[2m197:23[22m[39m
[90m [2m❯[22m Interpreter.evaluate src/interpreter/interpreter.js:[2m22:21[22m[39m
[90m [2m❯[22m Interpreter.evaluateIfStatement src/interpreter/interpreter.js:[2m707:23[22m[39m
[90m [2m❯[22m Interpreter.evaluate src/interpreter/interpreter.js:[2m83:21[22m[39m
[90m [2m❯[22m Interpreter.evaluateBlockStatement src/interpreter/interpreter.js:[2m694:21[22m[39m
[90m [2m❯[22m Interpreter.evaluate src/interpreter/interpreter.js:[2m74:21[22m[39m

[31m[2m⎯⎯⎯⎯⎯⎯⎯⎯⎯⎯⎯⎯⎯⎯⎯⎯⎯⎯⎯⎯⎯[43/292]⎯[22m[39m

[41m[1m FAIL [22m[49m tests/wang-unit/control-flow-integration.test.js[2m > [22mControl Flow Integration - If/Else with Other Constructs[2m > [22mIf/else with destructuring and modern syntax[2m > [22mshould handle if/else with object destructuring
[31m[1mReferenceError[22m: age is not defined[39m
[36m [2m❯[22m Environment.get src/runtime/environment.js:[2m24:11[22m[39m
    [90m 22| [39m      [35mreturn[39m [35mthis[39m[33m.[39mparent[33m.[39m[35mget[39m(name)[33m;[39m
    [90m 23| [39m    }
    [90m 24| [39m    [35mthrow[39m [35mnew[39m [33mReferenceError[39m([32m`[39m[36m${[39mname[36m}[39m[32m is not defined`[39m)[33m;[39m
    [90m   | [39m          [31m^[39m
    [90m 25| [39m  }
    [90m 26| [39m
[90m [2m❯[22m Environment.get src/runtime/environment.js:[2m22:26[22m[39m
[90m [2m❯[22m Environment.get src/runtime/environment.js:[2m22:26[22m[39m
[90m [2m❯[22m Interpreter.evaluate src/interpreter/interpreter.js:[2m19:20[22m[39m
[90m [2m❯[22m Interpreter.evaluateBinaryExpression src/interpreter/interpreter.js:[2m197:23[22m[39m
[90m [2m❯[22m Interpreter.evaluate src/interpreter/interpreter.js:[2m22:21[22m[39m
[90m [2m❯[22m Interpreter.evaluateLogicalExpression src/interpreter/interpreter.js:[2m377:23[22m[39m
[90m [2m❯[22m Interpreter.evaluate src/interpreter/interpreter.js:[2m34:21[22m[39m
[90m [2m❯[22m Interpreter.evaluateIfStatement src/interpreter/interpreter.js:[2m707:23[22m[39m
[90m [2m❯[22m Interpreter.evaluate src/interpreter/interpreter.js:[2m83:21[22m[39m

[31m[2m⎯⎯⎯⎯⎯⎯⎯⎯⎯⎯⎯⎯⎯⎯⎯⎯⎯⎯⎯⎯⎯[44/292]⎯[22m[39m

[41m[1m FAIL [22m[49m tests/wang-unit/control-flow-integration.test.js[2m > [22mControl Flow Integration - If/Else with Other Constructs[2m > [22mIf/else with modules and imports (simulated)[2m > [22mshould handle if/else with module-like patterns
[31m[1mTypeError[22m: ctx.addModule is not a function[39m
[36m [2m❯[22m tests/wang-unit/control-flow-integration.test.js:[2m384:11[22m[39m
    [90m382| [39m  [34mdescribe[39m([32m'If/else with modules and imports (simulated)'[39m[33m,[39m () [33m=>[39m {
    [90m383| [39m    [34mit[39m([32m'should handle if/else with module-like patterns'[39m[33m,[39m [35masync[39m () [33m=>[39m {
    [90m384| [39m      ctx[33m.[39m[34maddModule[39m([32m'utils'[39m[33m,[39m [32m`
    [90m   | [39m          [31m^[39m
    [90m385| [39m        export function isPositive(n) {
    [90m386| [39m          return n > 0;

[31m[2m⎯⎯⎯⎯⎯⎯⎯⎯⎯⎯⎯⎯⎯⎯⎯⎯⎯⎯⎯⎯⎯[45/292]⎯[22m[39m

[41m[1m FAIL [22m[49m tests/wang-unit/edge-cases-errors.test.js[2m > [22mEdge Cases: Error Handling and Propagation[2m > [22mTry-Catch-Finally Edge Cases[2m > [22mshould handle return in try with finally
[31m[1mAssertionError[22m: expected undefined to be 'from try' // Object.is equality[39m

[32m- Expected:[39m 
"from try"

[31m+ Received:[39m 
undefined

[36m [2m❯[22m tests/wang-unit/edge-cases-errors.test.js:[2m105:22[22m[39m
    [90m103| [39m            `[39m[33m;[39m
    [90m104| [39m      [35mconst[39m result [33m=[39m [35mawait[39m interpreter[33m.[39m[34mexecute[39m(code)[33m;[39m
    [90m105| [39m      [34mexpect[39m(result)[33m.[39m[34mtoBe[39m([32m'from try'[39m)[33m;[39m
    [90m   | [39m                     [31m^[39m
    [90m106| [39m    })[33m;[39m
    [90m107| [39m

[31m[2m⎯⎯⎯⎯⎯⎯⎯⎯⎯⎯⎯⎯⎯⎯⎯⎯⎯⎯⎯⎯⎯[46/292]⎯[22m[39m

[41m[1m FAIL [22m[49m tests/wang-unit/edge-cases-errors.test.js[2m > [22mEdge Cases: Error Handling and Propagation[2m > [22mTry-Catch-Finally Edge Cases[2m > [22mshould handle throw in finally
[31m[1mAssertionError[22m: expected undefined to be 'from finally' // Object.is equality[39m

[32m- Expected:[39m 
"from finally"

[31m+ Received:[39m 
undefined

[36m [2m❯[22m tests/wang-unit/edge-cases-errors.test.js:[2m126:22[22m[39m
    [90m124| [39m            `[39m[33m;[39m
    [90m125| [39m      [35mconst[39m result [33m=[39m [35mawait[39m interpreter[33m.[39m[34mexecute[39m(code)[33m;[39m
    [90m126| [39m      [34mexpect[39m(result)[33m.[39m[34mtoBe[39m([32m'from finally'[39m)[33m;[39m
    [90m   | [39m                     [31m^[39m
    [90m127| [39m    })[33m;[39m
    [90m128| [39m

[31m[2m⎯⎯⎯⎯⎯⎯⎯⎯⎯⎯⎯⎯⎯⎯⎯⎯⎯⎯⎯⎯⎯[47/292]⎯[22m[39m

[41m[1m FAIL [22m[49m tests/wang-unit/edge-cases-errors.test.js[2m > [22mEdge Cases: Error Handling and Propagation[2m > [22mError Types and Messages[2m > [22mshould preserve error types
[31m[1mAssertionError[22m: expected 'Cannot read property of null' to contain 'Type mismatch'[39m

Expected: [32m"Type mismatch"[39m
Received: [31m"Cannot read property of null"[39m

[36m [2m❯[22m tests/wang-unit/edge-cases-errors.test.js:[2m178:33[22m[39m
    [90m176| [39m      [35mconst[39m result [33m=[39m [35mawait[39m interpreter[33m.[39m[34mexecute[39m(code)[33m;[39m
    [90m177| [39m      [34mexpect[39m(result[[34m0[39m][33m.[39mtype)[33m.[39m[34mtoBe[39m([32m'null access'[39m)[33m;[39m
    [90m178| [39m      [34mexpect[39m(result[[34m0[39m][33m.[39mmessage)[33m.[39m[34mtoContain[39m([32m'Type mismatch'[39m)[33m;[39m
    [90m   | [39m                                [31m^[39m
    [90m179| [39m      [90m// Other error types depend on implementation[39m
    [90m180| [39m    })[33m;[39m

[31m[2m⎯⎯⎯⎯⎯⎯⎯⎯⎯⎯⎯⎯⎯⎯⎯⎯⎯⎯⎯⎯⎯[48/292]⎯[22m[39m

[41m[1m FAIL [22m[49m tests/wang-unit/edge-cases-errors.test.js[2m > [22mEdge Cases: Error Handling and Propagation[2m > [22mError Types and Messages[2m > [22mshould handle custom error objects
[31m[1mSyntaxError[22m: Parse error at line 15: Unexpected token (15:31)[39m
[36m [2m❯[22m parse src/index.js:[2m17:11[22m[39m
    [90m 15| [39m  } [35mcatch[39m (error) {
    [90m 16| [39m    [90m// Reformat error message for consistency[39m
    [90m 17| [39m    [35mthrow[39m [35mnew[39m [33mSyntaxError[39m(
    [90m   | [39m          [31m^[39m
    [90m 18| [39m      [32m`Parse error at line [39m[36m${[39merror[33m.[39mloc[33m?.[39mline [33m||[39m [32m'?'[39m[36m}[39m[32m: [39m[36m${[39merror[33m.[39mmessage[36m}[39m[32m`[39m
    [90m 19| [39m    )[33m;[39m
[90m [2m❯[22m execute src/index.js:[2m25:15[22m[39m
[90m [2m❯[22m WangInterpreter.execute src/interpreter/index.js:[2m75:23[22m[39m
[90m [2m❯[22m tests/wang-unit/edge-cases-errors.test.js:[2m202:40[22m[39m

[31m[2m⎯⎯⎯⎯⎯⎯⎯⎯⎯⎯⎯⎯⎯⎯⎯⎯⎯⎯⎯⎯⎯[49/292]⎯[22m[39m

[41m[1m FAIL [22m[49m tests/wang-unit/edge-cases-errors.test.js[2m > [22mEdge Cases: Error Handling and Propagation[2m > [22mAsync Error Handling[2m > [22mshould handle errors in async functions
[31m[1mSyntaxError[22m: Parse error at line 9: Unexpected token (9:26)[39m
[36m [2m❯[22m parse src/index.js:[2m17:11[22m[39m
    [90m 15| [39m  } [35mcatch[39m (error) {
    [90m 16| [39m    [90m// Reformat error message for consistency[39m
    [90m 17| [39m    [35mthrow[39m [35mnew[39m [33mSyntaxError[39m(
    [90m   | [39m          [31m^[39m
    [90m 18| [39m      [32m`Parse error at line [39m[36m${[39merror[33m.[39mloc[33m?.[39mline [33m||[39m [32m'?'[39m[36m}[39m[32m: [39m[36m${[39merror[33m.[39mmessage[36m}[39m[32m`[39m
    [90m 19| [39m    )[33m;[39m
[90m [2m❯[22m execute src/index.js:[2m25:15[22m[39m
[90m [2m❯[22m WangInterpreter.execute src/interpreter/index.js:[2m75:23[22m[39m
[90m [2m❯[22m tests/wang-unit/edge-cases-errors.test.js:[2m241:40[22m[39m

[31m[2m⎯⎯⎯⎯⎯⎯⎯⎯⎯⎯⎯⎯⎯⎯⎯⎯⎯⎯⎯⎯⎯[50/292]⎯[22m[39m

[41m[1m FAIL [22m[49m tests/wang-unit/edge-cases-errors.test.js[2m > [22mEdge Cases: Error Handling and Propagation[2m > [22mAsync Error Handling[2m > [22mshould handle promise rejections
[31m[1mSyntaxError[22m: Parse error at line 5: Unexpected token (5:26)[39m
[36m [2m❯[22m parse src/index.js:[2m17:11[22m[39m
    [90m 15| [39m  } [35mcatch[39m (error) {
    [90m 16| [39m    [90m// Reformat error message for consistency[39m
    [90m 17| [39m    [35mthrow[39m [35mnew[39m [33mSyntaxError[39m(
    [90m   | [39m          [31m^[39m
    [90m 18| [39m      [32m`Parse error at line [39m[36m${[39merror[33m.[39mloc[33m?.[39mline [33m||[39m [32m'?'[39m[36m}[39m[32m: [39m[36m${[39merror[33m.[39mmessage[36m}[39m[32m`[39m
    [90m 19| [39m    )[33m;[39m
[90m [2m❯[22m execute src/index.js:[2m25:15[22m[39m
[90m [2m❯[22m WangInterpreter.execute src/interpreter/index.js:[2m75:23[22m[39m
[90m [2m❯[22m tests/wang-unit/edge-cases-errors.test.js:[2m263:40[22m[39m

[31m[2m⎯⎯⎯⎯⎯⎯⎯⎯⎯⎯⎯⎯⎯⎯⎯⎯⎯⎯⎯⎯⎯[51/292]⎯[22m[39m

[41m[1m FAIL [22m[49m tests/wang-unit/edge-cases-errors.test.js[2m > [22mEdge Cases: Error Handling and Propagation[2m > [22mAsync Error Handling[2m > [22mshould handle errors in async arrow functions
[31m[1mSyntaxError[22m: Parse error at line 8: Unexpected token (8:26)[39m
[36m [2m❯[22m parse src/index.js:[2m17:11[22m[39m
    [90m 15| [39m  } [35mcatch[39m (error) {
    [90m 16| [39m    [90m// Reformat error message for consistency[39m
    [90m 17| [39m    [35mthrow[39m [35mnew[39m [33mSyntaxError[39m(
    [90m   | [39m          [31m^[39m
    [90m 18| [39m      [32m`Parse error at line [39m[36m${[39merror[33m.[39mloc[33m?.[39mline [33m||[39m [32m'?'[39m[36m}[39m[32m: [39m[36m${[39merror[33m.[39mmessage[36m}[39m[32m`[39m
    [90m 19| [39m    )[33m;[39m
[90m [2m❯[22m execute src/index.js:[2m25:15[22m[39m
[90m [2m❯[22m WangInterpreter.execute src/interpreter/index.js:[2m75:23[22m[39m
[90m [2m❯[22m tests/wang-unit/edge-cases-errors.test.js:[2m281:40[22m[39m

[31m[2m⎯⎯⎯⎯⎯⎯⎯⎯⎯⎯⎯⎯⎯⎯⎯⎯⎯⎯⎯⎯⎯[52/292]⎯[22m[39m

[41m[1m FAIL [22m[49m tests/wang-unit/edge-cases-errors.test.js[2m > [22mEdge Cases: Error Handling and Propagation[2m > [22mError in Different Contexts[2m > [22mshould handle errors in object property access chains
[31m[1mAssertionError[22m: expected 'Cannot read property of null' to contain 'Type mismatch'[39m

Expected: [32m"Type mismatch"[39m
Received: [31m"Cannot read property of null"[39m

[36m [2m❯[22m tests/wang-unit/edge-cases-errors.test.js:[2m302:22[22m[39m
    [90m300| [39m            `[39m[33m;[39m
    [90m301| [39m      [35mconst[39m result [33m=[39m [35mawait[39m interpreter[33m.[39m[34mexecute[39m(code)[33m;[39m
    [90m302| [39m      [34mexpect[39m(result)[33m.[39m[34mtoContain[39m([32m'Type mismatch'[39m)[33m;[39m
    [90m   | [39m                     [31m^[39m
    [90m303| [39m    })[33m;[39m
    [90m304| [39m

[31m[2m⎯⎯⎯⎯⎯⎯⎯⎯⎯⎯⎯⎯⎯⎯⎯⎯⎯⎯⎯⎯⎯[53/292]⎯[22m[39m

[41m[1m FAIL [22m[49m tests/wang-unit/edge-cases-errors.test.js[2m > [22mEdge Cases: Error Handling and Propagation[2m > [22mError in Different Contexts[2m > [22mshould handle errors in constructors
[31m[1mAssertionError[22m: expected [ 'success', 'should not reach' ] to deeply equal [ 'success', 'Constructor failed' ][39m

[32m- Expected[39m
[31m+ Received[39m

[2m  [[22m
[2m    "success",[22m
[32m-   "Constructor failed",[39m
[31m+   "should not reach",[39m
[2m  ][22m

[36m [2m❯[22m tests/wang-unit/edge-cases-errors.test.js:[2m359:22[22m[39m
    [90m357| [39m            `[39m[33m;[39m
    [90m358| [39m      [35mconst[39m result [33m=[39m [35mawait[39m interpreter[33m.[39m[34mexecute[39m(code)[33m;[39m
    [90m359| [39m      [34mexpect[39m(result)[33m.[39m[34mtoEqual[39m([[32m'success'[39m[33m,[39m [32m'Constructor failed'[39m])[33m;[39m
    [90m   | [39m                     [31m^[39m
    [90m360| [39m    })[33m;[39m
    [90m361| [39m  })[33m;[39m

[31m[2m⎯⎯⎯⎯⎯⎯⎯⎯⎯⎯⎯⎯⎯⎯⎯⎯⎯⎯⎯⎯⎯[54/292]⎯[22m[39m

[41m[1m FAIL [22m[49m tests/wang-unit/edge-cases-errors.test.js[2m > [22mEdge Cases: Error Handling and Propagation[2m > [22mStack Trace and Error Context[2m > [22mshould handle recursive function errors
[31m[1mAssertionError[22m: expected undefined to deeply equal [ 'done', 'negative value' ][39m

[32m- Expected:[39m 
[
  "done",
  "negative value",
]

[31m+ Received:[39m 
undefined

[36m [2m❯[22m tests/wang-unit/edge-cases-errors.test.js:[2m474:22[22m[39m
    [90m472| [39m            `[39m[33m;[39m
    [90m473| [39m      [35mconst[39m result [33m=[39m [35mawait[39m interpreter[33m.[39m[34mexecute[39m(code)[33m;[39m
    [90m474| [39m      [34mexpect[39m(result)[33m.[39m[34mtoEqual[39m([[32m'done'[39m[33m,[39m [32m'negative value'[39m])[33m;[39m
    [90m   | [39m                     [31m^[39m
    [90m475| [39m    })[33m;[39m
    [90m476| [39m  })[33m;[39m

[31m[2m⎯⎯⎯⎯⎯⎯⎯⎯⎯⎯⎯⎯⎯⎯⎯⎯⎯⎯⎯⎯⎯[55/292]⎯[22m[39m

[41m[1m FAIL [22m[49m tests/wang-unit/edge-cases-errors.test.js[2m > [22mEdge Cases: Error Handling and Propagation[2m > [22mEdge Cases with Control Flow[2m > [22mshould handle return in try-catch within function
[31m[1mSyntaxError[22m: Parse error at line 16: Unexpected token (16:24)[39m
[36m [2m❯[22m parse src/index.js:[2m17:11[22m[39m
    [90m 15| [39m  } [35mcatch[39m (error) {
    [90m 16| [39m    [90m// Reformat error message for consistency[39m
    [90m 17| [39m    [35mthrow[39m [35mnew[39m [33mSyntaxError[39m(
    [90m   | [39m          [31m^[39m
    [90m 18| [39m      [32m`Parse error at line [39m[36m${[39merror[33m.[39mloc[33m?.[39mline [33m||[39m [32m'?'[39m[36m}[39m[32m: [39m[36m${[39merror[33m.[39mmessage[36m}[39m[32m`[39m
    [90m 19| [39m    )[33m;[39m
[90m [2m❯[22m execute src/index.js:[2m25:15[22m[39m
[90m [2m❯[22m WangInterpreter.execute src/interpreter/index.js:[2m68:23[22m[39m
[90m [2m❯[22m tests/wang-unit/edge-cases-errors.test.js:[2m521:40[22m[39m

[31m[2m⎯⎯⎯⎯⎯⎯⎯⎯⎯⎯⎯⎯⎯⎯⎯⎯⎯⎯⎯⎯⎯[56/292]⎯[22m[39m

[41m[1m FAIL [22m[49m tests/wang-unit/enhanced-error-messages.test.js[2m > [22mEnhanced Error Messages for Member Expressions[2m > [22mMember Expression Error Details[2m > [22mshould show specific object and method names for array methods
[31m[1mAssertionError[22m: expected 'Expression is not a function' to contain 'calling method \'searchPerform\' on o…'[39m

Expected: [32m"calling method 'searchPerform' on object 'emails'"[39m
Received: [31m"Expression is not a function"[39m

[36m [2m❯[22m tests/wang-unit/enhanced-error-messages.test.js:[2m28:31[22m[39m
    [90m 26| [39m        expect[33m.[39m[34mfail[39m([32m'Should have thrown an error'[39m)[33m;[39m
    [90m 27| [39m      } [35mcatch[39m (error) {
    [90m 28| [39m        expect(error.message).toContain("calling method 'searchPerform…
    [90m   | [39m                              [31m^[39m
    [90m 29| [39m        [34mexpect[39m(error[33m.[39mmessage)[33m.[39m[34mtoContain[39m([32m'Expected: function'[39m)[33m;[39m
    [90m 30| [39m        [34mexpect[39m(error[33m.[39mmessage)[33m.[39m[34mtoContain[39m([32m'Received: undefined'[39m)[33m;[39m

[31m[2m⎯⎯⎯⎯⎯⎯⎯⎯⎯⎯⎯⎯⎯⎯⎯⎯⎯⎯⎯⎯⎯[57/292]⎯[22m[39m

[41m[1m FAIL [22m[49m tests/wang-unit/enhanced-error-messages.test.js[2m > [22mEnhanced Error Messages for Member Expressions[2m > [22mMember Expression Error Details[2m > [22mshould show specific object and method names for object methods
[31m[1mAssertionError[22m: expected 'Expression is not a function' to contain 'calling method \'getName\' on object …'[39m

Expected: [32m"calling method 'getName' on object 'user'"[39m
Received: [31m"Expression is not a function"[39m

[36m [2m❯[22m tests/wang-unit/enhanced-error-messages.test.js:[2m42:31[22m[39m
    [90m 40| [39m        expect[33m.[39m[34mfail[39m([32m'Should have thrown an error'[39m)[33m;[39m
    [90m 41| [39m      } [35mcatch[39m (error) {
    [90m 42| [39m        expect(error.message).toContain("calling method 'getName' on o…
    [90m   | [39m                              [31m^[39m
    [90m 43| [39m      }
    [90m 44| [39m    })[33m;[39m

[31m[2m⎯⎯⎯⎯⎯⎯⎯⎯⎯⎯⎯⎯⎯⎯⎯⎯⎯⎯⎯⎯⎯[58/292]⎯[22m[39m

[41m[1m FAIL [22m[49m tests/wang-unit/enhanced-error-messages.test.js[2m > [22mEnhanced Error Messages for Member Expressions[2m > [22mMember Expression Error Details[2m > [22mshould handle nested member expressions
[31m[1mAssertionError[22m: expected 'Expression is not a function' to contain 'calling method \'nonExistentMethod\' …'[39m

Expected: [32m"calling method 'nonExistentMethod' on object 'data.items'"[39m
Received: [31m"Expression is not a function"[39m

[36m [2m❯[22m tests/wang-unit/enhanced-error-messages.test.js:[2m54:31[22m[39m
    [90m 52| [39m        expect[33m.[39m[34mfail[39m([32m'Should have thrown an error'[39m)[33m;[39m
    [90m 53| [39m      } [35mcatch[39m (error) {
    [90m 54| [39m        expect(error.message).toContain("calling method 'nonExistentMe…
    [90m   | [39m                              [31m^[39m
    [90m 55| [39m      }
    [90m 56| [39m    })[33m;[39m

[31m[2m⎯⎯⎯⎯⎯⎯⎯⎯⎯⎯⎯⎯⎯⎯⎯⎯⎯⎯⎯⎯⎯[59/292]⎯[22m[39m

[41m[1m FAIL [22m[49m tests/wang-unit/enhanced-error-messages.test.js[2m > [22mEnhanced Error Messages for Member Expressions[2m > [22mMember Expression Error Details[2m > [22mshould handle computed member expressions
[31m[1mAssertionError[22m: expected 'Expression is not a function' to contain 'calling method'[39m

Expected: [32m"calling method"[39m
Received: [31m"Expression is not a function"[39m

[36m [2m❯[22m tests/wang-unit/enhanced-error-messages.test.js:[2m67:31[22m[39m
    [90m 65| [39m        expect[33m.[39m[34mfail[39m([32m'Should have thrown an error'[39m)[33m;[39m
    [90m 66| [39m      } [35mcatch[39m (error) {
    [90m 67| [39m        [34mexpect[39m(error[33m.[39mmessage)[33m.[39m[34mtoContain[39m([32m'calling method'[39m)[33m;[39m
    [90m   | [39m                              [31m^[39m
    [90m 68| [39m        [34mexpect[39m(error[33m.[39mmessage)[33m.[39m[34mtoContain[39m([32m'on object'[39m)[33m;[39m
    [90m 69| [39m      }

[31m[2m⎯⎯⎯⎯⎯⎯⎯⎯⎯⎯⎯⎯⎯⎯⎯⎯⎯⎯⎯⎯⎯[60/292]⎯[22m[39m

[41m[1m FAIL [22m[49m tests/wang-unit/enhanced-error-messages.test.js[2m > [22mEnhanced Error Messages for Member Expressions[2m > [22mMember Expression Error Details[2m > [22mshould handle this member expressions
[31m[1mAssertionError[22m: expected 'Expression is not a function' to contain 'calling method \'nonExistent\' on obj…'[39m

Expected: [32m"calling method 'nonExistent' on object 'this'"[39m
Received: [31m"Expression is not a function"[39m

[36m [2m❯[22m tests/wang-unit/enhanced-error-messages.test.js:[2m88:31[22m[39m
    [90m 86| [39m        expect[33m.[39m[34mfail[39m([32m'Should have thrown an error'[39m)[33m;[39m
    [90m 87| [39m      } [35mcatch[39m (error) {
    [90m 88| [39m        expect(error.message).toContain("calling method 'nonExistent' …
    [90m   | [39m                              [31m^[39m
    [90m 89| [39m      }
    [90m 90| [39m    })[33m;[39m

[31m[2m⎯⎯⎯⎯⎯⎯⎯⎯⎯⎯⎯⎯⎯⎯⎯⎯⎯⎯⎯⎯⎯[61/292]⎯[22m[39m

[41m[1m FAIL [22m[49m tests/wang-unit/enhanced-error-messages.test.js[2m > [22mEnhanced Error Messages for Member Expressions[2m > [22mAvailable Methods Listing[2m > [22mshould list available array methods
[31m[1mTypeError[22m: error.getFormattedMessage is not a function[39m
[36m [2m❯[22m tests/wang-unit/enhanced-error-messages.test.js:[2m102:33[22m[39m
    [90m100| [39m        expect[33m.[39m[34mfail[39m([32m'Should have thrown an error'[39m)[33m;[39m
    [90m101| [39m      } [35mcatch[39m (error) {
    [90m102| [39m        [35mconst[39m formatted [33m=[39m error[33m.[39m[34mgetFormattedMessage[39m()[33m;[39m
    [90m   | [39m                                [31m^[39m
    [90m103| [39m        [34mexpect[39m(formatted)[33m.[39m[34mtoContain[39m([32m'Available methods on'[39m)[33m;[39m
    [90m104| [39m        [90m// Check for some common array methods[39m

[31m[2m⎯⎯⎯⎯⎯⎯⎯⎯⎯⎯⎯⎯⎯⎯⎯⎯⎯⎯⎯⎯⎯[62/292]⎯[22m[39m

[41m[1m FAIL [22m[49m tests/wang-unit/enhanced-error-messages.test.js[2m > [22mEnhanced Error Messages for Member Expressions[2m > [22mAvailable Methods Listing[2m > [22mshould list available string methods
[31m[1mTypeError[22m: error.getFormattedMessage is not a function[39m
[36m [2m❯[22m tests/wang-unit/enhanced-error-messages.test.js:[2m117:33[22m[39m
    [90m115| [39m        expect[33m.[39m[34mfail[39m([32m'Should have thrown an error'[39m)[33m;[39m
    [90m116| [39m      } [35mcatch[39m (error) {
    [90m117| [39m        [35mconst[39m formatted [33m=[39m error[33m.[39m[34mgetFormattedMessage[39m()[33m;[39m
    [90m   | [39m                                [31m^[39m
    [90m118| [39m        [34mexpect[39m(formatted)[33m.[39m[34mtoContain[39m([32m'Available methods on'[39m)[33m;[39m
    [90m119| [39m        [90m// Check for some common string methods[39m

[31m[2m⎯⎯⎯⎯⎯⎯⎯⎯⎯⎯⎯⎯⎯⎯⎯⎯⎯⎯⎯⎯⎯[63/292]⎯[22m[39m

[41m[1m FAIL [22m[49m tests/wang-unit/enhanced-error-messages.test.js[2m > [22mEnhanced Error Messages for Member Expressions[2m > [22mAvailable Methods Listing[2m > [22mshould handle objects with custom methods
[31m[1mTypeError[22m: error.getFormattedMessage is not a function[39m
[36m [2m❯[22m tests/wang-unit/enhanced-error-messages.test.js:[2m135:33[22m[39m
    [90m133| [39m        expect[33m.[39m[34mfail[39m([32m'Should have thrown an error'[39m)[33m;[39m
    [90m134| [39m      } [35mcatch[39m (error) {
    [90m135| [39m        [35mconst[39m formatted [33m=[39m error[33m.[39m[34mgetFormattedMessage[39m()[33m;[39m
    [90m   | [39m                                [31m^[39m
    [90m136| [39m        [34mexpect[39m(formatted)[33m.[39m[34mtoContain[39m([32m'Available methods on'[39m)[33m;[39m
    [90m137| [39m        [34mexpect[39m(formatted)[33m.[39m[34mtoContain[39m([32m'anotherMethod'[39m)[33m;[39m

[31m[2m⎯⎯⎯⎯⎯⎯⎯⎯⎯⎯⎯⎯⎯⎯⎯⎯⎯⎯⎯⎯⎯[64/292]⎯[22m[39m

[41m[1m FAIL [22m[49m tests/wang-unit/enhanced-error-messages.test.js[2m > [22mEnhanced Error Messages for Member Expressions[2m > [22mDid You Mean Suggestions[2m > [22mshould suggest similar method names for typos
[31m[1mTypeError[22m: error.getFormattedMessage is not a function[39m
[36m [2m❯[22m tests/wang-unit/enhanced-error-messages.test.js:[2m152:33[22m[39m
    [90m150| [39m        expect[33m.[39m[34mfail[39m([32m'Should have thrown an error'[39m)[33m;[39m
    [90m151| [39m      } [35mcatch[39m (error) {
    [90m152| [39m        [35mconst[39m formatted [33m=[39m error[33m.[39m[34mgetFormattedMessage[39m()[33m;[39m
    [90m   | [39m                                [31m^[39m
    [90m153| [39m        [34mexpect[39m(formatted)[33m.[39m[34mtoContain[39m([32m'Did you mean'[39m)[33m;[39m
    [90m154| [39m        [90m// Should suggest toLowerCase or toUpperCase[39m

[31m[2m⎯⎯⎯⎯⎯⎯⎯⎯⎯⎯⎯⎯⎯⎯⎯⎯⎯⎯⎯⎯⎯[65/292]⎯[22m[39m

[41m[1m FAIL [22m[49m tests/wang-unit/enhanced-error-messages.test.js[2m > [22mEnhanced Error Messages for Member Expressions[2m > [22mDid You Mean Suggestions[2m > [22mshould suggest similar array method names
[31m[1mTypeError[22m: error.getFormattedMessage is not a function[39m
[36m [2m❯[22m tests/wang-unit/enhanced-error-messages.test.js:[2m167:33[22m[39m
    [90m165| [39m        expect[33m.[39m[34mfail[39m([32m'Should have thrown an error'[39m)[33m;[39m
    [90m166| [39m      } [35mcatch[39m (error) {
    [90m167| [39m        [35mconst[39m formatted [33m=[39m error[33m.[39m[34mgetFormattedMessage[39m()[33m;[39m
    [90m   | [39m                                [31m^[39m
    [90m168| [39m        [34mexpect[39m(formatted)[33m.[39m[34mtoContain[39m([32m'Did you mean'[39m)[33m;[39m
    [90m169| [39m        [34mexpect[39m(formatted)[33m.[39m[34mtoContain[39m([32m'push'[39m)[33m;[39m

[31m[2m⎯⎯⎯⎯⎯⎯⎯⎯⎯⎯⎯⎯⎯⎯⎯⎯⎯⎯⎯⎯⎯[66/292]⎯[22m[39m

[41m[1m FAIL [22m[49m tests/wang-unit/enhanced-error-messages.test.js[2m > [22mEnhanced Error Messages for Member Expressions[2m > [22mDid You Mean Suggestions[2m > [22mshould suggest methods with similar prefixes
[31m[1mTypeError[22m: error.getFormattedMessage is not a function[39m
[36m [2m❯[22m tests/wang-unit/enhanced-error-messages.test.js:[2m181:33[22m[39m
    [90m179| [39m        expect[33m.[39m[34mfail[39m([32m'Should have thrown an error'[39m)[33m;[39m
    [90m180| [39m      } [35mcatch[39m (error) {
    [90m181| [39m        [35mconst[39m formatted [33m=[39m error[33m.[39m[34mgetFormattedMessage[39m()[33m;[39m
    [90m   | [39m                                [31m^[39m
    [90m182| [39m        [34mexpect[39m(formatted)[33m.[39m[34mtoContain[39m([32m'Did you mean'[39m)[33m;[39m
    [90m183| [39m        [34mexpect[39m(formatted)[33m.[39m[34mtoContain[39m([32m'filter'[39m)[33m;[39m

[31m[2m⎯⎯⎯⎯⎯⎯⎯⎯⎯⎯⎯⎯⎯⎯⎯⎯⎯⎯⎯⎯⎯[67/292]⎯[22m[39m

[41m[1m FAIL [22m[49m tests/wang-unit/enhanced-error-messages.test.js[2m > [22mEnhanced Error Messages for Member Expressions[2m > [22mError Context Information[2m > [22mshould include variables in scope
[31m[1mTypeError[22m: error.getFormattedMessage is not a function[39m
[36m [2m❯[22m tests/wang-unit/enhanced-error-messages.test.js:[2m199:33[22m[39m
    [90m197| [39m        expect[33m.[39m[34mfail[39m([32m'Should have thrown an error'[39m)[33m;[39m
    [90m198| [39m      } [35mcatch[39m (error) {
    [90m199| [39m        [35mconst[39m formatted [33m=[39m error[33m.[39m[34mgetFormattedMessage[39m()[33m;[39m
    [90m   | [39m                                [31m^[39m
    [90m200| [39m        [34mexpect[39m(formatted)[33m.[39m[34mtoContain[39m([32m'Variables in scope'[39m)[33m;[39m
    [90m201| [39m        [34mexpect[39m(formatted)[33m.[39m[34mtoContain[39m([32m'x:'[39m)[33m;[39m

[31m[2m⎯⎯⎯⎯⎯⎯⎯⎯⎯⎯⎯⎯⎯⎯⎯⎯⎯⎯⎯⎯⎯[68/292]⎯[22m[39m

[41m[1m FAIL [22m[49m tests/wang-unit/enhanced-error-messages.test.js[2m > [22mEnhanced Error Messages for Member Expressions[2m > [22mError Context Information[2m > [22mshould show line and column information when available
[31m[1mAssertionError[22m: expected undefined to be defined[39m
[36m [2m❯[22m tests/wang-unit/enhanced-error-messages.test.js:[2m216:31[22m[39m
    [90m214| [39m      } [35mcatch[39m (error) {
    [90m215| [39m        // Line/column info would be available if the parser provides …
    [90m216| [39m        [34mexpect[39m(error[33m.[39mcontext)[33m.[39m[34mtoBeDefined[39m()[33m;[39m
    [90m   | [39m                              [31m^[39m
    [90m217| [39m      }
    [90m218| [39m    })[33m;[39m

[31m[2m⎯⎯⎯⎯⎯⎯⎯⎯⎯⎯⎯⎯⎯⎯⎯⎯⎯⎯⎯⎯⎯[69/292]⎯[22m[39m

[41m[1m FAIL [22m[49m tests/wang-unit/enhanced-error-messages.test.js[2m > [22mEnhanced Error Messages for Member Expressions[2m > [22mNon-Member Expression Calls[2m > [22mshould use standard error format for regular function calls
[31m[1mAssertionError[22m: expected 'notAFunction is not a function' to contain 'calling \'notAFunction\''[39m

Expected: [32m"[7mcalling 'notAF[27munction[7m'[27m"[39m
Received: [31m"[7mnotAFunction is not a f[27munction"[39m

[36m [2m❯[22m tests/wang-unit/enhanced-error-messages.test.js:[2m230:31[22m[39m
    [90m228| [39m        expect[33m.[39m[34mfail[39m([32m'Should have thrown an error'[39m)[33m;[39m
    [90m229| [39m      } [35mcatch[39m (error) {
    [90m230| [39m        [34mexpect[39m(error[33m.[39mmessage)[33m.[39m[34mtoContain[39m([32m"calling 'notAFunction'"[39m)[33m;[39m
    [90m   | [39m                              [31m^[39m
    [90m231| [39m        [34mexpect[39m(error[33m.[39mmessage)[33m.[39mnot[33m.[39m[34mtoContain[39m([32m'on object'[39m)[33m;[39m
    [90m232| [39m        [34mexpect[39m(error[33m.[39mmessage)[33m.[39m[34mtoContain[39m([32m'Expected: function'[39m)[33m;[39m

[31m[2m⎯⎯⎯⎯⎯⎯⎯⎯⎯⎯⎯⎯⎯⎯⎯⎯⎯⎯⎯⎯⎯[70/292]⎯[22m[39m

[41m[1m FAIL [22m[49m tests/wang-unit/enhanced-error-messages.test.js[2m > [22mEnhanced Error Messages for Member Expressions[2m > [22mSynchronous Call Expression Errors[2m > [22mshould provide enhanced errors in synchronous contexts (arrow functions)
[31m[1mAssertionError[22m: expected 'Expression is not a function' to contain 'calling method \'nonExistent\' on obj…'[39m

Expected: [32m"calling method 'nonExistent' on object 'arr'"[39m
Received: [31m"Expression is not a function"[39m

[36m [2m❯[22m tests/wang-unit/enhanced-error-messages.test.js:[2m262:31[22m[39m
    [90m260| [39m        expect[33m.[39m[34mfail[39m([32m'Should have thrown an error'[39m)[33m;[39m
    [90m261| [39m      } [35mcatch[39m (error) {
    [90m262| [39m        expect(error.message).toContain("calling method 'nonExistent' …
    [90m   | [39m                              [31m^[39m
    [90m263| [39m        [35mconst[39m formatted [33m=[39m error[33m.[39m[34mgetFormattedMessage[39m()[33m;[39m
    [90m264| [39m        [34mexpect[39m(formatted)[33m.[39m[34mtoContain[39m([32m'Available methods on'[39m)[33m;[39m

[31m[2m⎯⎯⎯⎯⎯⎯⎯⎯⎯⎯⎯⎯⎯⎯⎯⎯⎯⎯⎯⎯⎯[71/292]⎯[22m[39m

[41m[1m FAIL [22m[49m tests/wang-unit/for-in-loop.test.js[2m > [22mFor-In Loop Tests[2m > [22mshould handle null or undefined gracefully
[31m[1mAssertionError[22m: promise resolved "[]" instead of rejecting[39m

[32m- Expected:[39m 
Error {
  "message": "rejected promise",
}

[31m+ Received:[39m 
[]

[36m [2m❯[22m tests/wang-unit/for-in-loop.test.js:[2m136:44[22m[39m
    [90m134| [39m      result
    [90m135| [39m    `[39m
    [90m136| [39m    [35mawait[39m [34mexpect[39m(interpreter[33m.[39m[34mexecute[39m(code))[33m.[39mrejects[33m.[39m[34mtoThrow[39m()
    [90m   | [39m                                           [31m^[39m
    [90m137| [39m  })
    [90m138| [39m

[31m[2m⎯⎯⎯⎯⎯⎯⎯⎯⎯⎯⎯⎯⎯⎯⎯⎯⎯⎯⎯⎯⎯[72/292]⎯[22m[39m

[41m[1m FAIL [22m[49m tests/wang-unit/for-in-loop.test.js[2m > [22mFor-In Loop Tests[2m > [22mshould handle for-in with method calls
[31m[1mAssertionError[22m: expected undefined to be 60 // Object.is equality[39m

[32m- Expected:[39m 
60

[31m+ Received:[39m 
undefined

[36m [2m❯[22m tests/wang-unit/for-in-loop.test.js:[2m238:20[22m[39m
    [90m236| [39m    `[39m
    [90m237| [39m    [35mconst[39m result [33m=[39m [35mawait[39m interpreter[33m.[39m[34mexecute[39m(code)
    [90m238| [39m    [34mexpect[39m(result)[33m.[39m[34mtoBe[39m([34m60[39m)
    [90m   | [39m                   [31m^[39m
    [90m239| [39m  })
    [90m240| [39m

[31m[2m⎯⎯⎯⎯⎯⎯⎯⎯⎯⎯⎯⎯⎯⎯⎯⎯⎯⎯⎯⎯⎯[73/292]⎯[22m[39m

[41m[1m FAIL [22m[49m tests/wang-unit/for-in-loop.test.js[2m > [22mFor-In Loop Tests[2m > [22mshould handle for-in with async functions
[31m[1mSyntaxError[22m: Parse error at line 13: Unexpected token (13:12)[39m
[36m [2m❯[22m parse src/index.js:[2m17:11[22m[39m
    [90m 15| [39m  } [35mcatch[39m (error) {
    [90m 16| [39m    [90m// Reformat error message for consistency[39m
    [90m 17| [39m    [35mthrow[39m [35mnew[39m [33mSyntaxError[39m(
    [90m   | [39m          [31m^[39m
    [90m 18| [39m      [32m`Parse error at line [39m[36m${[39merror[33m.[39mloc[33m?.[39mline [33m||[39m [32m'?'[39m[36m}[39m[32m: [39m[36m${[39merror[33m.[39mmessage[36m}[39m[32m`[39m
    [90m 19| [39m    )[33m;[39m
[90m [2m❯[22m execute src/index.js:[2m25:15[22m[39m
[90m [2m❯[22m WangInterpreter.execute src/interpreter/index.js:[2m68:23[22m[39m
[90m [2m❯[22m tests/wang-unit/for-in-loop.test.js:[2m295:38[22m[39m

[31m[2m⎯⎯⎯⎯⎯⎯⎯⎯⎯⎯⎯⎯⎯⎯⎯⎯⎯⎯⎯⎯⎯[74/292]⎯[22m[39m

[41m[1m FAIL [22m[49m tests/wang-unit/increment-decrement.test.js[2m > [22mIncrement/Decrement Operators[2m > [22mError Cases[2m > [22mshould not allow increment on const
[31m[1mAssertionError[22m: promise resolved "5" instead of rejecting[39m

[32m- Expected:[39m 
Error {
  "message": "rejected promise",
}

[31m+ Received:[39m 
5

[36m [2m❯[22m tests/wang-unit/increment-decrement.test.js:[2m185:8[22m[39m
    [90m183| [39m        x++
    [90m184| [39m      `[39m)[33m,[39m
    [90m185| [39m      )[33m.[39mrejects[33m.[39m[34mtoThrow[39m([32m'Cannot reassign const variable'[39m)[33m;[39m
    [90m   | [39m       [31m^[39m
    [90m186| [39m    })[33m;[39m
    [90m187| [39m

[31m[2m⎯⎯⎯⎯⎯⎯⎯⎯⎯⎯⎯⎯⎯⎯⎯⎯⎯⎯⎯⎯⎯[75/292]⎯[22m[39m

[41m[1m FAIL [22m[49m tests/wang-unit/increment-decrement.test.js[2m > [22mIncrement/Decrement Operators[2m > [22mError Cases[2m > [22mshould not allow decrement on const
[31m[1mAssertionError[22m: promise resolved "5" instead of rejecting[39m

[32m- Expected:[39m 
Error {
  "message": "rejected promise",
}

[31m+ Received:[39m 
5

[36m [2m❯[22m tests/wang-unit/increment-decrement.test.js:[2m194:8[22m[39m
    [90m192| [39m        x--
    [90m193| [39m      `[39m)[33m,[39m
    [90m194| [39m      )[33m.[39mrejects[33m.[39m[34mtoThrow[39m([32m'Cannot reassign const variable'[39m)[33m;[39m
    [90m   | [39m       [31m^[39m
    [90m195| [39m    })[33m;[39m
    [90m196| [39m

[31m[2m⎯⎯⎯⎯⎯⎯⎯⎯⎯⎯⎯⎯⎯⎯⎯⎯⎯⎯⎯⎯⎯[76/292]⎯[22m[39m

[41m[1m FAIL [22m[49m tests/wang-unit/increment-decrement.test.js[2m > [22mIncrement/Decrement Operators[2m > [22mError Cases[2m > [22mshould not allow prefix increment on const
[31m[1mAssertionError[22m: promise resolved "6" instead of rejecting[39m

[32m- Expected:[39m 
Error {
  "message": "rejected promise",
}

[31m+ Received:[39m 
6

[36m [2m❯[22m tests/wang-unit/increment-decrement.test.js:[2m203:8[22m[39m
    [90m201| [39m        ++x
    [90m202| [39m      `[39m)[33m,[39m
    [90m203| [39m      )[33m.[39mrejects[33m.[39m[34mtoThrow[39m([32m'Cannot reassign const variable'[39m)[33m;[39m
    [90m   | [39m       [31m^[39m
    [90m204| [39m    })[33m;[39m
    [90m205| [39m  })[33m;[39m

[31m[2m⎯⎯⎯⎯⎯⎯⎯⎯⎯⎯⎯⎯⎯⎯⎯⎯⎯⎯⎯⎯⎯[77/292]⎯[22m[39m

[41m[1m FAIL [22m[49m tests/wang-unit/interpreter.test.js[2m > [22mWang Interpreter[2m > [22mArithmetic Operations[2m > [22mshould handle update expressions
[31m[1mReferenceError[22m: z is not defined[39m
[36m [2m❯[22m Environment.get src/runtime/environment.js:[2m24:11[22m[39m
    [90m 22| [39m      [35mreturn[39m [35mthis[39m[33m.[39mparent[33m.[39m[35mget[39m(name)[33m;[39m
    [90m 23| [39m    }
    [90m 24| [39m    [35mthrow[39m [35mnew[39m [33mReferenceError[39m([32m`[39m[36m${[39mname[36m}[39m[32m is not defined`[39m)[33m;[39m
    [90m   | [39m          [31m^[39m
    [90m 25| [39m  }
    [90m 26| [39m
[90m [2m❯[22m Interpreter.evaluate src/interpreter/interpreter.js:[2m19:20[22m[39m
[90m [2m❯[22m Interpreter.evaluateSequenceExpression src/interpreter/interpreter.js:[2m574:21[22m[39m
[90m [2m❯[22m Interpreter.evaluate src/interpreter/interpreter.js:[2m65:21[22m[39m
[90m [2m❯[22m Interpreter.evaluateMemberExpression src/interpreter/interpreter.js:[2m459:14[22m[39m
[90m [2m❯[22m Interpreter.evaluate src/interpreter/interpreter.js:[2m43:21[22m[39m
[90m [2m❯[22m Interpreter.evaluateVariableDeclaration src/interpreter/interpreter.js:[2m582:16[22m[39m
[90m [2m❯[22m Interpreter.evaluate src/interpreter/interpreter.js:[2m68:21[22m[39m
[90m [2m❯[22m Interpreter.evaluateProgram src/interpreter/interpreter.js:[2m188:21[22m[39m
[90m [2m❯[22m Interpreter.evaluate src/interpreter/interpreter.js:[2m13:21[22m[39m

[31m[2m⎯⎯⎯⎯⎯⎯⎯⎯⎯⎯⎯⎯⎯⎯⎯⎯⎯⎯⎯⎯⎯[78/292]⎯[22m[39m

[41m[1m FAIL [22m[49m tests/wang-unit/interpreter.test.js[2m > [22mWang Interpreter[2m > [22mArrays and Objects[2m > [22mshould handle array methods
[31m[1mReferenceError[22m: map is not defined[39m
[36m [2m❯[22m Environment.get src/runtime/environment.js:[2m24:11[22m[39m
    [90m 22| [39m      [35mreturn[39m [35mthis[39m[33m.[39mparent[33m.[39m[35mget[39m(name)[33m;[39m
    [90m 23| [39m    }
    [90m 24| [39m    [35mthrow[39m [35mnew[39m [33mReferenceError[39m([32m`[39m[36m${[39mname[36m}[39m[32m is not defined`[39m)[33m;[39m
    [90m   | [39m          [31m^[39m
    [90m 25| [39m  }
    [90m 26| [39m
[90m [2m❯[22m Interpreter.evaluate src/interpreter/interpreter.js:[2m19:20[22m[39m
[90m [2m❯[22m Interpreter.evaluateCallExpression src/interpreter/interpreter.js:[2m408:21[22m[39m
[90m [2m❯[22m Interpreter.evaluate src/interpreter/interpreter.js:[2m40:21[22m[39m
[90m [2m❯[22m Interpreter.evaluateVariableDeclaration src/interpreter/interpreter.js:[2m582:16[22m[39m
[90m [2m❯[22m Interpreter.evaluate src/interpreter/interpreter.js:[2m68:21[22m[39m
[90m [2m❯[22m Interpreter.evaluateProgram src/interpreter/interpreter.js:[2m188:21[22m[39m
[90m [2m❯[22m Interpreter.evaluate src/interpreter/interpreter.js:[2m13:21[22m[39m
[90m [2m❯[22m execute src/index.js:[2m34:30[22m[39m
[90m [2m❯[22m TestContext.execute tests/test-utils.js:[2m21:35[22m[39m

[31m[2m⎯⎯⎯⎯⎯⎯⎯⎯⎯⎯⎯⎯⎯⎯⎯⎯⎯⎯⎯⎯⎯[79/292]⎯[22m[39m

[41m[1m FAIL [22m[49m tests/wang-unit/interpreter.test.js[2m > [22mWang Interpreter[2m > [22mControl Flow[2m > [22mshould handle for-of loops
[31m[1mError[22m: Variable 'num' already declared[39m
[36m [2m❯[22m Environment.define src/runtime/environment.js:[2m11:13[22m[39m
    [90m  9| [39m  [34mdefine[39m(name[33m,[39m value) {
    [90m 10| [39m    [35mif[39m ([35mthis[39m[33m.[39mvars[33m.[39m[34mhas[39m(name)) {
    [90m 11| [39m      [35mthrow[39m [35mnew[39m [33mError[39m([32m`Variable '[39m[36m${[39mname[36m}[39m[32m' already declared`[39m)[33m;[39m
    [90m   | [39m            [31m^[39m
    [90m 12| [39m    }
    [90m 13| [39m    [35mthis[39m[33m.[39mvars[33m.[39m[35mset[39m(name[33m,[39m value)[33m;[39m
[90m [2m❯[22m Interpreter.evaluateForOfStatement src/interpreter/interpreter.js:[2m829:14[22m[39m
[90m [2m❯[22m Interpreter.evaluate src/interpreter/interpreter.js:[2m98:21[22m[39m
[90m [2m❯[22m Interpreter.evaluateProgram src/interpreter/interpreter.js:[2m188:21[22m[39m
[90m [2m❯[22m Interpreter.evaluate src/interpreter/interpreter.js:[2m13:21[22m[39m
[90m [2m❯[22m execute src/index.js:[2m34:30[22m[39m
[90m [2m❯[22m TestContext.execute tests/test-utils.js:[2m21:35[22m[39m
[90m [2m❯[22m tests/wang-unit/interpreter.test.js:[2m216:32[22m[39m

[31m[2m⎯⎯⎯⎯⎯⎯⎯⎯⎯⎯⎯⎯⎯⎯⎯⎯⎯⎯⎯⎯⎯[80/292]⎯[22m[39m

[41m[1m FAIL [22m[49m tests/wang-unit/interpreter.test.js[2m > [22mWang Interpreter[2m > [22mError Handling[2m > [22mshould throw error for undefined variables
[31m[1mAssertionError[22m: expected [Function] to throw error including 'Variable "undefinedVar" is not defined' but got 'undefinedVar is not defined'[39m

Expected: [32m"[7mVariable "[27mundefinedVar[7m"[27m is not defined"[39m
Received: [31m"undefinedVar is not defined"[39m

[31m[2m⎯⎯⎯⎯⎯⎯⎯⎯⎯⎯⎯⎯⎯⎯⎯⎯⎯⎯⎯⎯⎯[81/292]⎯[22m[39m

[41m[1m FAIL [22m[49m tests/wang-unit/interpreter.test.js[2m > [22mWang Interpreter[2m > [22mModules[2m > [22mshould handle import/export
[31m[1mTypeError[22m: ctx.addModule is not a function[39m
[36m [2m❯[22m tests/wang-unit/interpreter.test.js:[2m297:11[22m[39m
    [90m295| [39m    [34mit[39m([32m'should handle import/export'[39m[33m,[39m [35masync[39m () [33m=>[39m {
    [90m296| [39m      [35mconst[39m ctx [33m=[39m [35mnew[39m [33mTestContext[39m()[33m;[39m
    [90m297| [39m      ctx[33m.[39m[34maddModule[39m(
    [90m   | [39m          [31m^[39m
    [90m298| [39m        [32m'math'[39m[33m,[39m
    [90m299| [39m        [32m`

[31m[2m⎯⎯⎯⎯⎯⎯⎯⎯⎯⎯⎯⎯⎯⎯⎯⎯⎯⎯⎯⎯⎯[82/292]⎯[22m[39m

[41m[1m FAIL [22m[49m tests/wang-unit/interpreter.test.js[2m > [22mWang Interpreter[2m > [22mAbortSignal[2m > [22mshould abort execution when signal is triggered
[31m[1mAssertionError[22m: promise resolved "undefined" instead of rejecting[39m

[32m- Expected:[39m 
Error {
  "message": "rejected promise",
}

[31m+ Received:[39m 
undefined

[36m [2m❯[22m tests/wang-unit/interpreter.test.js:[2m323:45[22m[39m
    [90m321| [39m      abortController[33m.[39m[34mabort[39m()[33m;[39m
    [90m322| [39m
    [90m323| [39m      await expect(ctx.execute('let x = 1')).rejects.toThrow('The oper…
    [90m   | [39m                                            [31m^[39m
    [90m324| [39m    })[33m;[39m
    [90m325| [39m

[31m[2m⎯⎯⎯⎯⎯⎯⎯⎯⎯⎯⎯⎯⎯⎯⎯⎯⎯⎯⎯⎯⎯[83/292]⎯[22m[39m

[41m[1m FAIL [22m[49m tests/wang-unit/interpreter.test.js[2m > [22mWang Interpreter[2m > [22mAbortSignal[2m > [22mshould abort in for loop
[41m[1m FAIL [22m[49m tests/wang-unit/interpreter.test.js[2m > [22mWang Interpreter[2m > [22mAbortSignal[2m > [22mshould abort in while loop
[41m[1m FAIL [22m[49m tests/wang-unit/interpreter.test.js[2m > [22mWang Interpreter[2m > [22mAbortSignal[2m > [22mshould abort in do-while loop
[41m[1m FAIL [22m[49m tests/wang-unit/interpreter.test.js[2m > [22mWang Interpreter[2m > [22mAbortSignal[2m > [22mshould abort in for-of loop
[41m[1m FAIL [22m[49m tests/wang-unit/interpreter.test.js[2m > [22mWang Interpreter[2m > [22mAbortSignal[2m > [22mshould abort in for-in loop
[41m[1m FAIL [22m[49m tests/wang-unit/interpreter.test.js[2m > [22mWang Interpreter[2m > [22mAbortSignal[2m > [22mshould abort in forEach callback
[31m[1mAssertionError[22m: expected [Function] to throw error including 'The operation was aborted' but got 'count is not defined'[39m

Expected: [32m"[7mThe operation was abort[27med"[39m
Received: [31m"[7mcount is not defin[27med"[39m

[31m[2m⎯⎯⎯⎯⎯⎯⎯⎯⎯⎯⎯⎯⎯⎯⎯⎯⎯⎯⎯⎯⎯[84/292]⎯[22m[39m

[41m[1m FAIL [22m[49m tests/wang-unit/interpreter.test.js[2m > [22mWang Interpreter[2m > [22mAbortSignal[2m > [22mshould abort during function calls
[31m[1mAssertionError[22m: expected [Function] to throw error including 'The operation was aborted' but got 'increment is not defined'[39m

Expected: [32m"[7mThe operation was abort[27med"[39m
Received: [31m"[7mincrement is not defin[27med"[39m

[31m[2m⎯⎯⎯⎯⎯⎯⎯⎯⎯⎯⎯⎯⎯⎯⎯⎯⎯⎯⎯⎯⎯[85/292]⎯[22m[39m

[41m[1m FAIL [22m[49m tests/wang-unit/interpreter.test.js[2m > [22mWang Interpreter[2m > [22mAbortSignal[2m > [22mshould abort during async operations
[31m[1mAssertionError[22m: expected [Function] to throw error including 'The operation was aborted' but got 'Parse error at line 7: Unexpected tok…'[39m

Expected: [32m"The operation was aborted"[39m
Received: [31m"Parse error at line 7: Unexpected token (7:16)"[39m

[31m[2m⎯⎯⎯⎯⎯⎯⎯⎯⎯⎯⎯⎯⎯⎯⎯⎯⎯⎯⎯⎯⎯[86/292]⎯[22m[39m

[41m[1m FAIL [22m[49m tests/wang-unit/interpreter.test.js[2m > [22mWang Interpreter[2m > [22mAbortSignal[2m > [22mshould handle already aborted signal
[31m[1mAssertionError[22m: promise resolved "undefined" instead of rejecting[39m

[32m- Expected:[39m 
Error {
  "message": "rejected promise",
}

[31m+ Received:[39m 
undefined

[36m [2m❯[22m tests/wang-unit/interpreter.test.js:[2m527:45[22m[39m
    [90m525| [39m      const ctx = new TestContext({ abortSignal: abortController.signa…
    [90m526| [39m
    [90m527| [39m      await expect(ctx.execute('let x = 1')).rejects.toThrow('The oper…
    [90m   | [39m                                            [31m^[39m
    [90m528| [39m    })[33m;[39m
    [90m529| [39m

[31m[2m⎯⎯⎯⎯⎯⎯⎯⎯⎯⎯⎯⎯⎯⎯⎯⎯⎯⎯⎯⎯⎯[87/292]⎯[22m[39m

[41m[1m FAIL [22m[49m tests/wang-unit/interpreter.test.js[2m > [22mWang Interpreter[2m > [22mAbortSignal[2m > [22mshould work with try-catch blocks
[31m[1mAssertionError[22m: promise resolved "undefined" instead of rejecting[39m

[32m- Expected:[39m 
Error {
  "message": "rejected promise",
}

[31m+ Received:[39m 
undefined

[36m [2m❯[22m tests/wang-unit/interpreter.test.js:[2m555:8[22m[39m
    [90m553| [39m          }
    [90m554| [39m        `[39m)[33m,[39m
    [90m555| [39m      )[33m.[39mrejects[33m.[39m[34mtoThrow[39m([32m'The operation was aborted'[39m)[33m;[39m
    [90m   | [39m       [31m^[39m
    [90m556| [39m
    [90m557| [39m      [34mexpect[39m(beforeAbort)[33m.[39m[34mtoBe[39m([35mtrue[39m)[33m;[39m

[31m[2m⎯⎯⎯⎯⎯⎯⎯⎯⎯⎯⎯⎯⎯⎯⎯⎯⎯⎯⎯⎯⎯[88/292]⎯[22m[39m

[41m[1m FAIL [22m[49m tests/wang-unit/member-increment-decrement.test.js[2m > [22mMember Expression Increment/Decrement[2m > [22mObject properties[2m > [22mshould handle prefix increment on object property
[31m[1mSyntaxError[22m: Parse error at line 4: Unexpected token (4:22)[39m
[36m [2m❯[22m parse src/index.js:[2m17:11[22m[39m
    [90m 15| [39m  } [35mcatch[39m (error) {
    [90m 16| [39m    [90m// Reformat error message for consistency[39m
    [90m 17| [39m    [35mthrow[39m [35mnew[39m [33mSyntaxError[39m(
    [90m   | [39m          [31m^[39m
    [90m 18| [39m      [32m`Parse error at line [39m[36m${[39merror[33m.[39mloc[33m?.[39mline [33m||[39m [32m'?'[39m[36m}[39m[32m: [39m[36m${[39merror[33m.[39mmessage[36m}[39m[32m`[39m
    [90m 19| [39m    )[33m;[39m
[90m [2m❯[22m execute src/index.js:[2m25:15[22m[39m
[90m [2m❯[22m TestContext.execute tests/test-utils.js:[2m21:35[22m[39m
[90m [2m❯[22m tests/wang-unit/member-increment-decrement.test.js:[2m19:32[22m[39m

[31m[2m⎯⎯⎯⎯⎯⎯⎯⎯⎯⎯⎯⎯⎯⎯⎯⎯⎯⎯⎯⎯⎯[89/292]⎯[22m[39m

[41m[1m FAIL [22m[49m tests/wang-unit/member-increment-decrement.test.js[2m > [22mMember Expression Increment/Decrement[2m > [22mObject properties[2m > [22mshould handle prefix decrement on object property
[31m[1mSyntaxError[22m: Parse error at line 4: Unexpected token (4:23)[39m
[36m [2m❯[22m parse src/index.js:[2m17:11[22m[39m
    [90m 15| [39m  } [35mcatch[39m (error) {
    [90m 16| [39m    [90m// Reformat error message for consistency[39m
    [90m 17| [39m    [35mthrow[39m [35mnew[39m [33mSyntaxError[39m(
    [90m   | [39m          [31m^[39m
    [90m 18| [39m      [32m`Parse error at line [39m[36m${[39merror[33m.[39mloc[33m?.[39mline [33m||[39m [32m'?'[39m[36m}[39m[32m: [39m[36m${[39merror[33m.[39mmessage[36m}[39m[32m`[39m
    [90m 19| [39m    )[33m;[39m
[90m [2m❯[22m execute src/index.js:[2m25:15[22m[39m
[90m [2m❯[22m TestContext.execute tests/test-utils.js:[2m21:35[22m[39m
[90m [2m❯[22m tests/wang-unit/member-increment-decrement.test.js:[2m38:32[22m[39m

[31m[2m⎯⎯⎯⎯⎯⎯⎯⎯⎯⎯⎯⎯⎯⎯⎯⎯⎯⎯⎯⎯⎯[90/292]⎯[22m[39m

[41m[1m FAIL [22m[49m tests/wang-unit/member-increment-decrement.test.js[2m > [22mMember Expression Increment/Decrement[2m > [22mArray elements[2m > [22mshould handle increment on array element
[31m[1mSyntaxError[22m: Parse error at line 5: Unexpected token (5:30)[39m
[36m [2m❯[22m parse src/index.js:[2m17:11[22m[39m
    [90m 15| [39m  } [35mcatch[39m (error) {
    [90m 16| [39m    [90m// Reformat error message for consistency[39m
    [90m 17| [39m    [35mthrow[39m [35mnew[39m [33mSyntaxError[39m(
    [90m   | [39m          [31m^[39m
    [90m 18| [39m      [32m`Parse error at line [39m[36m${[39merror[33m.[39mloc[33m?.[39mline [33m||[39m [32m'?'[39m[36m}[39m[32m: [39m[36m${[39merror[33m.[39mmessage[36m}[39m[32m`[39m
    [90m 19| [39m    )[33m;[39m
[90m [2m❯[22m execute src/index.js:[2m25:15[22m[39m
[90m [2m❯[22m TestContext.execute tests/test-utils.js:[2m21:35[22m[39m
[90m [2m❯[22m tests/wang-unit/member-increment-decrement.test.js:[2m49:32[22m[39m

[31m[2m⎯⎯⎯⎯⎯⎯⎯⎯⎯⎯⎯⎯⎯⎯⎯⎯⎯⎯⎯⎯⎯[91/292]⎯[22m[39m

[41m[1m FAIL [22m[49m tests/wang-unit/member-increment-decrement.test.js[2m > [22mMember Expression Increment/Decrement[2m > [22mArray elements[2m > [22mshould handle decrement on array element with computed index
[31m[1mSyntaxError[22m: Parse error at line 5: Unexpected token (5:22)[39m
[36m [2m❯[22m parse src/index.js:[2m17:11[22m[39m
    [90m 15| [39m  } [35mcatch[39m (error) {
    [90m 16| [39m    [90m// Reformat error message for consistency[39m
    [90m 17| [39m    [35mthrow[39m [35mnew[39m [33mSyntaxError[39m(
    [90m   | [39m          [31m^[39m
    [90m 18| [39m      [32m`Parse error at line [39m[36m${[39merror[33m.[39mloc[33m?.[39mline [33m||[39m [32m'?'[39m[36m}[39m[32m: [39m[36m${[39merror[33m.[39mmessage[36m}[39m[32m`[39m
    [90m 19| [39m    )[33m;[39m
[90m [2m❯[22m execute src/index.js:[2m25:15[22m[39m
[90m [2m❯[22m TestContext.execute tests/test-utils.js:[2m21:35[22m[39m
[90m [2m❯[22m tests/wang-unit/member-increment-decrement.test.js:[2m59:32[22m[39m

[31m[2m⎯⎯⎯⎯⎯⎯⎯⎯⎯⎯⎯⎯⎯⎯⎯⎯⎯⎯⎯⎯⎯[92/292]⎯[22m[39m

[41m[1m FAIL [22m[49m tests/wang-unit/member-increment-decrement.test.js[2m > [22mMember Expression Increment/Decrement[2m > [22mNested properties[2m > [22mshould handle mixed array and object nesting
[31m[1mSyntaxError[22m: Parse error at line 12: Unexpected token (12:13)[39m
[36m [2m❯[22m parse src/index.js:[2m17:11[22m[39m
    [90m 15| [39m  } [35mcatch[39m (error) {
    [90m 16| [39m    [90m// Reformat error message for consistency[39m
    [90m 17| [39m    [35mthrow[39m [35mnew[39m [33mSyntaxError[39m(
    [90m   | [39m          [31m^[39m
    [90m 18| [39m      [32m`Parse error at line [39m[36m${[39merror[33m.[39mloc[33m?.[39mline [33m||[39m [32m'?'[39m[36m}[39m[32m: [39m[36m${[39merror[33m.[39mmessage[36m}[39m[32m`[39m
    [90m 19| [39m    )[33m;[39m
[90m [2m❯[22m execute src/index.js:[2m25:15[22m[39m
[90m [2m❯[22m TestContext.execute tests/test-utils.js:[2m21:35[22m[39m
[90m [2m❯[22m tests/wang-unit/member-increment-decrement.test.js:[2m88:32[22m[39m

[31m[2m⎯⎯⎯⎯⎯⎯⎯⎯⎯⎯⎯⎯⎯⎯⎯⎯⎯⎯⎯⎯⎯[93/292]⎯[22m[39m

[41m[1m FAIL [22m[49m tests/wang-unit/member-increment-decrement.test.js[2m > [22mMember Expression Increment/Decrement[2m > [22mEdge cases[2m > [22mshould handle increment on null-ish values
[31m[1mSyntaxError[22m: Parse error at line 5: Unexpected token (5:21)[39m
[36m [2m❯[22m parse src/index.js:[2m17:11[22m[39m
    [90m 15| [39m  } [35mcatch[39m (error) {
    [90m 16| [39m    [90m// Reformat error message for consistency[39m
    [90m 17| [39m    [35mthrow[39m [35mnew[39m [33mSyntaxError[39m(
    [90m   | [39m          [31m^[39m
    [90m 18| [39m      [32m`Parse error at line [39m[36m${[39merror[33m.[39mloc[33m?.[39mline [33m||[39m [32m'?'[39m[36m}[39m[32m: [39m[36m${[39merror[33m.[39mmessage[36m}[39m[32m`[39m
    [90m 19| [39m    )[33m;[39m
[90m [2m❯[22m execute src/index.js:[2m25:15[22m[39m
[90m [2m❯[22m TestContext.execute tests/test-utils.js:[2m21:35[22m[39m
[90m [2m❯[22m tests/wang-unit/member-increment-decrement.test.js:[2m181:32[22m[39m

[31m[2m⎯⎯⎯⎯⎯⎯⎯⎯⎯⎯⎯⎯⎯⎯⎯⎯⎯⎯⎯⎯⎯[94/292]⎯[22m[39m

[41m[1m FAIL [22m[49m tests/wang-unit/member-increment-decrement.test.js[2m > [22mMember Expression Increment/Decrement[2m > [22mEdge cases[2m > [22mshould throw error when object is null
[31m[1mAssertionError[22m: expected [Function] to throw error matching /Type mismatch/ but got 'Cannot read properties of null (readi…'[39m

[32m- Expected:[39m 
/Type mismatch/

[31m+ Received:[39m 
"Cannot read properties of null (reading 'count')"

[31m[2m⎯⎯⎯⎯⎯⎯⎯⎯⎯⎯⎯⎯⎯⎯⎯⎯⎯⎯⎯⎯⎯[95/292]⎯[22m[39m

[41m[1m FAIL [22m[49m tests/wang-unit/member-increment-decrement.test.js[2m > [22mMember Expression Increment/Decrement[2m > [22mEdge cases[2m > [22mshould throw error when object is undefined
[31m[1mAssertionError[22m: expected [Function] to throw error matching /Type mismatch/ but got 'Cannot read properties of undefined (…'[39m

[32m- Expected:[39m 
/Type mismatch/

[31m+ Received:[39m 
"Cannot read properties of undefined (reading 'value')"

[31m[2m⎯⎯⎯⎯⎯⎯⎯⎯⎯⎯⎯⎯⎯⎯⎯⎯⎯⎯⎯⎯⎯[96/292]⎯[22m[39m

[41m[1m FAIL [22m[49m tests/wang-unit/member-increment-decrement.test.js[2m > [22mMember Expression Increment/Decrement[2m > [22mComplex scenarios[2m > [22mshould work in complex expressions
[31m[1mSyntaxError[22m: Parse error at line 4: Unexpected token (4:19)[39m
[36m [2m❯[22m parse src/index.js:[2m17:11[22m[39m
    [90m 15| [39m  } [35mcatch[39m (error) {
    [90m 16| [39m    [90m// Reformat error message for consistency[39m
    [90m 17| [39m    [35mthrow[39m [35mnew[39m [33mSyntaxError[39m(
    [90m   | [39m          [31m^[39m
    [90m 18| [39m      [32m`Parse error at line [39m[36m${[39merror[33m.[39mloc[33m?.[39mline [33m||[39m [32m'?'[39m[36m}[39m[32m: [39m[36m${[39merror[33m.[39mmessage[36m}[39m[32m`[39m
    [90m 19| [39m    )[33m;[39m
[90m [2m❯[22m execute src/index.js:[2m25:15[22m[39m
[90m [2m❯[22m TestContext.execute tests/test-utils.js:[2m21:35[22m[39m
[90m [2m❯[22m tests/wang-unit/member-increment-decrement.test.js:[2m211:32[22m[39m

[31m[2m⎯⎯⎯⎯⎯⎯⎯⎯⎯⎯⎯⎯⎯⎯⎯⎯⎯⎯⎯⎯⎯[97/292]⎯[22m[39m

[41m[1m FAIL [22m[49m tests/wang-unit/multiline-conditionals.test.js[2m > [22mMultiline Conditionals[2m > [22mMultiline for loops[2m > [22mshould handle multiline for-of loops
[31m[1mError[22m: Variable 'item' already declared[39m
[36m [2m❯[22m Environment.define src/runtime/environment.js:[2m11:13[22m[39m
    [90m  9| [39m  [34mdefine[39m(name[33m,[39m value) {
    [90m 10| [39m    [35mif[39m ([35mthis[39m[33m.[39mvars[33m.[39m[34mhas[39m(name)) {
    [90m 11| [39m      [35mthrow[39m [35mnew[39m [33mError[39m([32m`Variable '[39m[36m${[39mname[36m}[39m[32m' already declared`[39m)[33m;[39m
    [90m   | [39m            [31m^[39m
    [90m 12| [39m    }
    [90m 13| [39m    [35mthis[39m[33m.[39mvars[33m.[39m[35mset[39m(name[33m,[39m value)[33m;[39m
[90m [2m❯[22m Interpreter.evaluateForOfStatement src/interpreter/interpreter.js:[2m829:14[22m[39m
[90m [2m❯[22m Interpreter.evaluate src/interpreter/interpreter.js:[2m98:21[22m[39m
[90m [2m❯[22m Interpreter.evaluateProgram src/interpreter/interpreter.js:[2m188:21[22m[39m
[90m [2m❯[22m Interpreter.evaluate src/interpreter/interpreter.js:[2m13:21[22m[39m
[90m [2m❯[22m execute src/index.js:[2m34:30[22m[39m
[90m [2m❯[22m WangInterpreter.execute src/interpreter/index.js:[2m75:23[22m[39m
[90m [2m❯[22m tests/wang-unit/multiline-conditionals.test.js:[2m170:40[22m[39m

[31m[2m⎯⎯⎯⎯⎯⎯⎯⎯⎯⎯⎯⎯⎯⎯⎯⎯⎯⎯⎯⎯⎯[98/292]⎯[22m[39m

[41m[1m FAIL [22m[49m tests/wang-unit/multiline-conditionals.test.js[2m > [22mMultiline Conditionals[2m > [22mReal-world use cases[2m > [22mshould handle URL filtering scenario
[31m[1mError[22m: Variable 'link' already declared[39m
[36m [2m❯[22m Environment.define src/runtime/environment.js:[2m11:13[22m[39m
    [90m  9| [39m  [34mdefine[39m(name[33m,[39m value) {
    [90m 10| [39m    [35mif[39m ([35mthis[39m[33m.[39mvars[33m.[39m[34mhas[39m(name)) {
    [90m 11| [39m      [35mthrow[39m [35mnew[39m [33mError[39m([32m`Variable '[39m[36m${[39mname[36m}[39m[32m' already declared`[39m)[33m;[39m
    [90m   | [39m            [31m^[39m
    [90m 12| [39m    }
    [90m 13| [39m    [35mthis[39m[33m.[39mvars[33m.[39m[35mset[39m(name[33m,[39m value)[33m;[39m
[90m [2m❯[22m Interpreter.evaluateForOfStatement src/interpreter/interpreter.js:[2m829:14[22m[39m
[90m [2m❯[22m Interpreter.evaluate src/interpreter/interpreter.js:[2m98:21[22m[39m
[90m [2m❯[22m Interpreter.evaluateProgram src/interpreter/interpreter.js:[2m188:21[22m[39m
[90m [2m❯[22m Interpreter.evaluate src/interpreter/interpreter.js:[2m13:21[22m[39m
[90m [2m❯[22m execute src/index.js:[2m34:30[22m[39m
[90m [2m❯[22m WangInterpreter.execute src/interpreter/index.js:[2m75:23[22m[39m
[90m [2m❯[22m tests/wang-unit/multiline-conditionals.test.js:[2m353:40[22m[39m

[31m[2m⎯⎯⎯⎯⎯⎯⎯⎯⎯⎯⎯⎯⎯⎯⎯⎯⎯⎯⎯⎯⎯[99/292]⎯[22m[39m

[41m[1m FAIL [22m[49m tests/wang-unit/multiline-syntax.test.js[2m > [22mMulti-line Syntax Support[2m > [22mMulti-line function calls[2m > [22mshould support multi-line arguments in function calls
[31m[1mAssertionError[22m: expected undefined to be 6 // Object.is equality[39m

[32m- Expected:[39m 
6

[31m+ Received:[39m 
undefined

[36m [2m❯[22m tests/wang-unit/multiline-syntax.test.js:[2m28:22[22m[39m
    [90m 26| [39m      
    [90m 27| [39m      [35mconst[39m result [33m=[39m [35mawait[39m interpreter[33m.[39m[34mexecute[39m(code)
    [90m 28| [39m      [34mexpect[39m(result)[33m.[39m[34mtoBe[39m([34m6[39m)
    [90m   | [39m                     [31m^[39m
    [90m 29| [39m    })
    [90m 30| [39m

[31m[2m⎯⎯⎯⎯⎯⎯⎯⎯⎯⎯⎯⎯⎯⎯⎯⎯⎯⎯⎯⎯[100/292]⎯[22m[39m

[41m[1m FAIL [22m[49m tests/wang-unit/multiline-syntax.test.js[2m > [22mMulti-line Syntax Support[2m > [22mMulti-line function calls[2m > [22mshould support complex expressions in multi-line calls
[31m[1mAssertionError[22m: expected undefined to be 20 // Object.is equality[39m

[32m- Expected:[39m 
20

[31m+ Received:[39m 
undefined

[36m [2m❯[22m tests/wang-unit/multiline-syntax.test.js:[2m47:22[22m[39m
    [90m 45| [39m      
    [90m 46| [39m      [35mconst[39m result [33m=[39m [35mawait[39m interpreter[33m.[39m[34mexecute[39m(code)
    [90m 47| [39m      expect(result).toBe(20) // (2+3) * (4-1) + (10/2) = 5 * 3 + 5 = …
    [90m   | [39m                     [31m^[39m
    [90m 48| [39m    })
    [90m 49| [39m

[31m[2m⎯⎯⎯⎯⎯⎯⎯⎯⎯⎯⎯⎯⎯⎯⎯⎯⎯⎯⎯⎯[101/292]⎯[22m[39m

[41m[1m FAIL [22m[49m tests/wang-unit/multiline-syntax.test.js[2m > [22mMulti-line Syntax Support[2m > [22mMulti-line function calls[2m > [22mshould support nested multi-line calls
[31m[1mAssertionError[22m: expected undefined to be 30 // Object.is equality[39m

[32m- Expected:[39m 
30

[31m+ Received:[39m 
undefined

[36m [2m❯[22m tests/wang-unit/multiline-syntax.test.js:[2m73:22[22m[39m
    [90m 71| [39m      
    [90m 72| [39m      [35mconst[39m result [33m=[39m [35mawait[39m interpreter[33m.[39m[34mexecute[39m(code)
    [90m 73| [39m      expect(result).toBe(30) // inner(5) = 10, inner(10) = 20, outer(…
    [90m   | [39m                     [31m^[39m
    [90m 74| [39m    })
    [90m 75| [39m

[31m[2m⎯⎯⎯⎯⎯⎯⎯⎯⎯⎯⎯⎯⎯⎯⎯⎯⎯⎯⎯⎯[102/292]⎯[22m[39m

[41m[1m FAIL [22m[49m tests/wang-unit/multiline-syntax.test.js[2m > [22mMulti-line Syntax Support[2m > [22mMulti-line function calls[2m > [22mshould support method calls with multi-line arguments
[31m[1mAssertionError[22m: expected undefined to be 24 // Object.is equality[39m

[32m- Expected:[39m 
24

[31m+ Received:[39m 
undefined

[36m [2m❯[22m tests/wang-unit/multiline-syntax.test.js:[2m95:22[22m[39m
    [90m 93| [39m      
    [90m 94| [39m      [35mconst[39m result [33m=[39m [35mawait[39m interpreter[33m.[39m[34mexecute[39m(code)
    [90m 95| [39m      [34mexpect[39m(result)[33m.[39m[34mtoBe[39m([34m24[39m)
    [90m   | [39m                     [31m^[39m
    [90m 96| [39m    })
    [90m 97| [39m  })

[31m[2m⎯⎯⎯⎯⎯⎯⎯⎯⎯⎯⎯⎯⎯⎯⎯⎯⎯⎯⎯⎯[103/292]⎯[22m[39m

[41m[1m FAIL [22m[49m tests/wang-unit/multiline-syntax.test.js[2m > [22mMulti-line Syntax Support[2m > [22mMulti-line function parameters[2m > [22mshould support multi-line parameters in function declarations
[31m[1mAssertionError[22m: expected undefined to be 60 // Object.is equality[39m

[32m- Expected:[39m 
60

[31m+ Received:[39m 
undefined

[36m [2m❯[22m tests/wang-unit/multiline-syntax.test.js:[2m114:22[22m[39m
    [90m112| [39m      
    [90m113| [39m      [35mconst[39m result [33m=[39m [35mawait[39m interpreter[33m.[39m[34mexecute[39m(code)
    [90m114| [39m      [34mexpect[39m(result)[33m.[39m[34mtoBe[39m([34m60[39m)
    [90m   | [39m                     [31m^[39m
    [90m115| [39m    })
    [90m116| [39m

[31m[2m⎯⎯⎯⎯⎯⎯⎯⎯⎯⎯⎯⎯⎯⎯⎯⎯⎯⎯⎯⎯[104/292]⎯[22m[39m

[41m[1m FAIL [22m[49m tests/wang-unit/multiline-syntax.test.js[2m > [22mMulti-line Syntax Support[2m > [22mMulti-line function parameters[2m > [22mshould support multi-line parameters in async functions
[31m[1mSyntaxError[22m: Parse error at line 9: Unexpected token (9:14)[39m
[36m [2m❯[22m parse src/index.js:[2m17:11[22m[39m
    [90m 15| [39m  } [35mcatch[39m (error) {
    [90m 16| [39m    [90m// Reformat error message for consistency[39m
    [90m 17| [39m    [35mthrow[39m [35mnew[39m [33mSyntaxError[39m(
    [90m   | [39m          [31m^[39m
    [90m 18| [39m      [32m`Parse error at line [39m[36m${[39merror[33m.[39mloc[33m?.[39mline [33m||[39m [32m'?'[39m[36m}[39m[32m: [39m[36m${[39merror[33m.[39mmessage[36m}[39m[32m`[39m
    [90m 19| [39m    )[33m;[39m
[90m [2m❯[22m execute src/index.js:[2m25:15[22m[39m
[90m [2m❯[22m WangInterpreter.execute src/interpreter/index.js:[2m68:23[22m[39m
[90m [2m❯[22m tests/wang-unit/multiline-syntax.test.js:[2m144:40[22m[39m

[31m[2m⎯⎯⎯⎯⎯⎯⎯⎯⎯⎯⎯⎯⎯⎯⎯⎯⎯⎯⎯⎯[105/292]⎯[22m[39m

[41m[1m FAIL [22m[49m tests/wang-unit/multiline-syntax.test.js[2m > [22mMulti-line Syntax Support[2m > [22mArrow functions with block statements[2m > [22mshould support arrow functions with block statements
[31m[1mAssertionError[22m: expected undefined to be 50 // Object.is equality[39m

[32m- Expected:[39m 
50

[31m+ Received:[39m 
undefined

[36m [2m❯[22m tests/wang-unit/multiline-syntax.test.js:[2m162:22[22m[39m
    [90m160| [39m      
    [90m161| [39m      [35mconst[39m result [33m=[39m [35mawait[39m interpreter[33m.[39m[34mexecute[39m(code)
    [90m162| [39m      [34mexpect[39m(result)[33m.[39m[34mtoBe[39m([34m50[39m) [90m// (10 * 2) + (10 * 3) = 20 + 30 = 50[39m
    [90m   | [39m                     [31m^[39m
    [90m163| [39m    })
    [90m164| [39m

[31m[2m⎯⎯⎯⎯⎯⎯⎯⎯⎯⎯⎯⎯⎯⎯⎯⎯⎯⎯⎯⎯[106/292]⎯[22m[39m

[41m[1m FAIL [22m[49m tests/wang-unit/multiline-syntax.test.js[2m > [22mMulti-line Syntax Support[2m > [22mArrow functions with block statements[2m > [22mshould support multi-line arrow functions with multiple statements
[31m[1mAssertionError[22m: expected undefined to be 25 // Object.is equality[39m

[32m- Expected:[39m 
25

[31m+ Received:[39m 
undefined

[36m [2m❯[22m tests/wang-unit/multiline-syntax.test.js:[2m178:22[22m[39m
    [90m176| [39m      
    [90m177| [39m      [35mconst[39m result [33m=[39m [35mawait[39m interpreter[33m.[39m[34mexecute[39m(code)
    [90m178| [39m      expect(result).toBe(25) // ((5 + 10) * 2) - 5 = (15 * 2) - 5 = 3…
    [90m   | [39m                     [31m^[39m
    [90m179| [39m    })
    [90m180| [39m

[31m[2m⎯⎯⎯⎯⎯⎯⎯⎯⎯⎯⎯⎯⎯⎯⎯⎯⎯⎯⎯⎯[107/292]⎯[22m[39m

[41m[1m FAIL [22m[49m tests/wang-unit/multiline-syntax.test.js[2m > [22mMulti-line Syntax Support[2m > [22mArrow functions with block statements[2m > [22mshould support arrow functions with block and multi-line params
[31m[1mAssertionError[22m: expected undefined to be 19 // Object.is equality[39m

[32m- Expected:[39m 
19

[31m+ Received:[39m 
undefined

[36m [2m❯[22m tests/wang-unit/multiline-syntax.test.js:[2m196:22[22m[39m
    [90m194| [39m      
    [90m195| [39m      [35mconst[39m result [33m=[39m [35mawait[39m interpreter[33m.[39m[34mexecute[39m(code)
    [90m196| [39m      [34mexpect[39m(result)[33m.[39m[34mtoBe[39m([34m19[39m) [90m// (3 + 4) + (3 * 4) = 7 + 12 = 19[39m
    [90m   | [39m                     [31m^[39m
    [90m197| [39m    })
    [90m198| [39m  })

[31m[2m⎯⎯⎯⎯⎯⎯⎯⎯⎯⎯⎯⎯⎯⎯⎯⎯⎯⎯⎯⎯[108/292]⎯[22m[39m

[41m[1m FAIL [22m[49m tests/wang-unit/multiline-syntax.test.js[2m > [22mMulti-line Syntax Support[2m > [22mChrome debugger example case[2m > [22mshould support the Chrome debugger multi-line pattern
[31m[1mSyntaxError[22m: Parse error at line 2: Unexpected token (2:27)[39m
[36m [2m❯[22m parse src/index.js:[2m17:11[22m[39m
    [90m 15| [39m  } [35mcatch[39m (error) {
    [90m 16| [39m    [90m// Reformat error message for consistency[39m
    [90m 17| [39m    [35mthrow[39m [35mnew[39m [33mSyntaxError[39m(
    [90m   | [39m          [31m^[39m
    [90m 18| [39m      [32m`Parse error at line [39m[36m${[39merror[33m.[39mloc[33m?.[39mline [33m||[39m [32m'?'[39m[36m}[39m[32m: [39m[36m${[39merror[33m.[39mmessage[36m}[39m[32m`[39m
    [90m 19| [39m    )[33m;[39m
[90m [2m❯[22m execute src/index.js:[2m25:15[22m[39m
[90m [2m❯[22m WangInterpreter.execute src/interpreter/index.js:[2m75:23[22m[39m
[90m [2m❯[22m tests/wang-unit/multiline-syntax.test.js:[2m228:40[22m[39m

[31m[2m⎯⎯⎯⎯⎯⎯⎯⎯⎯⎯⎯⎯⎯⎯⎯⎯⎯⎯⎯⎯[109/292]⎯[22m[39m

[41m[1m FAIL [22m[49m tests/wang-unit/native-methods.test.js[2m > [22mNative Array Methods[2m > [22mshould support array.forEach() method
[31m[1mSyntaxError[22m: Parse error at line 4: Unexpected token (4:12)[39m
[36m [2m❯[22m parse src/index.js:[2m17:11[22m[39m
    [90m 15| [39m  } [35mcatch[39m (error) {
    [90m 16| [39m    [90m// Reformat error message for consistency[39m
    [90m 17| [39m    [35mthrow[39m [35mnew[39m [33mSyntaxError[39m(
    [90m   | [39m          [31m^[39m
    [90m 18| [39m      [32m`Parse error at line [39m[36m${[39merror[33m.[39mloc[33m?.[39mline [33m||[39m [32m'?'[39m[36m}[39m[32m: [39m[36m${[39merror[33m.[39mmessage[36m}[39m[32m`[39m
    [90m 19| [39m    )[33m;[39m
[90m [2m❯[22m execute src/index.js:[2m25:15[22m[39m
[90m [2m❯[22m WangInterpreter.execute src/interpreter/index.js:[2m68:23[22m[39m
[90m [2m❯[22m tests/wang-unit/native-methods.test.js:[2m284:38[22m[39m

[31m[2m⎯⎯⎯⎯⎯⎯⎯⎯⎯⎯⎯⎯⎯⎯⎯⎯⎯⎯⎯⎯[110/292]⎯[22m[39m

[41m[1m FAIL [22m[49m tests/wang-unit/native-methods.test.js[2m > [22mNative Array Methods[2m > [22mshould handle errors in forEach callbacks
[31m[1mAssertionError[22m: expected [Function] to throw error including 'Test error' but got 'Parse error at line 3: Unexpected tok…'[39m

Expected: [32m"[7mTest[27m error"[39m
Received: [31m"[7mParse[27m error[7m at line 3: Unexpected token (3:12)[27m"[39m

[31m[2m⎯⎯⎯⎯⎯⎯⎯⎯⎯⎯⎯⎯⎯⎯⎯⎯⎯⎯⎯⎯[111/292]⎯[22m[39m

[41m[1m FAIL [22m[49m tests/wang-unit/native-methods.test.js[2m > [22mNative Array Methods[2m > [22mshould properly scope variables in forEach callbacks
[31m[1mSyntaxError[22m: Parse error at line 4: Unexpected token (4:12)[39m
[36m [2m❯[22m parse src/index.js:[2m17:11[22m[39m
    [90m 15| [39m  } [35mcatch[39m (error) {
    [90m 16| [39m    [90m// Reformat error message for consistency[39m
    [90m 17| [39m    [35mthrow[39m [35mnew[39m [33mSyntaxError[39m(
    [90m   | [39m          [31m^[39m
    [90m 18| [39m      [32m`Parse error at line [39m[36m${[39merror[33m.[39mloc[33m?.[39mline [33m||[39m [32m'?'[39m[36m}[39m[32m: [39m[36m${[39merror[33m.[39mmessage[36m}[39m[32m`[39m
    [90m 19| [39m    )[33m;[39m
[90m [2m❯[22m execute src/index.js:[2m25:15[22m[39m
[90m [2m❯[22m WangInterpreter.execute src/interpreter/index.js:[2m68:23[22m[39m
[90m [2m❯[22m tests/wang-unit/native-methods.test.js:[2m303:38[22m[39m

[31m[2m⎯⎯⎯⎯⎯⎯⎯⎯⎯⎯⎯⎯⎯⎯⎯⎯⎯⎯⎯⎯[112/292]⎯[22m[39m

[41m[1m FAIL [22m[49m tests/wang-unit/native-methods.test.js[2m > [22mNative Array Methods[2m > [22mshould handle async operations in forEach callbacks
[31m[1mSyntaxError[22m: Parse error at line 4: Unexpected token (4:12)[39m
[36m [2m❯[22m parse src/index.js:[2m17:11[22m[39m
    [90m 15| [39m  } [35mcatch[39m (error) {
    [90m 16| [39m    [90m// Reformat error message for consistency[39m
    [90m 17| [39m    [35mthrow[39m [35mnew[39m [33mSyntaxError[39m(
    [90m   | [39m          [31m^[39m
    [90m 18| [39m      [32m`Parse error at line [39m[36m${[39merror[33m.[39mloc[33m?.[39mline [33m||[39m [32m'?'[39m[36m}[39m[32m: [39m[36m${[39merror[33m.[39mmessage[36m}[39m[32m`[39m
    [90m 19| [39m    )[33m;[39m
[90m [2m❯[22m execute src/index.js:[2m25:15[22m[39m
[90m [2m❯[22m WangInterpreter.execute src/interpreter/index.js:[2m68:23[22m[39m
[90m [2m❯[22m tests/wang-unit/native-methods.test.js:[2m319:38[22m[39m

[31m[2m⎯⎯⎯⎯⎯⎯⎯⎯⎯⎯⎯⎯⎯⎯⎯⎯⎯⎯⎯⎯[113/292]⎯[22m[39m

[41m[1m FAIL [22m[49m tests/wang-unit/native-methods.test.js[2m > [22mNative Array Methods[2m > [22mshould handle nested forEach operations
[31m[1mSyntaxError[22m: Parse error at line 4: Unexpected token (4:12)[39m
[36m [2m❯[22m parse src/index.js:[2m17:11[22m[39m
    [90m 15| [39m  } [35mcatch[39m (error) {
    [90m 16| [39m    [90m// Reformat error message for consistency[39m
    [90m 17| [39m    [35mthrow[39m [35mnew[39m [33mSyntaxError[39m(
    [90m   | [39m          [31m^[39m
    [90m 18| [39m      [32m`Parse error at line [39m[36m${[39merror[33m.[39mloc[33m?.[39mline [33m||[39m [32m'?'[39m[36m}[39m[32m: [39m[36m${[39merror[33m.[39mmessage[36m}[39m[32m`[39m
    [90m 19| [39m    )[33m;[39m
[90m [2m❯[22m execute src/index.js:[2m25:15[22m[39m
[90m [2m❯[22m WangInterpreter.execute src/interpreter/index.js:[2m68:23[22m[39m
[90m [2m❯[22m tests/wang-unit/native-methods.test.js:[2m333:38[22m[39m

[31m[2m⎯⎯⎯⎯⎯⎯⎯⎯⎯⎯⎯⎯⎯⎯⎯⎯⎯⎯⎯⎯[114/292]⎯[22m[39m

[41m[1m FAIL [22m[49m tests/wang-unit/native-methods.test.js[2m > [22mNative Array Methods[2m > [22mshould work with DOM-like element processing
[31m[1mSyntaxError[22m: Parse error at line 5: Unexpected token (5:12)[39m
[36m [2m❯[22m parse src/index.js:[2m17:11[22m[39m
    [90m 15| [39m  } [35mcatch[39m (error) {
    [90m 16| [39m    [90m// Reformat error message for consistency[39m
    [90m 17| [39m    [35mthrow[39m [35mnew[39m [33mSyntaxError[39m(
    [90m   | [39m          [31m^[39m
    [90m 18| [39m      [32m`Parse error at line [39m[36m${[39merror[33m.[39mloc[33m?.[39mline [33m||[39m [32m'?'[39m[36m}[39m[32m: [39m[36m${[39merror[33m.[39mmessage[36m}[39m[32m`[39m
    [90m 19| [39m    )[33m;[39m
[90m [2m❯[22m execute src/index.js:[2m25:15[22m[39m
[90m [2m❯[22m WangInterpreter.execute src/interpreter/index.js:[2m68:23[22m[39m
[90m [2m❯[22m tests/wang-unit/native-methods.test.js:[2m376:38[22m[39m

[31m[2m⎯⎯⎯⎯⎯⎯⎯⎯⎯⎯⎯⎯⎯⎯⎯⎯⎯⎯⎯⎯[115/292]⎯[22m[39m

[41m[1m FAIL [22m[49m tests/wang-unit/native-methods.test.js[2m > [22mNative Array Methods[2m > [22mshould validate callback functions and throw TypeError for non-functions
[31m[1mAssertionError[22m: expected [Function] to throw error including 'not a function is not a function' but got 'string "not a function" is not a func…'[39m

Expected: [32m"not a function is not a function"[39m
Received: [31m"[7mstring "[27mnot a function[7m"[27m is not a function"[39m

[31m[2m⎯⎯⎯⎯⎯⎯⎯⎯⎯⎯⎯⎯⎯⎯⎯⎯⎯⎯⎯⎯[116/292]⎯[22m[39m

[41m[1m FAIL [22m[49m tests/wang-unit/native-methods.test.js[2m > [22mNative Array Methods[2m > [22mshould handle async operations in array methods
[31m[1mSyntaxError[22m: Parse error at line 4: Unexpected token (4:26)[39m
[36m [2m❯[22m parse src/index.js:[2m17:11[22m[39m
    [90m 15| [39m  } [35mcatch[39m (error) {
    [90m 16| [39m    [90m// Reformat error message for consistency[39m
    [90m 17| [39m    [35mthrow[39m [35mnew[39m [33mSyntaxError[39m(
    [90m   | [39m          [31m^[39m
    [90m 18| [39m      [32m`Parse error at line [39m[36m${[39merror[33m.[39mloc[33m?.[39mline [33m||[39m [32m'?'[39m[36m}[39m[32m: [39m[36m${[39merror[33m.[39mmessage[36m}[39m[32m`[39m
    [90m 19| [39m    )[33m;[39m
[90m [2m❯[22m execute src/index.js:[2m25:15[22m[39m
[90m [2m❯[22m WangInterpreter.execute src/interpreter/index.js:[2m68:23[22m[39m
[90m [2m❯[22m tests/wang-unit/native-methods.test.js:[2m621:38[22m[39m

[31m[2m⎯⎯⎯⎯⎯⎯⎯⎯⎯⎯⎯⎯⎯⎯⎯⎯⎯⎯⎯⎯[117/292]⎯[22m[39m

[41m[1m FAIL [22m[49m tests/wang-unit/native-methods.test.js[2m > [22mBackward Compatibility[2m > [22mshould still support function-style string operations
[31m[1mReferenceError[22m: split is not defined[39m
[36m [2m❯[22m Environment.get src/runtime/environment.js:[2m24:11[22m[39m
    [90m 22| [39m      [35mreturn[39m [35mthis[39m[33m.[39mparent[33m.[39m[35mget[39m(name)[33m;[39m
    [90m 23| [39m    }
    [90m 24| [39m    [35mthrow[39m [35mnew[39m [33mReferenceError[39m([32m`[39m[36m${[39mname[36m}[39m[32m is not defined`[39m)[33m;[39m
    [90m   | [39m          [31m^[39m
    [90m 25| [39m  }
    [90m 26| [39m
[90m [2m❯[22m Environment.get src/runtime/environment.js:[2m22:26[22m[39m
[90m [2m❯[22m Environment.get src/runtime/environment.js:[2m22:26[22m[39m
[90m [2m❯[22m Interpreter.evaluate src/interpreter/interpreter.js:[2m19:20[22m[39m
[90m [2m❯[22m Interpreter.evaluateCallExpression src/interpreter/interpreter.js:[2m408:21[22m[39m
[90m [2m❯[22m Interpreter.evaluate src/interpreter/interpreter.js:[2m40:21[22m[39m
[90m [2m❯[22m Interpreter.evaluateVariableDeclaration src/interpreter/interpreter.js:[2m582:16[22m[39m
[90m [2m❯[22m Interpreter.evaluate src/interpreter/interpreter.js:[2m68:21[22m[39m
[90m [2m❯[22m Interpreter.evaluateBlockStatement src/interpreter/interpreter.js:[2m694:21[22m[39m
[90m [2m❯[22m Interpreter.evaluate src/interpreter/interpreter.js:[2m74:21[22m[39m

[31m[2m⎯⎯⎯⎯⎯⎯⎯⎯⎯⎯⎯⎯⎯⎯⎯⎯⎯⎯⎯⎯[118/292]⎯[22m[39m

[41m[1m FAIL [22m[49m tests/wang-unit/native-methods.test.js[2m > [22mBackward Compatibility[2m > [22mshould still support function-style array operations
[31m[1mReferenceError[22m: filter is not defined[39m
[36m [2m❯[22m Environment.get src/runtime/environment.js:[2m24:11[22m[39m
    [90m 22| [39m      [35mreturn[39m [35mthis[39m[33m.[39mparent[33m.[39m[35mget[39m(name)[33m;[39m
    [90m 23| [39m    }
    [90m 24| [39m    [35mthrow[39m [35mnew[39m [33mReferenceError[39m([32m`[39m[36m${[39mname[36m}[39m[32m is not defined`[39m)[33m;[39m
    [90m   | [39m          [31m^[39m
    [90m 25| [39m  }
    [90m 26| [39m
[90m [2m❯[22m Environment.get src/runtime/environment.js:[2m22:26[22m[39m
[90m [2m❯[22m Environment.get src/runtime/environment.js:[2m22:26[22m[39m
[90m [2m❯[22m Interpreter.evaluate src/interpreter/interpreter.js:[2m19:20[22m[39m
[90m [2m❯[22m Interpreter.evaluateCallExpression src/interpreter/interpreter.js:[2m408:21[22m[39m
[90m [2m❯[22m Interpreter.evaluate src/interpreter/interpreter.js:[2m40:21[22m[39m
[90m [2m❯[22m Interpreter.evaluateVariableDeclaration src/interpreter/interpreter.js:[2m582:16[22m[39m
[90m [2m❯[22m Interpreter.evaluate src/interpreter/interpreter.js:[2m68:21[22m[39m
[90m [2m❯[22m Interpreter.evaluateBlockStatement src/interpreter/interpreter.js:[2m694:21[22m[39m
[90m [2m❯[22m Interpreter.evaluate src/interpreter/interpreter.js:[2m74:21[22m[39m

[31m[2m⎯⎯⎯⎯⎯⎯⎯⎯⎯⎯⎯⎯⎯⎯⎯⎯⎯⎯⎯⎯[119/292]⎯[22m[39m

[41m[1m FAIL [22m[49m tests/wang-unit/native-methods.test.js[2m > [22mBackward Compatibility[2m > [22mshould allow mixing function and method styles
[31m[1mReferenceError[22m: toUpperCase is not defined[39m
[36m [2m❯[22m Environment.get src/runtime/environment.js:[2m24:11[22m[39m
    [90m 22| [39m      [35mreturn[39m [35mthis[39m[33m.[39mparent[33m.[39m[35mget[39m(name)[33m;[39m
    [90m 23| [39m    }
    [90m 24| [39m    [35mthrow[39m [35mnew[39m [33mReferenceError[39m([32m`[39m[36m${[39mname[36m}[39m[32m is not defined`[39m)[33m;[39m
    [90m   | [39m          [31m^[39m
    [90m 25| [39m  }
    [90m 26| [39m
[90m [2m❯[22m Environment.get src/runtime/environment.js:[2m22:26[22m[39m
[90m [2m❯[22m Environment.get src/runtime/environment.js:[2m22:26[22m[39m
[90m [2m❯[22m Interpreter.evaluate src/interpreter/interpreter.js:[2m19:20[22m[39m
[90m [2m❯[22m Interpreter.evaluateCallExpression src/interpreter/interpreter.js:[2m408:21[22m[39m
[90m [2m❯[22m Interpreter.evaluate src/interpreter/interpreter.js:[2m40:21[22m[39m
[90m [2m❯[22m Interpreter.evaluateVariableDeclaration src/interpreter/interpreter.js:[2m582:16[22m[39m
[90m [2m❯[22m Interpreter.evaluate src/interpreter/interpreter.js:[2m68:21[22m[39m
[90m [2m❯[22m Interpreter.evaluateBlockStatement src/interpreter/interpreter.js:[2m694:21[22m[39m
[90m [2m❯[22m Interpreter.evaluate src/interpreter/interpreter.js:[2m74:21[22m[39m

[31m[2m⎯⎯⎯⎯⎯⎯⎯⎯⎯⎯⎯⎯⎯⎯⎯⎯⎯⎯⎯⎯[120/292]⎯[22m[39m

[41m[1m FAIL [22m[49m tests/wang-unit/native-methods.test.js[2m > [22mEdge Cases[2m > [22mshould handle null/undefined correctly with optional chaining
[41m[1m FAIL [22m[49m tests/wang-unit/reserved-properties.test.js[2m > [22mReserved Keywords as Properties[2m > [22mObject properties with reserved keywords[2m > [22mshould support computed member access with reserved keywords
[31m[1mError[22m: Unknown node type: ChainExpression[39m
[36m [2m❯[22m Interpreter.evaluate src/interpreter/interpreter.js:[2m150:15[22m[39m
    [90m148| [39m
    [90m149| [39m      [35mdefault[39m[33m:[39m
    [90m150| [39m        [35mthrow[39m [35mnew[39m [33mError[39m([32m`Unknown node type: [39m[36m${[39mnode[33m.[39mtype[36m}[39m[32m`[39m)[33m;[39m
    [90m   | [39m              [31m^[39m
    [90m151| [39m    }
    [90m152| [39m  }
[90m [2m❯[22m Interpreter.evaluateVariableDeclaration src/interpreter/interpreter.js:[2m582:16[22m[39m
[90m [2m❯[22m Interpreter.evaluate src/interpreter/interpreter.js:[2m68:21[22m[39m
[90m [2m❯[22m Interpreter.evaluateBlockStatement src/interpreter/interpreter.js:[2m694:21[22m[39m
[90m [2m❯[22m Interpreter.evaluate src/interpreter/interpreter.js:[2m74:21[22m[39m
[90m [2m❯[22m Interpreter.callUserFunction src/interpreter/interpreter.js:[2m443:27[22m[39m
[90m [2m❯[22m wrappedFunc src/interpreter/interpreter.js:[2m532:26[22m[39m
[90m [2m❯[22m Interpreter.evaluateCallExpression src/interpreter/interpreter.js:[2m418:14[22m[39m
[90m [2m❯[22m Interpreter.evaluate src/interpreter/interpreter.js:[2m40:21[22m[39m
[90m [2m❯[22m Interpreter.evaluate src/interpreter/interpreter.js:[2m77:21[22m[39m

[31m[2m⎯⎯⎯⎯⎯⎯⎯⎯⎯⎯⎯⎯⎯⎯⎯⎯⎯⎯⎯⎯[121/292]⎯[22m[39m

[41m[1m FAIL [22m[49m tests/wang-unit/native-methods.test.js[2m > [22mEdge Cases[2m > [22mshould handle methods in object literals
[31m[1mTypeError[22m: Cannot read property of undefined[39m
[36m [2m❯[22m Interpreter.evaluateMemberExpression src/interpreter/interpreter.js:[2m455:13[22m[39m
    [90m453| [39m
    [90m454| [39m    [35mif[39m (obj [33m===[39m [35mnull[39m [33m||[39m obj [33m===[39m undefined) {
    [90m455| [39m      [35mthrow[39m [35mnew[39m [33mTypeError[39m([32m`Cannot read property of [39m[36m${[39mobj[36m}[39m[32m`[39m)[33m;[39m
    [90m   | [39m            [31m^[39m
    [90m456| [39m    }
    [90m457| [39m
[90m [2m❯[22m Interpreter.evaluate src/interpreter/interpreter.js:[2m43:21[22m[39m
[90m [2m❯[22m Interpreter.evaluateCallExpression src/interpreter/interpreter.js:[2m402:26[22m[39m
[90m [2m❯[22m Interpreter.evaluate src/interpreter/interpreter.js:[2m40:21[22m[39m
[90m [2m❯[22m Interpreter.evaluate src/interpreter/interpreter.js:[2m80:53[22m[39m
[90m [2m❯[22m Interpreter.evaluateBlockStatement src/interpreter/interpreter.js:[2m694:21[22m[39m
[90m [2m❯[22m Interpreter.evaluate src/interpreter/interpreter.js:[2m74:21[22m[39m
[90m [2m❯[22m Interpreter.callUserFunction src/interpreter/interpreter.js:[2m443:27[22m[39m
[90m [2m❯[22m Object.wrappedFunc [as getUpper] src/interpreter/interpreter.js:[2m532:26[22m[39m
[90m [2m❯[22m Interpreter.evaluateCallExpression src/interpreter/interpreter.js:[2m416:23[22m[39m

[31m[2m⎯⎯⎯⎯⎯⎯⎯⎯⎯⎯⎯⎯⎯⎯⎯⎯⎯⎯⎯⎯[122/292]⎯[22m[39m

[41m[1m FAIL [22m[49m tests/wang-unit/new-expression-chaining.test.js[2m > [22mNewExpression Method Chaining[2m > [22mshould support optional chaining on new expressions
[31m[1mError[22m: Unknown node type: ChainExpression[39m
[36m [2m❯[22m Interpreter.evaluate src/interpreter/interpreter.js:[2m150:15[22m[39m
    [90m148| [39m
    [90m149| [39m      [35mdefault[39m[33m:[39m
    [90m150| [39m        [35mthrow[39m [35mnew[39m [33mError[39m([32m`Unknown node type: [39m[36m${[39mnode[33m.[39mtype[36m}[39m[32m`[39m)[33m;[39m
    [90m   | [39m              [31m^[39m
    [90m151| [39m    }
    [90m152| [39m  }
[90m [2m❯[22m Interpreter.evaluateAssignmentExpression src/interpreter/interpreter.js:[2m328:24[22m[39m
[90m [2m❯[22m Interpreter.evaluate src/interpreter/interpreter.js:[2m31:21[22m[39m
[90m [2m❯[22m Interpreter.evaluate src/interpreter/interpreter.js:[2m77:21[22m[39m
[90m [2m❯[22m Interpreter.evaluateProgram src/interpreter/interpreter.js:[2m188:21[22m[39m
[90m [2m❯[22m Interpreter.evaluate src/interpreter/interpreter.js:[2m13:21[22m[39m
[90m [2m❯[22m execute src/index.js:[2m34:30[22m[39m
[90m [2m❯[22m WangInterpreter.execute src/interpreter/index.js:[2m75:23[22m[39m
[90m [2m❯[22m tests/wang-unit/new-expression-chaining.test.js:[2m59:38[22m[39m

[31m[2m⎯⎯⎯⎯⎯⎯⎯⎯⎯⎯⎯⎯⎯⎯⎯⎯⎯⎯⎯⎯[123/292]⎯[22m[39m

[41m[1m FAIL [22m[49m tests/wang-unit/parser.test.js[2m > [22mWang Parser[2m > [22mshould parse simple variable declaration
[31m[1mTypeError[22m: ctx.parse is not a function[39m
[36m [2m❯[22m tests/wang-unit/parser.test.js:[2m7:25[22m[39m
    [90m  5| [39m  [34mit[39m([32m'should parse simple variable declaration'[39m[33m,[39m () [33m=>[39m {
    [90m  6| [39m    [35mconst[39m ctx [33m=[39m [35mnew[39m [33mTestContext[39m()[33m;[39m
    [90m  7| [39m    [35mconst[39m results [33m=[39m ctx[33m.[39m[34mparse[39m([32m'let x = 5'[39m)[33m;[39m
    [90m   | [39m                        [31m^[39m
    [90m  8| [39m
    [90m  9| [39m    [34mexpect[39m(results)[33m.[39m[34mtoHaveLength[39m([34m1[39m)[33m;[39m

[31m[2m⎯⎯⎯⎯⎯⎯⎯⎯⎯⎯⎯⎯⎯⎯⎯⎯⎯⎯⎯⎯[124/292]⎯[22m[39m

[41m[1m FAIL [22m[49m tests/wang-unit/parser.test.js[2m > [22mWang Parser[2m > [22mshould parse multiple statements
[31m[1mTypeError[22m: ctx.parse is not a function[39m
[36m [2m❯[22m tests/wang-unit/parser.test.js:[2m18:25[22m[39m
    [90m 16| [39m  [34mit[39m([32m'should parse multiple statements'[39m[33m,[39m () [33m=>[39m {
    [90m 17| [39m    [35mconst[39m ctx [33m=[39m [35mnew[39m [33mTestContext[39m()[33m;[39m
    [90m 18| [39m    [35mconst[39m results [33m=[39m ctx[33m.[39m[34mparse[39m([32m`
    [90m   | [39m                        [31m^[39m
    [90m 19| [39m      let x = 5
    [90m 20| [39m      let y = 10

[31m[2m⎯⎯⎯⎯⎯⎯⎯⎯⎯⎯⎯⎯⎯⎯⎯⎯⎯⎯⎯⎯[125/292]⎯[22m[39m

[41m[1m FAIL [22m[49m tests/wang-unit/parser.test.js[2m > [22mWang Parser[2m > [22mshould parse binary expression precedence correctly
[31m[1mTypeError[22m: ctx.parse is not a function[39m
[36m [2m❯[22m tests/wang-unit/parser.test.js:[2m31:25[22m[39m
    [90m 29| [39m  [34mit[39m([32m'should parse binary expression precedence correctly'[39m[33m,[39m () [33m=>[39m {
    [90m 30| [39m    [35mconst[39m ctx [33m=[39m [35mnew[39m [33mTestContext[39m()[33m;[39m
    [90m 31| [39m    [35mconst[39m results [33m=[39m ctx[33m.[39m[34mparse[39m([32m'2 + 3 * 4'[39m)[33m;[39m
    [90m   | [39m                        [31m^[39m
    [90m 32| [39m
    [90m 33| [39m    [34mexpect[39m(results)[33m.[39m[34mtoHaveLength[39m([34m1[39m)[33m;[39m

[31m[2m⎯⎯⎯⎯⎯⎯⎯⎯⎯⎯⎯⎯⎯⎯⎯⎯⎯⎯⎯⎯[126/292]⎯[22m[39m

[41m[1m FAIL [22m[49m tests/wang-unit/parser.test.js[2m > [22mWang Parser[2m > [22mshould parse function declaration
[31m[1mTypeError[22m: ctx.parse is not a function[39m
[36m [2m❯[22m tests/wang-unit/parser.test.js:[2m43:25[22m[39m
    [90m 41| [39m  [34mit[39m([32m'should parse function declaration'[39m[33m,[39m () [33m=>[39m {
    [90m 42| [39m    [35mconst[39m ctx [33m=[39m [35mnew[39m [33mTestContext[39m()[33m;[39m
    [90m 43| [39m    [35mconst[39m results [33m=[39m ctx[33m.[39m[34mparse[39m([32m`
    [90m   | [39m                        [31m^[39m
    [90m 44| [39m      function add(a, b) {
    [90m 45| [39m        return a + b

[31m[2m⎯⎯⎯⎯⎯⎯⎯⎯⎯⎯⎯⎯⎯⎯⎯⎯⎯⎯⎯⎯[127/292]⎯[22m[39m

[41m[1m FAIL [22m[49m tests/wang-unit/parser.test.js[2m > [22mWang Parser[2m > [22mshould parse arrow function
[31m[1mTypeError[22m: ctx.parse is not a function[39m
[36m [2m❯[22m tests/wang-unit/parser.test.js:[2m58:25[22m[39m
    [90m 56| [39m  [34mit[39m([32m'should parse arrow function'[39m[33m,[39m () [33m=>[39m {
    [90m 57| [39m    [35mconst[39m ctx [33m=[39m [35mnew[39m [33mTestContext[39m()[33m;[39m
    [90m 58| [39m    [35mconst[39m results [33m=[39m ctx[33m.[39m[34mparse[39m([32m'const add = (a, b) => a + b'[39m)[33m;[39m
    [90m   | [39m                        [31m^[39m
    [90m 59| [39m
    [90m 60| [39m    [34mexpect[39m(results)[33m.[39m[34mtoHaveLength[39m([34m1[39m)[33m;[39m

[31m[2m⎯⎯⎯⎯⎯⎯⎯⎯⎯⎯⎯⎯⎯⎯⎯⎯⎯⎯⎯⎯[128/292]⎯[22m[39m

[41m[1m FAIL [22m[49m tests/wang-unit/parser.test.js[2m > [22mWang Parser[2m > [22mshould parse object literal
[31m[1mTypeError[22m: ctx.parse is not a function[39m
[36m [2m❯[22m tests/wang-unit/parser.test.js:[2m69:25[22m[39m
    [90m 67| [39m  [34mit[39m([32m'should parse object literal'[39m[33m,[39m () [33m=>[39m {
    [90m 68| [39m    [35mconst[39m ctx [33m=[39m [35mnew[39m [33mTestContext[39m()[33m;[39m
    [90m 69| [39m    [35mconst[39m results [33m=[39m ctx[33m.[39m[34mparse[39m([32m`
    [90m   | [39m                        [31m^[39m
    [90m 70| [39m      const obj = {
    [90m 71| [39m        name: "test",

[31m[2m⎯⎯⎯⎯⎯⎯⎯⎯⎯⎯⎯⎯⎯⎯⎯⎯⎯⎯⎯⎯[129/292]⎯[22m[39m

[41m[1m FAIL [22m[49m tests/wang-unit/parser.test.js[2m > [22mWang Parser[2m > [22mshould parse array literal
[31m[1mTypeError[22m: ctx.parse is not a function[39m
[36m [2m❯[22m tests/wang-unit/parser.test.js:[2m85:25[22m[39m
    [90m 83| [39m  [34mit[39m([32m'should parse array literal'[39m[33m,[39m () [33m=>[39m {
    [90m 84| [39m    [35mconst[39m ctx [33m=[39m [35mnew[39m [33mTestContext[39m()[33m;[39m
    [90m 85| [39m    [35mconst[39m results [33m=[39m ctx[33m.[39m[34mparse[39m([32m'const arr = [1, 2, 3, ...other]'[39m)[33m;[39m
    [90m   | [39m                        [31m^[39m
    [90m 86| [39m
    [90m 87| [39m    [34mexpect[39m(results)[33m.[39m[34mtoHaveLength[39m([34m1[39m)[33m;[39m

[31m[2m⎯⎯⎯⎯⎯⎯⎯⎯⎯⎯⎯⎯⎯⎯⎯⎯⎯⎯⎯⎯[130/292]⎯[22m[39m

[41m[1m FAIL [22m[49m tests/wang-unit/parser.test.js[2m > [22mWang Parser[2m > [22mshould parse empty array correctly
[31m[1mTypeError[22m: ctx.parse is not a function[39m
[36m [2m❯[22m tests/wang-unit/parser.test.js:[2m96:25[22m[39m
    [90m 94| [39m  [34mit[39m([32m'should parse empty array correctly'[39m[33m,[39m () [33m=>[39m {
    [90m 95| [39m    [35mconst[39m ctx [33m=[39m [35mnew[39m [33mTestContext[39m()[33m;[39m
    [90m 96| [39m    [35mconst[39m results [33m=[39m ctx[33m.[39m[34mparse[39m([32m'const arr = []'[39m)[33m;[39m
    [90m   | [39m                        [31m^[39m
    [90m 97| [39m
    [90m 98| [39m    [34mexpect[39m(results)[33m.[39m[34mtoHaveLength[39m([34m1[39m)[33m;[39m

[31m[2m⎯⎯⎯⎯⎯⎯⎯⎯⎯⎯⎯⎯⎯⎯⎯⎯⎯⎯⎯⎯[131/292]⎯[22m[39m

[41m[1m FAIL [22m[49m tests/wang-unit/parser.test.js[2m > [22mWang Parser[2m > [22mshould parse class declaration
[31m[1mTypeError[22m: ctx.parse is not a function[39m
[36m [2m❯[22m tests/wang-unit/parser.test.js:[2m108:25[22m[39m
    [90m106| [39m  [34mit[39m([32m'should parse class declaration'[39m[33m,[39m () [33m=>[39m {
    [90m107| [39m    [35mconst[39m ctx [33m=[39m [35mnew[39m [33mTestContext[39m()[33m;[39m
    [90m108| [39m    [35mconst[39m results [33m=[39m ctx[33m.[39m[34mparse[39m([32m`
    [90m   | [39m                        [31m^[39m
    [90m109| [39m      class Person {
    [90m110| [39m        constructor(name) {

[31m[2m⎯⎯⎯⎯⎯⎯⎯⎯⎯⎯⎯⎯⎯⎯⎯⎯⎯⎯⎯⎯[132/292]⎯[22m[39m

[41m[1m FAIL [22m[49m tests/wang-unit/parser.test.js[2m > [22mWang Parser[2m > [22mshould parse import/export statements
[31m[1mTypeError[22m: ctx.parse is not a function[39m
[36m [2m❯[22m tests/wang-unit/parser.test.js:[2m131:31[22m[39m
    [90m129| [39m    [35mconst[39m ctx [33m=[39m [35mnew[39m [33mTestContext[39m()[33m;[39m
    [90m130| [39m
    [90m131| [39m    const importResults = ctx.parse('import { foo, bar } from "module"…
    [90m   | [39m                              [31m^[39m
    [90m132| [39m    [34mexpect[39m(importResults)[33m.[39m[34mtoHaveLength[39m([34m1[39m)[33m;[39m
    [90m133| [39m    [35mconst[39m imp [33m=[39m importResults[[34m0[39m][33m.[39mbody[[34m0[39m][33m;[39m

[31m[2m⎯⎯⎯⎯⎯⎯⎯⎯⎯⎯⎯⎯⎯⎯⎯⎯⎯⎯⎯⎯[133/292]⎯[22m[39m

[41m[1m FAIL [22m[49m tests/wang-unit/parser.test.js[2m > [22mWang Parser[2m > [22mshould parse try-catch-finally
[31m[1mTypeError[22m: ctx.parse is not a function[39m
[36m [2m❯[22m tests/wang-unit/parser.test.js:[2m145:25[22m[39m
    [90m143| [39m  [34mit[39m([32m'should parse try-catch-finally'[39m[33m,[39m () [33m=>[39m {
    [90m144| [39m    [35mconst[39m ctx [33m=[39m [35mnew[39m [33mTestContext[39m()[33m;[39m
    [90m145| [39m    [35mconst[39m results [33m=[39m ctx[33m.[39m[34mparse[39m([32m`
    [90m   | [39m                        [31m^[39m
    [90m146| [39m      try {
    [90m147| [39m        riskyOperation()

[31m[2m⎯⎯⎯⎯⎯⎯⎯⎯⎯⎯⎯⎯⎯⎯⎯⎯⎯⎯⎯⎯[134/292]⎯[22m[39m

[41m[1m FAIL [22m[49m tests/wang-unit/parser.test.js[2m > [22mWang Parser[2m > [22mshould parse destructuring patterns
[31m[1mTypeError[22m: ctx.parse is not a function[39m
[36m [2m❯[22m tests/wang-unit/parser.test.js:[2m166:28[22m[39m
    [90m164| [39m
    [90m165| [39m    [90m// Object destructuring[39m
    [90m166| [39m    [35mconst[39m objResults [33m=[39m ctx[33m.[39m[34mparse[39m([32m'const { a, b: renamed } = obj'[39m)[33m;[39m
    [90m   | [39m                           [31m^[39m
    [90m167| [39m    [35mconst[39m objPattern [33m=[39m objResults[[34m0[39m][33m.[39mbody[[34m0[39m][33m.[39mdeclarations[[34m0[39m][33m.[39mid[33m;[39m
    [90m168| [39m    [34mexpect[39m(objPattern[33m.[39mtype)[33m.[39m[34mtoBe[39m([32m'ObjectPattern'[39m)[33m;[39m

[31m[2m⎯⎯⎯⎯⎯⎯⎯⎯⎯⎯⎯⎯⎯⎯⎯⎯⎯⎯⎯⎯[135/292]⎯[22m[39m

[41m[1m FAIL [22m[49m tests/wang-unit/regex-browser-compat.test.js[2m > [22mWang Regex Browser Compatibility and Error Handling[2m > [22mRegex Flag Compatibility[2m > [22mshould handle global flag correctly
[31m[1mSyntaxError[22m: Parse error at line 8: Unexpected token (8:20)[39m
[36m [2m❯[22m parse src/index.js:[2m17:11[22m[39m
    [90m 15| [39m  } [35mcatch[39m (error) {
    [90m 16| [39m    [90m// Reformat error message for consistency[39m
    [90m 17| [39m    [35mthrow[39m [35mnew[39m [33mSyntaxError[39m(
    [90m   | [39m          [31m^[39m
    [90m 18| [39m      [32m`Parse error at line [39m[36m${[39merror[33m.[39mloc[33m?.[39mline [33m||[39m [32m'?'[39m[36m}[39m[32m: [39m[36m${[39merror[33m.[39mmessage[36m}[39m[32m`[39m
    [90m 19| [39m    )[33m;[39m
[90m [2m❯[22m execute src/index.js:[2m25:15[22m[39m
[90m [2m❯[22m TestContext.execute tests/test-utils.js:[2m21:35[22m[39m
[90m [2m❯[22m tests/wang-unit/regex-browser-compat.test.js:[2m35:32[22m[39m

[31m[2m⎯⎯⎯⎯⎯⎯⎯⎯⎯⎯⎯⎯⎯⎯⎯⎯⎯⎯⎯⎯[136/292]⎯[22m[39m

[41m[1m FAIL [22m[49m tests/wang-unit/regex-browser-compat.test.js[2m > [22mWang Regex Browser Compatibility and Error Handling[2m > [22mRegex Flag Compatibility[2m > [22mshould handle ignoreCase flag correctly
[31m[1mSyntaxError[22m: Parse error at line 8: Unexpected token (8:18)[39m
[36m [2m❯[22m parse src/index.js:[2m17:11[22m[39m
    [90m 15| [39m  } [35mcatch[39m (error) {
    [90m 16| [39m    [90m// Reformat error message for consistency[39m
    [90m 17| [39m    [35mthrow[39m [35mnew[39m [33mSyntaxError[39m(
    [90m   | [39m          [31m^[39m
    [90m 18| [39m      [32m`Parse error at line [39m[36m${[39merror[33m.[39mloc[33m?.[39mline [33m||[39m [32m'?'[39m[36m}[39m[32m: [39m[36m${[39merror[33m.[39mmessage[36m}[39m[32m`[39m
    [90m 19| [39m    )[33m;[39m
[90m [2m❯[22m execute src/index.js:[2m25:15[22m[39m
[90m [2m❯[22m TestContext.execute tests/test-utils.js:[2m21:35[22m[39m
[90m [2m❯[22m tests/wang-unit/regex-browser-compat.test.js:[2m53:32[22m[39m

[31m[2m⎯⎯⎯⎯⎯⎯⎯⎯⎯⎯⎯⎯⎯⎯⎯⎯⎯⎯⎯⎯[137/292]⎯[22m[39m

[41m[1m FAIL [22m[49m tests/wang-unit/regex-browser-compat.test.js[2m > [22mWang Regex Browser Compatibility and Error Handling[2m > [22mRegex Flag Compatibility[2m > [22mshould handle multiline flag correctly
[31m[1mSyntaxError[22m: Parse error at line 8: Unexpected token (8:18)[39m
[36m [2m❯[22m parse src/index.js:[2m17:11[22m[39m
    [90m 15| [39m  } [35mcatch[39m (error) {
    [90m 16| [39m    [90m// Reformat error message for consistency[39m
    [90m 17| [39m    [35mthrow[39m [35mnew[39m [33mSyntaxError[39m(
    [90m   | [39m          [31m^[39m
    [90m 18| [39m      [32m`Parse error at line [39m[36m${[39merror[33m.[39mloc[33m?.[39mline [33m||[39m [32m'?'[39m[36m}[39m[32m: [39m[36m${[39merror[33m.[39mmessage[36m}[39m[32m`[39m
    [90m 19| [39m    )[33m;[39m
[90m [2m❯[22m execute src/index.js:[2m25:15[22m[39m
[90m [2m❯[22m TestContext.execute tests/test-utils.js:[2m21:35[22m[39m
[90m [2m❯[22m tests/wang-unit/regex-browser-compat.test.js:[2m71:32[22m[39m

[31m[2m⎯⎯⎯⎯⎯⎯⎯⎯⎯⎯⎯⎯⎯⎯⎯⎯⎯⎯⎯⎯[138/292]⎯[22m[39m

[41m[1m FAIL [22m[49m tests/wang-unit/regex-browser-compat.test.js[2m > [22mWang Regex Browser Compatibility and Error Handling[2m > [22mRegex Flag Compatibility[2m > [22mshould handle dotAll flag correctly
[31m[1mReferenceError[22m: test is not defined[39m
[36m [2m❯[22m Environment.get src/runtime/environment.js:[2m24:11[22m[39m
    [90m 22| [39m      [35mreturn[39m [35mthis[39m[33m.[39mparent[33m.[39m[35mget[39m(name)[33m;[39m
    [90m 23| [39m    }
    [90m 24| [39m    [35mthrow[39m [35mnew[39m [33mReferenceError[39m([32m`[39m[36m${[39mname[36m}[39m[32m is not defined`[39m)[33m;[39m
    [90m   | [39m          [31m^[39m
    [90m 25| [39m  }
    [90m 26| [39m
[90m [2m❯[22m Interpreter.evaluate src/interpreter/interpreter.js:[2m19:20[22m[39m
[90m [2m❯[22m Interpreter.evaluateCallExpression src/interpreter/interpreter.js:[2m408:21[22m[39m
[90m [2m❯[22m Interpreter.evaluate src/interpreter/interpreter.js:[2m40:21[22m[39m
[90m [2m❯[22m Interpreter.evaluateObjectExpression src/interpreter/interpreter.js:[2m504:41[22m[39m
[90m [2m❯[22m Interpreter.evaluate src/interpreter/interpreter.js:[2m49:21[22m[39m
[90m [2m❯[22m Interpreter.evaluateVariableDeclaration src/interpreter/interpreter.js:[2m582:16[22m[39m
[90m [2m❯[22m Interpreter.evaluate src/interpreter/interpreter.js:[2m68:21[22m[39m
[90m [2m❯[22m Interpreter.evaluateProgram src/interpreter/interpreter.js:[2m188:21[22m[39m
[90m [2m❯[22m Interpreter.evaluate src/interpreter/interpreter.js:[2m13:21[22m[39m

[31m[2m⎯⎯⎯⎯⎯⎯⎯⎯⎯⎯⎯⎯⎯⎯⎯⎯⎯⎯⎯⎯[139/292]⎯[22m[39m

[41m[1m FAIL [22m[49m tests/wang-unit/regex-browser-compat.test.js[2m > [22mWang Regex Browser Compatibility and Error Handling[2m > [22mRegex Property Access[2m > [22mshould access all standard regex properties
[31m[1mSyntaxError[22m: Parse error at line 6: Unexpected token (6:16)[39m
[36m [2m❯[22m parse src/index.js:[2m17:11[22m[39m
    [90m 15| [39m  } [35mcatch[39m (error) {
    [90m 16| [39m    [90m// Reformat error message for consistency[39m
    [90m 17| [39m    [35mthrow[39m [35mnew[39m [33mSyntaxError[39m(
    [90m   | [39m          [31m^[39m
    [90m 18| [39m      [32m`Parse error at line [39m[36m${[39merror[33m.[39mloc[33m?.[39mline [33m||[39m [32m'?'[39m[36m}[39m[32m: [39m[36m${[39merror[33m.[39mmessage[36m}[39m[32m`[39m
    [90m 19| [39m    )[33m;[39m
[90m [2m❯[22m execute src/index.js:[2m25:15[22m[39m
[90m [2m❯[22m TestContext.execute tests/test-utils.js:[2m21:35[22m[39m
[90m [2m❯[22m tests/wang-unit/regex-browser-compat.test.js:[2m159:32[22m[39m

[31m[2m⎯⎯⎯⎯⎯⎯⎯⎯⎯⎯⎯⎯⎯⎯⎯⎯⎯⎯⎯⎯[140/292]⎯[22m[39m

[41m[1m FAIL [22m[49m tests/wang-unit/regex-browser-compat.test.js[2m > [22mWang Regex Browser Compatibility and Error Handling[2m > [22mRegex Property Access[2m > [22mshould handle regex as object properties
[31m[1mSyntaxError[22m: Parse error at line 12: Unexpected token (12:20)[39m
[36m [2m❯[22m parse src/index.js:[2m17:11[22m[39m
    [90m 15| [39m  } [35mcatch[39m (error) {
    [90m 16| [39m    [90m// Reformat error message for consistency[39m
    [90m 17| [39m    [35mthrow[39m [35mnew[39m [33mSyntaxError[39m(
    [90m   | [39m          [31m^[39m
    [90m 18| [39m      [32m`Parse error at line [39m[36m${[39merror[33m.[39mloc[33m?.[39mline [33m||[39m [32m'?'[39m[36m}[39m[32m: [39m[36m${[39merror[33m.[39mmessage[36m}[39m[32m`[39m
    [90m 19| [39m    )[33m;[39m
[90m [2m❯[22m execute src/index.js:[2m25:15[22m[39m
[90m [2m❯[22m TestContext.execute tests/test-utils.js:[2m21:35[22m[39m
[90m [2m❯[22m tests/wang-unit/regex-browser-compat.test.js:[2m184:32[22m[39m

[31m[2m⎯⎯⎯⎯⎯⎯⎯⎯⎯⎯⎯⎯⎯⎯⎯⎯⎯⎯⎯⎯[141/292]⎯[22m[39m

[41m[1m FAIL [22m[49m tests/wang-unit/regex-browser-compat.test.js[2m > [22mWang Regex Browser Compatibility and Error Handling[2m > [22mError Handling and Edge Cases[2m > [22mshould handle null/undefined text gracefully
[31m[1mReferenceError[22m: push is not defined[39m
[36m [2m❯[22m Environment.get src/runtime/environment.js:[2m24:11[22m[39m
    [90m 22| [39m      [35mreturn[39m [35mthis[39m[33m.[39mparent[33m.[39m[35mget[39m(name)[33m;[39m
    [90m 23| [39m    }
    [90m 24| [39m    [35mthrow[39m [35mnew[39m [33mReferenceError[39m([32m`[39m[36m${[39mname[36m}[39m[32m is not defined`[39m)[33m;[39m
    [90m   | [39m          [31m^[39m
    [90m 25| [39m  }
    [90m 26| [39m
[90m [2m❯[22m Environment.get src/runtime/environment.js:[2m22:26[22m[39m
[90m [2m❯[22m Environment.get src/runtime/environment.js:[2m22:26[22m[39m
[90m [2m❯[22m Interpreter.evaluate src/interpreter/interpreter.js:[2m19:20[22m[39m
[90m [2m❯[22m Interpreter.evaluateCallExpression src/interpreter/interpreter.js:[2m408:21[22m[39m
[90m [2m❯[22m Interpreter.evaluate src/interpreter/interpreter.js:[2m40:21[22m[39m
[90m [2m❯[22m Interpreter.evaluate src/interpreter/interpreter.js:[2m77:21[22m[39m
[90m [2m❯[22m Interpreter.evaluateBlockStatement src/interpreter/interpreter.js:[2m694:21[22m[39m
[90m [2m❯[22m Interpreter.evaluate src/interpreter/interpreter.js:[2m74:21[22m[39m
[90m [2m❯[22m Interpreter.evaluateTryStatement src/interpreter/interpreter.js:[2m861:23[22m[39m

[31m[2m⎯⎯⎯⎯⎯⎯⎯⎯⎯⎯⎯⎯⎯⎯⎯⎯⎯⎯⎯⎯[142/292]⎯[22m[39m

[41m[1m FAIL [22m[49m tests/wang-unit/regex-browser-compat.test.js[2m > [22mWang Regex Browser Compatibility and Error Handling[2m > [22mError Handling and Edge Cases[2m > [22mshould handle empty strings and patterns
[31m[1mSyntaxError[22m: Parse error at line 7: Unexpected token (7:20)[39m
[36m [2m❯[22m parse src/index.js:[2m17:11[22m[39m
    [90m 15| [39m  } [35mcatch[39m (error) {
    [90m 16| [39m    [90m// Reformat error message for consistency[39m
    [90m 17| [39m    [35mthrow[39m [35mnew[39m [33mSyntaxError[39m(
    [90m   | [39m          [31m^[39m
    [90m 18| [39m      [32m`Parse error at line [39m[36m${[39merror[33m.[39mloc[33m?.[39mline [33m||[39m [32m'?'[39m[36m}[39m[32m: [39m[36m${[39merror[33m.[39mmessage[36m}[39m[32m`[39m
    [90m 19| [39m    )[33m;[39m
[90m [2m❯[22m execute src/index.js:[2m25:15[22m[39m
[90m [2m❯[22m TestContext.execute tests/test-utils.js:[2m21:35[22m[39m
[90m [2m❯[22m tests/wang-unit/regex-browser-compat.test.js:[2m240:32[22m[39m

[31m[2m⎯⎯⎯⎯⎯⎯⎯⎯⎯⎯⎯⎯⎯⎯⎯⎯⎯⎯⎯⎯[143/292]⎯[22m[39m

[41m[1m FAIL [22m[49m tests/wang-unit/regex-browser-compat.test.js[2m > [22mWang Regex Browser Compatibility and Error Handling[2m > [22mError Handling and Edge Cases[2m > [22mshould handle special regex characters properly
[31m[1mSyntaxError[22m: Parse error at line 40: Unexpected token (40:25)[39m
[36m [2m❯[22m parse src/index.js:[2m17:11[22m[39m
    [90m 15| [39m  } [35mcatch[39m (error) {
    [90m 16| [39m    [90m// Reformat error message for consistency[39m
    [90m 17| [39m    [35mthrow[39m [35mnew[39m [33mSyntaxError[39m(
    [90m   | [39m          [31m^[39m
    [90m 18| [39m      [32m`Parse error at line [39m[36m${[39merror[33m.[39mloc[33m?.[39mline [33m||[39m [32m'?'[39m[36m}[39m[32m: [39m[36m${[39merror[33m.[39mmessage[36m}[39m[32m`[39m
    [90m 19| [39m    )[33m;[39m
[90m [2m❯[22m execute src/index.js:[2m25:15[22m[39m
[90m [2m❯[22m TestContext.execute tests/test-utils.js:[2m21:35[22m[39m
[90m [2m❯[22m tests/wang-unit/regex-browser-compat.test.js:[2m259:32[22m[39m

[31m[2m⎯⎯⎯⎯⎯⎯⎯⎯⎯⎯⎯⎯⎯⎯⎯⎯⎯⎯⎯⎯[144/292]⎯[22m[39m

[41m[1m FAIL [22m[49m tests/wang-unit/regex-browser-compat.test.js[2m > [22mWang Regex Browser Compatibility and Error Handling[2m > [22mError Handling and Edge Cases[2m > [22mshould handle regex method errors gracefully
[31m[1mSyntaxError[22m: Parse error at line 27: Unexpected token (27:20)[39m
[36m [2m❯[22m parse src/index.js:[2m17:11[22m[39m
    [90m 15| [39m  } [35mcatch[39m (error) {
    [90m 16| [39m    [90m// Reformat error message for consistency[39m
    [90m 17| [39m    [35mthrow[39m [35mnew[39m [33mSyntaxError[39m(
    [90m   | [39m          [31m^[39m
    [90m 18| [39m      [32m`Parse error at line [39m[36m${[39merror[33m.[39mloc[33m?.[39mline [33m||[39m [32m'?'[39m[36m}[39m[32m: [39m[36m${[39merror[33m.[39mmessage[36m}[39m[32m`[39m
    [90m 19| [39m    )[33m;[39m
[90m [2m❯[22m execute src/index.js:[2m25:15[22m[39m
[90m [2m❯[22m TestContext.execute tests/test-utils.js:[2m21:35[22m[39m
[90m [2m❯[22m tests/wang-unit/regex-browser-compat.test.js:[2m309:32[22m[39m

[31m[2m⎯⎯⎯⎯⎯⎯⎯⎯⎯⎯⎯⎯⎯⎯⎯⎯⎯⎯⎯⎯[145/292]⎯[22m[39m

[41m[1m FAIL [22m[49m tests/wang-unit/regex-browser-compat.test.js[2m > [22mWang Regex Browser Compatibility and Error Handling[2m > [22mCross-Browser Pattern Compatibility[2m > [22mshould handle common regex patterns consistently
[31m[1mSyntaxError[22m: Parse error at line 35: Unexpected token (35:27)[39m
[36m [2m❯[22m parse src/index.js:[2m17:11[22m[39m
    [90m 15| [39m  } [35mcatch[39m (error) {
    [90m 16| [39m    [90m// Reformat error message for consistency[39m
    [90m 17| [39m    [35mthrow[39m [35mnew[39m [33mSyntaxError[39m(
    [90m   | [39m          [31m^[39m
    [90m 18| [39m      [32m`Parse error at line [39m[36m${[39merror[33m.[39mloc[33m?.[39mline [33m||[39m [32m'?'[39m[36m}[39m[32m: [39m[36m${[39merror[33m.[39mmessage[36m}[39m[32m`[39m
    [90m 19| [39m    )[33m;[39m
[90m [2m❯[22m execute src/index.js:[2m25:15[22m[39m
[90m [2m❯[22m TestContext.execute tests/test-utils.js:[2m21:35[22m[39m
[90m [2m❯[22m tests/wang-unit/regex-browser-compat.test.js:[2m350:32[22m[39m

[31m[2m⎯⎯⎯⎯⎯⎯⎯⎯⎯⎯⎯⎯⎯⎯⎯⎯⎯⎯⎯⎯[146/292]⎯[22m[39m

[41m[1m FAIL [22m[49m tests/wang-unit/regex-browser-compat.test.js[2m > [22mWang Regex Browser Compatibility and Error Handling[2m > [22mCross-Browser Pattern Compatibility[2m > [22mshould handle Unicode categories and scripts
[31m[1mSyntaxError[22m: Parse error at line 34: Unexpected token (34:27)[39m
[36m [2m❯[22m parse src/index.js:[2m17:11[22m[39m
    [90m 15| [39m  } [35mcatch[39m (error) {
    [90m 16| [39m    [90m// Reformat error message for consistency[39m
    [90m 17| [39m    [35mthrow[39m [35mnew[39m [33mSyntaxError[39m(
    [90m   | [39m          [31m^[39m
    [90m 18| [39m      [32m`Parse error at line [39m[36m${[39merror[33m.[39mloc[33m?.[39mline [33m||[39m [32m'?'[39m[36m}[39m[32m: [39m[36m${[39merror[33m.[39mmessage[36m}[39m[32m`[39m
    [90m 19| [39m    )[33m;[39m
[90m [2m❯[22m execute src/index.js:[2m25:15[22m[39m
[90m [2m❯[22m TestContext.execute tests/test-utils.js:[2m21:35[22m[39m
[90m [2m❯[22m tests/wang-unit/regex-browser-compat.test.js:[2m395:32[22m[39m

[31m[2m⎯⎯⎯⎯⎯⎯⎯⎯⎯⎯⎯⎯⎯⎯⎯⎯⎯⎯⎯⎯[147/292]⎯[22m[39m

[41m[1m FAIL [22m[49m tests/wang-unit/regex-browser-compat.test.js[2m > [22mWang Regex Browser Compatibility and Error Handling[2m > [22mCross-Browser Pattern Compatibility[2m > [22mshould handle lookbehind assertions compatibility
[31m[1mSyntaxError[22m: Parse error at line 28: Unexpected token (28:17)[39m
[36m [2m❯[22m parse src/index.js:[2m17:11[22m[39m
    [90m 15| [39m  } [35mcatch[39m (error) {
    [90m 16| [39m    [90m// Reformat error message for consistency[39m
    [90m 17| [39m    [35mthrow[39m [35mnew[39m [33mSyntaxError[39m(
    [90m   | [39m          [31m^[39m
    [90m 18| [39m      [32m`Parse error at line [39m[36m${[39merror[33m.[39mloc[33m?.[39mline [33m||[39m [32m'?'[39m[36m}[39m[32m: [39m[36m${[39merror[33m.[39mmessage[36m}[39m[32m`[39m
    [90m 19| [39m    )[33m;[39m
[90m [2m❯[22m execute src/index.js:[2m25:15[22m[39m
[90m [2m❯[22m TestContext.execute tests/test-utils.js:[2m21:35[22m[39m
[90m [2m❯[22m tests/wang-unit/regex-browser-compat.test.js:[2m439:32[22m[39m

[31m[2m⎯⎯⎯⎯⎯⎯⎯⎯⎯⎯⎯⎯⎯⎯⎯⎯⎯⎯⎯⎯[148/292]⎯[22m[39m

[41m[1m FAIL [22m[49m tests/wang-unit/regex-browser-compat.test.js[2m > [22mWang Regex Browser Compatibility and Error Handling[2m > [22mRegExp Constructor Compatibility[2m > [22mshould handle RegExp constructor from patterns
[31m[1mSyntaxError[22m: Parse error at line 9: Unexpected token (9:25)[39m
[36m [2m❯[22m parse src/index.js:[2m17:11[22m[39m
    [90m 15| [39m  } [35mcatch[39m (error) {
    [90m 16| [39m    [90m// Reformat error message for consistency[39m
    [90m 17| [39m    [35mthrow[39m [35mnew[39m [33mSyntaxError[39m(
    [90m   | [39m          [31m^[39m
    [90m 18| [39m      [32m`Parse error at line [39m[36m${[39merror[33m.[39mloc[33m?.[39mline [33m||[39m [32m'?'[39m[36m}[39m[32m: [39m[36m${[39merror[33m.[39mmessage[36m}[39m[32m`[39m
    [90m 19| [39m    )[33m;[39m
[90m [2m❯[22m execute src/index.js:[2m25:15[22m[39m
[90m [2m❯[22m TestContext.execute tests/test-utils.js:[2m21:35[22m[39m
[90m [2m❯[22m tests/wang-unit/regex-browser-compat.test.js:[2m480:32[22m[39m

[31m[2m⎯⎯⎯⎯⎯⎯⎯⎯⎯⎯⎯⎯⎯⎯⎯⎯⎯⎯⎯⎯[149/292]⎯[22m[39m

[41m[1m FAIL [22m[49m tests/wang-unit/regex-browser-compat.test.js[2m > [22mWang Regex Browser Compatibility and Error Handling[2m > [22mRegExp Constructor Compatibility[2m > [22mshould handle string patterns in RegExp constructor
[31m[1mSyntaxError[22m: Parse error at line 9: Unexpected token (9:23)[39m
[36m [2m❯[22m parse src/index.js:[2m17:11[22m[39m
    [90m 15| [39m  } [35mcatch[39m (error) {
    [90m 16| [39m    [90m// Reformat error message for consistency[39m
    [90m 17| [39m    [35mthrow[39m [35mnew[39m [33mSyntaxError[39m(
    [90m   | [39m          [31m^[39m
    [90m 18| [39m      [32m`Parse error at line [39m[36m${[39merror[33m.[39mloc[33m?.[39mline [33m||[39m [32m'?'[39m[36m}[39m[32m: [39m[36m${[39merror[33m.[39mmessage[36m}[39m[32m`[39m
    [90m 19| [39m    )[33m;[39m
[90m [2m❯[22m execute src/index.js:[2m25:15[22m[39m
[90m [2m❯[22m TestContext.execute tests/test-utils.js:[2m21:35[22m[39m
[90m [2m❯[22m tests/wang-unit/regex-browser-compat.test.js:[2m505:32[22m[39m

[31m[2m⎯⎯⎯⎯⎯⎯⎯⎯⎯⎯⎯⎯⎯⎯⎯⎯⎯⎯⎯⎯[150/292]⎯[22m[39m

[41m[1m FAIL [22m[49m tests/wang-unit/regex-browser-compat.test.js[2m > [22mWang Regex Browser Compatibility and Error Handling[2m > [22mMemory and Resource Management[2m > [22mshould handle pattern reuse efficiently
[31m[1mSyntaxError[22m: Parse error at line 21: Unexpected token (21:27)[39m
[36m [2m❯[22m parse src/index.js:[2m17:11[22m[39m
    [90m 15| [39m  } [35mcatch[39m (error) {
    [90m 16| [39m    [90m// Reformat error message for consistency[39m
    [90m 17| [39m    [35mthrow[39m [35mnew[39m [33mSyntaxError[39m(
    [90m   | [39m          [31m^[39m
    [90m 18| [39m      [32m`Parse error at line [39m[36m${[39merror[33m.[39mloc[33m?.[39mline [33m||[39m [32m'?'[39m[36m}[39m[32m: [39m[36m${[39merror[33m.[39mmessage[36m}[39m[32m`[39m
    [90m 19| [39m    )[33m;[39m
[90m [2m❯[22m execute src/index.js:[2m25:15[22m[39m
[90m [2m❯[22m TestContext.execute tests/test-utils.js:[2m21:35[22m[39m
[90m [2m❯[22m tests/wang-unit/regex-browser-compat.test.js:[2m528:32[22m[39m

[31m[2m⎯⎯⎯⎯⎯⎯⎯⎯⎯⎯⎯⎯⎯⎯⎯⎯⎯⎯⎯⎯[151/292]⎯[22m[39m

[41m[1m FAIL [22m[49m tests/wang-unit/regex-browser-compat.test.js[2m > [22mWang Regex Browser Compatibility and Error Handling[2m > [22mMemory and Resource Management[2m > [22mshould handle cleanup of temporary patterns
[31m[1mSyntaxError[22m: Parse error at line 15: Unexpected token (15:20)[39m
[36m [2m❯[22m parse src/index.js:[2m17:11[22m[39m
    [90m 15| [39m  } [35mcatch[39m (error) {
    [90m 16| [39m    [90m// Reformat error message for consistency[39m
    [90m 17| [39m    [35mthrow[39m [35mnew[39m [33mSyntaxError[39m(
    [90m   | [39m          [31m^[39m
    [90m 18| [39m      [32m`Parse error at line [39m[36m${[39merror[33m.[39mloc[33m?.[39mline [33m||[39m [32m'?'[39m[36m}[39m[32m: [39m[36m${[39merror[33m.[39mmessage[36m}[39m[32m`[39m
    [90m 19| [39m    )[33m;[39m
[90m [2m❯[22m execute src/index.js:[2m25:15[22m[39m
[90m [2m❯[22m TestContext.execute tests/test-utils.js:[2m21:35[22m[39m
[90m [2m❯[22m tests/wang-unit/regex-browser-compat.test.js:[2m559:32[22m[39m

[31m[2m⎯⎯⎯⎯⎯⎯⎯⎯⎯⎯⎯⎯⎯⎯⎯⎯⎯⎯⎯⎯[152/292]⎯[22m[39m

[41m[1m FAIL [22m[49m tests/wang-unit/regex-edge-cases.test.js[2m > [22mWang Regex Edge Cases and Parser Conflicts[2m > [22mDivision vs Regex Context Disambiguation[2m > [22mshould parse division after function calls
[31m[1mReferenceError[22m: getValue is not defined[39m
[36m [2m❯[22m Environment.get src/runtime/environment.js:[2m24:11[22m[39m
    [90m 22| [39m      [35mreturn[39m [35mthis[39m[33m.[39mparent[33m.[39m[35mget[39m(name)[33m;[39m
    [90m 23| [39m    }
    [90m 24| [39m    [35mthrow[39m [35mnew[39m [33mReferenceError[39m([32m`[39m[36m${[39mname[36m}[39m[32m is not defined`[39m)[33m;[39m
    [90m   | [39m          [31m^[39m
    [90m 25| [39m  }
    [90m 26| [39m
[90m [2m❯[22m Interpreter.evaluate src/interpreter/interpreter.js:[2m19:20[22m[39m
[90m [2m❯[22m Interpreter.evaluateCallExpression src/interpreter/interpreter.js:[2m408:21[22m[39m
[90m [2m❯[22m Interpreter.evaluate src/interpreter/interpreter.js:[2m40:21[22m[39m
[90m [2m❯[22m Interpreter.evaluateBinaryExpression src/interpreter/interpreter.js:[2m197:23[22m[39m
[90m [2m❯[22m Interpreter.evaluate src/interpreter/interpreter.js:[2m22:21[22m[39m
[90m [2m❯[22m Interpreter.evaluate src/interpreter/interpreter.js:[2m77:21[22m[39m
[90m [2m❯[22m Interpreter.evaluateProgram src/interpreter/interpreter.js:[2m188:21[22m[39m
[90m [2m❯[22m Interpreter.evaluate src/interpreter/interpreter.js:[2m13:21[22m[39m
[90m [2m❯[22m execute src/index.js:[2m34:30[22m[39m

[31m[2m⎯⎯⎯⎯⎯⎯⎯⎯⎯⎯⎯⎯⎯⎯⎯⎯⎯⎯⎯⎯[153/292]⎯[22m[39m

[41m[1m FAIL [22m[49m tests/wang-unit/regex-edge-cases.test.js[2m > [22mWang Regex Edge Cases and Parser Conflicts[2m > [22mRegex Context Recognition[2m > [22mshould parse regex after assignment operators
[31m[1mTypeError[22m: Cannot read properties of undefined (reading 'currentContext')[39m
[36m [2m❯[22m tests/wang-unit/regex-edge-cases.test.js:[2m88:39[22m[39m
    [90m 86| [39m    [34mtest[39m([32m'should parse regex after assignment operators'[39m[33m,[39m [35masync[39m () [33m=>[39m {
    [90m 87| [39m      [35mawait[39m ctx[33m.[39m[34mexecute[39m([32m'let pattern = /test/'[39m)[33m;[39m
    [90m 88| [39m      const pattern = ctx.interpreter.currentContext.variables.get('pa…
    [90m   | [39m                                      [31m^[39m
    [90m 89| [39m      [34mexpect[39m(pattern)[33m.[39m[34mtoBeInstanceOf[39m([33mRegExp[39m)[33m;[39m
    [90m 90| [39m      [34mexpect[39m(pattern[33m.[39msource)[33m.[39m[34mtoBe[39m([32m'test'[39m)[33m;[39m

[31m[2m⎯⎯⎯⎯⎯⎯⎯⎯⎯⎯⎯⎯⎯⎯⎯⎯⎯⎯⎯⎯[154/292]⎯[22m[39m

[41m[1m FAIL [22m[49m tests/wang-unit/regex-edge-cases.test.js[2m > [22mWang Regex Edge Cases and Parser Conflicts[2m > [22mRegex Context Recognition[2m > [22mshould parse regex after compound assignment
[31m[1mTypeError[22m: Cannot read properties of undefined (reading 'currentContext')[39m
[36m [2m❯[22m tests/wang-unit/regex-edge-cases.test.js:[2m98:39[22m[39m
    [90m 96| [39m        pattern = /updated/g
    [90m 97| [39m      `[39m)[33m;[39m
    [90m 98| [39m      const pattern = ctx.interpreter.currentContext.variables.get('pa…
    [90m   | [39m                                      [31m^[39m
    [90m 99| [39m      [34mexpect[39m(pattern[33m.[39msource)[33m.[39m[34mtoBe[39m([32m'updated'[39m)[33m;[39m
    [90m100| [39m      [34mexpect[39m(pattern[33m.[39mglobal)[33m.[39m[34mtoBe[39m([35mtrue[39m)[33m;[39m

[31m[2m⎯⎯⎯⎯⎯⎯⎯⎯⎯⎯⎯⎯⎯⎯⎯⎯⎯⎯⎯⎯[155/292]⎯[22m[39m

[41m[1m FAIL [22m[49m tests/wang-unit/regex-edge-cases.test.js[2m > [22mWang Regex Edge Cases and Parser Conflicts[2m > [22mRegex Context Recognition[2m > [22mshould parse regex after opening parenthesis
[31m[1mReferenceError[22m: testRegex is not defined[39m
[36m [2m❯[22m Environment.get src/runtime/environment.js:[2m24:11[22m[39m
    [90m 22| [39m      [35mreturn[39m [35mthis[39m[33m.[39mparent[33m.[39m[35mget[39m(name)[33m;[39m
    [90m 23| [39m    }
    [90m 24| [39m    [35mthrow[39m [35mnew[39m [33mReferenceError[39m([32m`[39m[36m${[39mname[36m}[39m[32m is not defined`[39m)[33m;[39m
    [90m   | [39m          [31m^[39m
    [90m 25| [39m  }
    [90m 26| [39m
[90m [2m❯[22m Interpreter.evaluate src/interpreter/interpreter.js:[2m19:20[22m[39m
[90m [2m❯[22m Interpreter.evaluateCallExpression src/interpreter/interpreter.js:[2m408:21[22m[39m
[90m [2m❯[22m Interpreter.evaluate src/interpreter/interpreter.js:[2m40:21[22m[39m
[90m [2m❯[22m Interpreter.evaluate src/interpreter/interpreter.js:[2m77:21[22m[39m
[90m [2m❯[22m Interpreter.evaluateProgram src/interpreter/interpreter.js:[2m188:21[22m[39m
[90m [2m❯[22m Interpreter.evaluate src/interpreter/interpreter.js:[2m13:21[22m[39m
[90m [2m❯[22m execute src/index.js:[2m34:30[22m[39m
[90m [2m❯[22m TestContext.execute tests/test-utils.js:[2m21:35[22m[39m
[90m [2m❯[22m tests/wang-unit/regex-edge-cases.test.js:[2m105:32[22m[39m

[31m[2m⎯⎯⎯⎯⎯⎯⎯⎯⎯⎯⎯⎯⎯⎯⎯⎯⎯⎯⎯⎯[156/292]⎯[22m[39m

[41m[1m FAIL [22m[49m tests/wang-unit/regex-edge-cases.test.js[2m > [22mWang Regex Edge Cases and Parser Conflicts[2m > [22mRegex Context Recognition[2m > [22mshould parse regex after comma
[31m[1mReferenceError[22m: multiRegex is not defined[39m
[36m [2m❯[22m Environment.get src/runtime/environment.js:[2m24:11[22m[39m
    [90m 22| [39m      [35mreturn[39m [35mthis[39m[33m.[39mparent[33m.[39m[35mget[39m(name)[33m;[39m
    [90m 23| [39m    }
    [90m 24| [39m    [35mthrow[39m [35mnew[39m [33mReferenceError[39m([32m`[39m[36m${[39mname[36m}[39m[32m is not defined`[39m)[33m;[39m
    [90m   | [39m          [31m^[39m
    [90m 25| [39m  }
    [90m 26| [39m
[90m [2m❯[22m Interpreter.evaluate src/interpreter/interpreter.js:[2m19:20[22m[39m
[90m [2m❯[22m Interpreter.evaluateCallExpression src/interpreter/interpreter.js:[2m408:21[22m[39m
[90m [2m❯[22m Interpreter.evaluate src/interpreter/interpreter.js:[2m40:21[22m[39m
[90m [2m❯[22m Interpreter.evaluate src/interpreter/interpreter.js:[2m77:21[22m[39m
[90m [2m❯[22m Interpreter.evaluateProgram src/interpreter/interpreter.js:[2m188:21[22m[39m
[90m [2m❯[22m Interpreter.evaluate src/interpreter/interpreter.js:[2m13:21[22m[39m
[90m [2m❯[22m execute src/index.js:[2m34:30[22m[39m
[90m [2m❯[22m TestContext.execute tests/test-utils.js:[2m21:35[22m[39m
[90m [2m❯[22m tests/wang-unit/regex-edge-cases.test.js:[2m119:32[22m[39m

[31m[2m⎯⎯⎯⎯⎯⎯⎯⎯⎯⎯⎯⎯⎯⎯⎯⎯⎯⎯⎯⎯[157/292]⎯[22m[39m

[41m[1m FAIL [22m[49m tests/wang-unit/regex-edge-cases.test.js[2m > [22mWang Regex Edge Cases and Parser Conflicts[2m > [22mRegex Context Recognition[2m > [22mshould parse regex after logical operators
[31m[1mReferenceError[22m: isValid is not defined[39m
[36m [2m❯[22m Environment.get src/runtime/environment.js:[2m24:11[22m[39m
    [90m 22| [39m      [35mreturn[39m [35mthis[39m[33m.[39mparent[33m.[39m[35mget[39m(name)[33m;[39m
    [90m 23| [39m    }
    [90m 24| [39m    [35mthrow[39m [35mnew[39m [33mReferenceError[39m([32m`[39m[36m${[39mname[36m}[39m[32m is not defined`[39m)[33m;[39m
    [90m   | [39m          [31m^[39m
    [90m 25| [39m  }
    [90m 26| [39m
[90m [2m❯[22m Interpreter.evaluate src/interpreter/interpreter.js:[2m19:20[22m[39m
[90m [2m❯[22m Interpreter.evaluateCallExpression src/interpreter/interpreter.js:[2m408:21[22m[39m
[90m [2m❯[22m Interpreter.evaluate src/interpreter/interpreter.js:[2m40:21[22m[39m
[90m [2m❯[22m Interpreter.evaluateLogicalExpression src/interpreter/interpreter.js:[2m380:26[22m[39m
[90m [2m❯[22m Interpreter.evaluate src/interpreter/interpreter.js:[2m34:21[22m[39m
[90m [2m❯[22m Interpreter.evaluateVariableDeclaration src/interpreter/interpreter.js:[2m582:16[22m[39m
[90m [2m❯[22m Interpreter.evaluate src/interpreter/interpreter.js:[2m68:21[22m[39m
[90m [2m❯[22m Interpreter.evaluateProgram src/interpreter/interpreter.js:[2m188:21[22m[39m
[90m [2m❯[22m Interpreter.evaluate src/interpreter/interpreter.js:[2m13:21[22m[39m

[31m[2m⎯⎯⎯⎯⎯⎯⎯⎯⎯⎯⎯⎯⎯⎯⎯⎯⎯⎯⎯⎯[158/292]⎯[22m[39m

[41m[1m FAIL [22m[49m tests/wang-unit/regex-edge-cases.test.js[2m > [22mWang Regex Edge Cases and Parser Conflicts[2m > [22mComplex Parsing Scenarios[2m > [22mshould handle mixed division and regex in same expression
[31m[1mReferenceError[22m: test is not defined[39m
[36m [2m❯[22m Environment.get src/runtime/environment.js:[2m24:11[22m[39m
    [90m 22| [39m      [35mreturn[39m [35mthis[39m[33m.[39mparent[33m.[39m[35mget[39m(name)[33m;[39m
    [90m 23| [39m    }
    [90m 24| [39m    [35mthrow[39m [35mnew[39m [33mReferenceError[39m([32m`[39m[36m${[39mname[36m}[39m[32m is not defined`[39m)[33m;[39m
    [90m   | [39m          [31m^[39m
    [90m 25| [39m  }
    [90m 26| [39m
[90m [2m❯[22m Interpreter.evaluate src/interpreter/interpreter.js:[2m19:20[22m[39m
[90m [2m❯[22m Interpreter.evaluateCallExpression src/interpreter/interpreter.js:[2m408:21[22m[39m
[90m [2m❯[22m Interpreter.evaluate src/interpreter/interpreter.js:[2m40:21[22m[39m
[90m [2m❯[22m Interpreter.evaluate src/interpreter/interpreter.js:[2m77:21[22m[39m
[90m [2m❯[22m Interpreter.evaluateProgram src/interpreter/interpreter.js:[2m188:21[22m[39m
[90m [2m❯[22m Interpreter.evaluate src/interpreter/interpreter.js:[2m13:21[22m[39m
[90m [2m❯[22m execute src/index.js:[2m34:30[22m[39m
[90m [2m❯[22m TestContext.execute tests/test-utils.js:[2m21:35[22m[39m
[90m [2m❯[22m tests/wang-unit/regex-edge-cases.test.js:[2m185:32[22m[39m

[31m[2m⎯⎯⎯⎯⎯⎯⎯⎯⎯⎯⎯⎯⎯⎯⎯⎯⎯⎯⎯⎯[159/292]⎯[22m[39m

[41m[1m FAIL [22m[49m tests/wang-unit/regex-edge-cases.test.js[2m > [22mWang Regex Edge Cases and Parser Conflicts[2m > [22mComplex Parsing Scenarios[2m > [22mshould handle regex in arithmetic expressions with division
[31m[1mReferenceError[22m: length is not defined[39m
[36m [2m❯[22m Environment.get src/runtime/environment.js:[2m24:11[22m[39m
    [90m 22| [39m      [35mreturn[39m [35mthis[39m[33m.[39mparent[33m.[39m[35mget[39m(name)[33m;[39m
    [90m 23| [39m    }
    [90m 24| [39m    [35mthrow[39m [35mnew[39m [33mReferenceError[39m([32m`[39m[36m${[39mname[36m}[39m[32m is not defined`[39m)[33m;[39m
    [90m   | [39m          [31m^[39m
    [90m 25| [39m  }
    [90m 26| [39m
[90m [2m❯[22m Interpreter.evaluate src/interpreter/interpreter.js:[2m19:20[22m[39m
[90m [2m❯[22m Interpreter.evaluateCallExpression src/interpreter/interpreter.js:[2m408:21[22m[39m
[90m [2m❯[22m Interpreter.evaluate src/interpreter/interpreter.js:[2m40:21[22m[39m
[90m [2m❯[22m Interpreter.evaluateVariableDeclaration src/interpreter/interpreter.js:[2m582:16[22m[39m
[90m [2m❯[22m Interpreter.evaluate src/interpreter/interpreter.js:[2m68:21[22m[39m
[90m [2m❯[22m Interpreter.evaluateProgram src/interpreter/interpreter.js:[2m188:21[22m[39m
[90m [2m❯[22m Interpreter.evaluate src/interpreter/interpreter.js:[2m13:21[22m[39m
[90m [2m❯[22m execute src/index.js:[2m34:30[22m[39m
[90m [2m❯[22m TestContext.execute tests/test-utils.js:[2m21:35[22m[39m

[31m[2m⎯⎯⎯⎯⎯⎯⎯⎯⎯⎯⎯⎯⎯⎯⎯⎯⎯⎯⎯⎯[160/292]⎯[22m[39m

[41m[1m FAIL [22m[49m tests/wang-unit/regex-edge-cases.test.js[2m > [22mWang Regex Edge Cases and Parser Conflicts[2m > [22mComplex Parsing Scenarios[2m > [22mshould handle nested parentheses with regex and division
[41m[1m FAIL [22m[49m tests/wang-unit/regex-edge-cases.test.js[2m > [22mWang Regex Edge Cases and Parser Conflicts[2m > [22mOperator Precedence with Regex[2m > [22mshould respect precedence with regex in expressions
[31m[1mReferenceError[22m: test is not defined[39m
[36m [2m❯[22m Environment.get src/runtime/environment.js:[2m24:11[22m[39m
    [90m 22| [39m      [35mreturn[39m [35mthis[39m[33m.[39mparent[33m.[39m[35mget[39m(name)[33m;[39m
    [90m 23| [39m    }
    [90m 24| [39m    [35mthrow[39m [35mnew[39m [33mReferenceError[39m([32m`[39m[36m${[39mname[36m}[39m[32m is not defined`[39m)[33m;[39m
    [90m   | [39m          [31m^[39m
    [90m 25| [39m  }
    [90m 26| [39m
[90m [2m❯[22m Interpreter.evaluate src/interpreter/interpreter.js:[2m19:20[22m[39m
[90m [2m❯[22m Interpreter.evaluateCallExpression src/interpreter/interpreter.js:[2m408:21[22m[39m
[90m [2m❯[22m Interpreter.evaluate src/interpreter/interpreter.js:[2m40:21[22m[39m
[90m [2m❯[22m Interpreter.evaluateLogicalExpression src/interpreter/interpreter.js:[2m377:23[22m[39m
[90m [2m❯[22m Interpreter.evaluate src/interpreter/interpreter.js:[2m34:21[22m[39m
[90m [2m❯[22m Interpreter.evaluateVariableDeclaration src/interpreter/interpreter.js:[2m582:16[22m[39m
[90m [2m❯[22m Interpreter.evaluate src/interpreter/interpreter.js:[2m68:21[22m[39m
[90m [2m❯[22m Interpreter.evaluateProgram src/interpreter/interpreter.js:[2m188:21[22m[39m
[90m [2m❯[22m Interpreter.evaluate src/interpreter/interpreter.js:[2m13:21[22m[39m

[31m[2m⎯⎯⎯⎯⎯⎯⎯⎯⎯⎯⎯⎯⎯⎯⎯⎯⎯⎯⎯⎯[161/292]⎯[22m[39m

[41m[1m FAIL [22m[49m tests/wang-unit/regex-edge-cases.test.js[2m > [22mWang Regex Edge Cases and Parser Conflicts[2m > [22mComplex Parsing Scenarios[2m > [22mshould handle division followed by regex on next line
[31m[1mReferenceError[22m: pattern is not defined[39m
[36m [2m❯[22m Environment.get src/runtime/environment.js:[2m24:11[22m[39m
    [90m 22| [39m      [35mreturn[39m [35mthis[39m[33m.[39mparent[33m.[39m[35mget[39m(name)[33m;[39m
    [90m 23| [39m    }
    [90m 24| [39m    [35mthrow[39m [35mnew[39m [33mReferenceError[39m([32m`[39m[36m${[39mname[36m}[39m[32m is not defined`[39m)[33m;[39m
    [90m   | [39m          [31m^[39m
    [90m 25| [39m  }
    [90m 26| [39m
[90m [2m❯[22m Interpreter.evaluate src/interpreter/interpreter.js:[2m19:20[22m[39m
[90m [2m❯[22m Interpreter.evaluateMemberExpression src/interpreter/interpreter.js:[2m452:22[22m[39m
[90m [2m❯[22m Interpreter.evaluate src/interpreter/interpreter.js:[2m43:21[22m[39m
[90m [2m❯[22m Interpreter.evaluateSequenceExpression src/interpreter/interpreter.js:[2m574:21[22m[39m
[90m [2m❯[22m Interpreter.evaluate src/interpreter/interpreter.js:[2m65:21[22m[39m
[90m [2m❯[22m Interpreter.evaluateMemberExpression src/interpreter/interpreter.js:[2m459:14[22m[39m
[90m [2m❯[22m Interpreter.evaluate src/interpreter/interpreter.js:[2m43:21[22m[39m
[90m [2m❯[22m Interpreter.evaluateVariableDeclaration src/interpreter/interpreter.js:[2m582:16[22m[39m
[90m [2m❯[22m Interpreter.evaluate src/interpreter/interpreter.js:[2m68:21[22m[39m

[31m[2m⎯⎯⎯⎯⎯⎯⎯⎯⎯⎯⎯⎯⎯⎯⎯⎯⎯⎯⎯⎯[162/292]⎯[22m[39m

[41m[1m FAIL [22m[49m tests/wang-unit/regex-edge-cases.test.js[2m > [22mWang Regex Edge Cases and Parser Conflicts[2m > [22mComplex Parsing Scenarios[2m > [22mshould handle regex in for loop conditions
[41m[1m FAIL [22m[49m tests/wang-unit/regex-integration.test.js[2m > [22mWang Regex Integration with Language Features[2m > [22mRegex with Control Flow[2m > [22mshould work in for loops
[41m[1m FAIL [22m[49m tests/wang-unit/regex-integration.test.js[2m > [22mWang Regex Integration with Language Features[2m > [22mRegex with Control Flow[2m > [22mshould work in for-of loops
[41m[1m FAIL [22m[49m tests/wang-unit/regex-integration.test.js[2m > [22mWang Regex Integration with Language Features[2m > [22mRegex Performance with Language Features[2m > [22mshould handle regex in loops efficiently
[41m[1m FAIL [22m[49m tests/wang-unit/regex-integration.test.js[2m > [22mWang Regex Integration with Language Features[2m > [22mRegex Performance with Language Features[2m > [22mshould handle multiple regex patterns efficiently
[31m[1mReferenceError[22m: test is not defined[39m
[36m [2m❯[22m Environment.get src/runtime/environment.js:[2m24:11[22m[39m
    [90m 22| [39m      [35mreturn[39m [35mthis[39m[33m.[39mparent[33m.[39m[35mget[39m(name)[33m;[39m
    [90m 23| [39m    }
    [90m 24| [39m    [35mthrow[39m [35mnew[39m [33mReferenceError[39m([32m`[39m[36m${[39mname[36m}[39m[32m is not defined`[39m)[33m;[39m
    [90m   | [39m          [31m^[39m
    [90m 25| [39m  }
    [90m 26| [39m
[90m [2m❯[22m Environment.get src/runtime/environment.js:[2m22:26[22m[39m
[90m [2m❯[22m Environment.get src/runtime/environment.js:[2m22:26[22m[39m
[90m [2m❯[22m Interpreter.evaluate src/interpreter/interpreter.js:[2m19:20[22m[39m
[90m [2m❯[22m Interpreter.evaluateCallExpression src/interpreter/interpreter.js:[2m408:21[22m[39m
[90m [2m❯[22m Interpreter.evaluate src/interpreter/interpreter.js:[2m40:21[22m[39m
[90m [2m❯[22m Interpreter.evaluateIfStatement src/interpreter/interpreter.js:[2m707:23[22m[39m
[90m [2m❯[22m Interpreter.evaluate src/interpreter/interpreter.js:[2m83:21[22m[39m
[90m [2m❯[22m Interpreter.evaluateBlockStatement src/interpreter/interpreter.js:[2m694:21[22m[39m
[90m [2m❯[22m Interpreter.evaluate src/interpreter/interpreter.js:[2m74:21[22m[39m

[31m[2m⎯⎯⎯⎯⎯⎯⎯⎯⎯⎯⎯⎯⎯⎯⎯⎯⎯⎯⎯⎯[163/292]⎯[22m[39m

[41m[1m FAIL [22m[49m tests/wang-unit/regex-edge-cases.test.js[2m > [22mWang Regex Edge Cases and Parser Conflicts[2m > [22mError Boundaries[2m > [22mshould handle regex with escaped slashes in division context
[31m[1mReferenceError[22m: math is not defined[39m
[36m [2m❯[22m Environment.get src/runtime/environment.js:[2m24:11[22m[39m
    [90m 22| [39m      [35mreturn[39m [35mthis[39m[33m.[39mparent[33m.[39m[35mget[39m(name)[33m;[39m
    [90m 23| [39m    }
    [90m 24| [39m    [35mthrow[39m [35mnew[39m [33mReferenceError[39m([32m`[39m[36m${[39mname[36m}[39m[32m is not defined`[39m)[33m;[39m
    [90m   | [39m          [31m^[39m
    [90m 25| [39m  }
    [90m 26| [39m
[90m [2m❯[22m Interpreter.evaluate src/interpreter/interpreter.js:[2m19:20[22m[39m
[90m [2m❯[22m Interpreter.evaluateSequenceExpression src/interpreter/interpreter.js:[2m574:21[22m[39m
[90m [2m❯[22m Interpreter.evaluate src/interpreter/interpreter.js:[2m65:21[22m[39m
[90m [2m❯[22m Interpreter.evaluateMemberExpression src/interpreter/interpreter.js:[2m459:14[22m[39m
[90m [2m❯[22m Interpreter.evaluate src/interpreter/interpreter.js:[2m43:21[22m[39m
[90m [2m❯[22m Interpreter.evaluateBinaryExpression src/interpreter/interpreter.js:[2m198:24[22m[39m
[90m [2m❯[22m Interpreter.evaluate src/interpreter/interpreter.js:[2m22:21[22m[39m
[90m [2m❯[22m Interpreter.evaluateVariableDeclaration src/interpreter/interpreter.js:[2m582:16[22m[39m
[90m [2m❯[22m Interpreter.evaluate src/interpreter/interpreter.js:[2m68:21[22m[39m

[31m[2m⎯⎯⎯⎯⎯⎯⎯⎯⎯⎯⎯⎯⎯⎯⎯⎯⎯⎯⎯⎯[164/292]⎯[22m[39m

[41m[1m FAIL [22m[49m tests/wang-unit/regex-edge-cases.test.js[2m > [22mWang Regex Edge Cases and Parser Conflicts[2m > [22mOperator Precedence with Regex[2m > [22mshould handle regex in comparison operations
[31m[1mReferenceError[22m: toString is not defined[39m
[36m [2m❯[22m Environment.get src/runtime/environment.js:[2m24:11[22m[39m
    [90m 22| [39m      [35mreturn[39m [35mthis[39m[33m.[39mparent[33m.[39m[35mget[39m(name)[33m;[39m
    [90m 23| [39m    }
    [90m 24| [39m    [35mthrow[39m [35mnew[39m [33mReferenceError[39m([32m`[39m[36m${[39mname[36m}[39m[32m is not defined`[39m)[33m;[39m
    [90m   | [39m          [31m^[39m
    [90m 25| [39m  }
    [90m 26| [39m
[90m [2m❯[22m Interpreter.evaluate src/interpreter/interpreter.js:[2m19:20[22m[39m
[90m [2m❯[22m Interpreter.evaluateCallExpression src/interpreter/interpreter.js:[2m408:21[22m[39m
[90m [2m❯[22m Interpreter.evaluate src/interpreter/interpreter.js:[2m40:21[22m[39m
[90m [2m❯[22m Interpreter.evaluateBinaryExpression src/interpreter/interpreter.js:[2m197:23[22m[39m
[90m [2m❯[22m Interpreter.evaluate src/interpreter/interpreter.js:[2m22:21[22m[39m
[90m [2m❯[22m Interpreter.evaluate src/interpreter/interpreter.js:[2m77:21[22m[39m
[90m [2m❯[22m Interpreter.evaluateProgram src/interpreter/interpreter.js:[2m188:21[22m[39m
[90m [2m❯[22m Interpreter.evaluate src/interpreter/interpreter.js:[2m13:21[22m[39m
[90m [2m❯[22m execute src/index.js:[2m34:30[22m[39m

[31m[2m⎯⎯⎯⎯⎯⎯⎯⎯⎯⎯⎯⎯⎯⎯⎯⎯⎯⎯⎯⎯[165/292]⎯[22m[39m

[41m[1m FAIL [22m[49m tests/wang-unit/regex-integration.test.js[2m > [22mWang Regex Integration with Language Features[2m > [22mRegex with Variables and Scoping[2m > [22mshould work with let variables
[31m[1mReferenceError[22m: test is not defined[39m
[36m [2m❯[22m Environment.get src/runtime/environment.js:[2m24:11[22m[39m
    [90m 22| [39m      [35mreturn[39m [35mthis[39m[33m.[39mparent[33m.[39m[35mget[39m(name)[33m;[39m
    [90m 23| [39m    }
    [90m 24| [39m    [35mthrow[39m [35mnew[39m [33mReferenceError[39m([32m`[39m[36m${[39mname[36m}[39m[32m is not defined`[39m)[33m;[39m
    [90m   | [39m          [31m^[39m
    [90m 25| [39m  }
    [90m 26| [39m
[90m [2m❯[22m Interpreter.evaluate src/interpreter/interpreter.js:[2m19:20[22m[39m
[90m [2m❯[22m Interpreter.evaluateCallExpression src/interpreter/interpreter.js:[2m408:21[22m[39m
[90m [2m❯[22m Interpreter.evaluate src/interpreter/interpreter.js:[2m40:21[22m[39m
[90m [2m❯[22m Interpreter.evaluate src/interpreter/interpreter.js:[2m77:21[22m[39m
[90m [2m❯[22m Interpreter.evaluateProgram src/interpreter/interpreter.js:[2m188:21[22m[39m
[90m [2m❯[22m Interpreter.evaluate src/interpreter/interpreter.js:[2m13:21[22m[39m
[90m [2m❯[22m execute src/index.js:[2m34:30[22m[39m
[90m [2m❯[22m TestContext.execute tests/test-utils.js:[2m21:35[22m[39m
[90m [2m❯[22m tests/wang-unit/regex-integration.test.js:[2m34:32[22m[39m

[31m[2m⎯⎯⎯⎯⎯⎯⎯⎯⎯⎯⎯⎯⎯⎯⎯⎯⎯⎯⎯⎯[166/292]⎯[22m[39m

[41m[1m FAIL [22m[49m tests/wang-unit/regex-integration.test.js[2m > [22mWang Regex Integration with Language Features[2m > [22mRegex with Variables and Scoping[2m > [22mshould work with const variables
[31m[1mReferenceError[22m: test is not defined[39m
[36m [2m❯[22m Environment.get src/runtime/environment.js:[2m24:11[22m[39m
    [90m 22| [39m      [35mreturn[39m [35mthis[39m[33m.[39mparent[33m.[39m[35mget[39m(name)[33m;[39m
    [90m 23| [39m    }
    [90m 24| [39m    [35mthrow[39m [35mnew[39m [33mReferenceError[39m([32m`[39m[36m${[39mname[36m}[39m[32m is not defined`[39m)[33m;[39m
    [90m   | [39m          [31m^[39m
    [90m 25| [39m  }
    [90m 26| [39m
[90m [2m❯[22m Interpreter.evaluate src/interpreter/interpreter.js:[2m19:20[22m[39m
[90m [2m❯[22m Interpreter.evaluateCallExpression src/interpreter/interpreter.js:[2m408:21[22m[39m
[90m [2m❯[22m Interpreter.evaluate src/interpreter/interpreter.js:[2m40:21[22m[39m
[90m [2m❯[22m Interpreter.evaluate src/interpreter/interpreter.js:[2m77:21[22m[39m
[90m [2m❯[22m Interpreter.evaluateProgram src/interpreter/interpreter.js:[2m188:21[22m[39m
[90m [2m❯[22m Interpreter.evaluate src/interpreter/interpreter.js:[2m13:21[22m[39m
[90m [2m❯[22m execute src/index.js:[2m34:30[22m[39m
[90m [2m❯[22m TestContext.execute tests/test-utils.js:[2m21:35[22m[39m
[90m [2m❯[22m tests/wang-unit/regex-integration.test.js:[2m43:32[22m[39m

[31m[2m⎯⎯⎯⎯⎯⎯⎯⎯⎯⎯⎯⎯⎯⎯⎯⎯⎯⎯⎯⎯[167/292]⎯[22m[39m

[41m[1m FAIL [22m[49m tests/wang-unit/regex-integration.test.js[2m > [22mWang Regex Integration with Language Features[2m > [22mRegex with Variables and Scoping[2m > [22mshould work with var variables
[41m[1m FAIL [22m[49m tests/wang-unit/regex-integration.test.js[2m > [22mWang Regex Integration with Language Features[2m > [22mRegex with Functions[2m > [22mshould work as function parameters
[31m[1mReferenceError[22m: test is not defined[39m
[36m [2m❯[22m Environment.get src/runtime/environment.js:[2m24:11[22m[39m
    [90m 22| [39m      [35mreturn[39m [35mthis[39m[33m.[39mparent[33m.[39m[35mget[39m(name)[33m;[39m
    [90m 23| [39m    }
    [90m 24| [39m    [35mthrow[39m [35mnew[39m [33mReferenceError[39m([32m`[39m[36m${[39mname[36m}[39m[32m is not defined`[39m)[33m;[39m
    [90m   | [39m          [31m^[39m
    [90m 25| [39m  }
    [90m 26| [39m
[90m [2m❯[22m Environment.get src/runtime/environment.js:[2m22:26[22m[39m
[90m [2m❯[22m Environment.get src/runtime/environment.js:[2m22:26[22m[39m
[90m [2m❯[22m Interpreter.evaluate src/interpreter/interpreter.js:[2m19:20[22m[39m
[90m [2m❯[22m Interpreter.evaluateCallExpression src/interpreter/interpreter.js:[2m408:21[22m[39m
[90m [2m❯[22m Interpreter.evaluate src/interpreter/interpreter.js:[2m40:21[22m[39m
[90m [2m❯[22m Interpreter.evaluate src/interpreter/interpreter.js:[2m80:53[22m[39m
[90m [2m❯[22m Interpreter.evaluateBlockStatement src/interpreter/interpreter.js:[2m694:21[22m[39m
[90m [2m❯[22m Interpreter.evaluate src/interpreter/interpreter.js:[2m74:21[22m[39m
[90m [2m❯[22m Interpreter.callUserFunction src/interpreter/interpreter.js:[2m443:27[22m[39m

[31m[2m⎯⎯⎯⎯⎯⎯⎯⎯⎯⎯⎯⎯⎯⎯⎯⎯⎯⎯⎯⎯[168/292]⎯[22m[39m

[41m[1m FAIL [22m[49m tests/wang-unit/regex-integration.test.js[2m > [22mWang Regex Integration with Language Features[2m > [22mRegex with Variables and Scoping[2m > [22mshould respect block scoping
[31m[1mReferenceError[22m: test is not defined[39m
[36m [2m❯[22m Environment.get src/runtime/environment.js:[2m24:11[22m[39m
    [90m 22| [39m      [35mreturn[39m [35mthis[39m[33m.[39mparent[33m.[39m[35mget[39m(name)[33m;[39m
    [90m 23| [39m    }
    [90m 24| [39m    [35mthrow[39m [35mnew[39m [33mReferenceError[39m([32m`[39m[36m${[39mname[36m}[39m[32m is not defined`[39m)[33m;[39m
    [90m   | [39m          [31m^[39m
    [90m 25| [39m  }
    [90m 26| [39m
[90m [2m❯[22m Environment.get src/runtime/environment.js:[2m22:26[22m[39m
[90m [2m❯[22m Interpreter.evaluate src/interpreter/interpreter.js:[2m19:20[22m[39m
[90m [2m❯[22m Interpreter.evaluateCallExpression src/interpreter/interpreter.js:[2m408:21[22m[39m
[90m [2m❯[22m Interpreter.evaluate src/interpreter/interpreter.js:[2m40:21[22m[39m
[90m [2m❯[22m Interpreter.evaluateLogicalExpression src/interpreter/interpreter.js:[2m377:23[22m[39m
[90m [2m❯[22m Interpreter.evaluate src/interpreter/interpreter.js:[2m34:21[22m[39m
[90m [2m❯[22m Interpreter.evaluateVariableDeclaration src/interpreter/interpreter.js:[2m582:16[22m[39m
[90m [2m❯[22m Interpreter.evaluate src/interpreter/interpreter.js:[2m68:21[22m[39m
[90m [2m❯[22m Interpreter.evaluateBlockStatement src/interpreter/interpreter.js:[2m694:21[22m[39m

[31m[2m⎯⎯⎯⎯⎯⎯⎯⎯⎯⎯⎯⎯⎯⎯⎯⎯⎯⎯⎯⎯[169/292]⎯[22m[39m

[41m[1m FAIL [22m[49m tests/wang-unit/regex-integration.test.js[2m > [22mWang Regex Integration with Language Features[2m > [22mRegex with Functions[2m > [22mshould work as function return values
[31m[1mReferenceError[22m: match is not defined[39m
[36m [2m❯[22m Environment.get src/runtime/environment.js:[2m24:11[22m[39m
    [90m 22| [39m      [35mreturn[39m [35mthis[39m[33m.[39mparent[33m.[39m[35mget[39m(name)[33m;[39m
    [90m 23| [39m    }
    [90m 24| [39m    [35mthrow[39m [35mnew[39m [33mReferenceError[39m([32m`[39m[36m${[39mname[36m}[39m[32m is not defined`[39m)[33m;[39m
    [90m   | [39m          [31m^[39m
    [90m 25| [39m  }
    [90m 26| [39m
[90m [2m❯[22m Interpreter.evaluate src/interpreter/interpreter.js:[2m19:20[22m[39m
[90m [2m❯[22m Interpreter.evaluateCallExpression src/interpreter/interpreter.js:[2m408:21[22m[39m
[90m [2m❯[22m Interpreter.evaluate src/interpreter/interpreter.js:[2m40:21[22m[39m
[90m [2m❯[22m Interpreter.evaluate src/interpreter/interpreter.js:[2m77:21[22m[39m
[90m [2m❯[22m Interpreter.evaluateProgram src/interpreter/interpreter.js:[2m188:21[22m[39m
[90m [2m❯[22m Interpreter.evaluate src/interpreter/interpreter.js:[2m13:21[22m[39m
[90m [2m❯[22m execute src/index.js:[2m34:30[22m[39m
[90m [2m❯[22m TestContext.execute tests/test-utils.js:[2m21:35[22m[39m
[90m [2m❯[22m tests/wang-unit/regex-integration.test.js:[2m88:32[22m[39m

[31m[2m⎯⎯⎯⎯⎯⎯⎯⎯⎯⎯⎯⎯⎯⎯⎯⎯⎯⎯⎯⎯[170/292]⎯[22m[39m

[41m[1m FAIL [22m[49m tests/wang-unit/regex-integration.test.js[2m > [22mWang Regex Integration with Language Features[2m > [22mRegex with Functions[2m > [22mshould work with arrow functions
[31m[1mReferenceError[22m: test is not defined[39m
[36m [2m❯[22m Environment.get src/runtime/environment.js:[2m24:11[22m[39m
    [90m 22| [39m      [35mreturn[39m [35mthis[39m[33m.[39mparent[33m.[39m[35mget[39m(name)[33m;[39m
    [90m 23| [39m    }
    [90m 24| [39m    [35mthrow[39m [35mnew[39m [33mReferenceError[39m([32m`[39m[36m${[39mname[36m}[39m[32m is not defined`[39m)[33m;[39m
    [90m   | [39m          [31m^[39m
    [90m 25| [39m  }
    [90m 26| [39m
[90m [2m❯[22m Environment.get src/runtime/environment.js:[2m22:26[22m[39m
[90m [2m❯[22m Interpreter.evaluate src/interpreter/interpreter.js:[2m19:20[22m[39m
[90m [2m❯[22m Interpreter.evaluateCallExpression src/interpreter/interpreter.js:[2m408:21[22m[39m
[90m [2m❯[22m Interpreter.evaluate src/interpreter/interpreter.js:[2m40:21[22m[39m
[90m [2m❯[22m Interpreter.callUserFunction src/interpreter/interpreter.js:[2m440:19[22m[39m
[90m [2m❯[22m wrappedFunc src/interpreter/interpreter.js:[2m532:26[22m[39m
[90m [2m❯[22m Interpreter.evaluateCallExpression src/interpreter/interpreter.js:[2m418:14[22m[39m
[90m [2m❯[22m Interpreter.evaluate src/interpreter/interpreter.js:[2m40:21[22m[39m
[90m [2m❯[22m Interpreter.evaluate src/interpreter/interpreter.js:[2m77:21[22m[39m

[31m[2m⎯⎯⎯⎯⎯⎯⎯⎯⎯⎯⎯⎯⎯⎯⎯⎯⎯⎯⎯⎯[171/292]⎯[22m[39m

[41m[1m FAIL [22m[49m tests/wang-unit/regex-integration.test.js[2m > [22mWang Regex Integration with Language Features[2m > [22mRegex with Functions[2m > [22mshould work with async functions
[31m[1mSyntaxError[22m: Parse error at line 7: Unexpected token (7:14)[39m
[36m [2m❯[22m parse src/index.js:[2m17:11[22m[39m
    [90m 15| [39m  } [35mcatch[39m (error) {
    [90m 16| [39m    [90m// Reformat error message for consistency[39m
    [90m 17| [39m    [35mthrow[39m [35mnew[39m [33mSyntaxError[39m(
    [90m   | [39m          [31m^[39m
    [90m 18| [39m      [32m`Parse error at line [39m[36m${[39merror[33m.[39mloc[33m?.[39mline [33m||[39m [32m'?'[39m[36m}[39m[32m: [39m[36m${[39merror[33m.[39mmessage[36m}[39m[32m`[39m
    [90m 19| [39m    )[33m;[39m
[90m [2m❯[22m execute src/index.js:[2m25:15[22m[39m
[90m [2m❯[22m TestContext.execute tests/test-utils.js:[2m21:35[22m[39m
[90m [2m❯[22m tests/wang-unit/regex-integration.test.js:[2m108:32[22m[39m

[31m[2m⎯⎯⎯⎯⎯⎯⎯⎯⎯⎯⎯⎯⎯⎯⎯⎯⎯⎯⎯⎯[172/292]⎯[22m[39m

[41m[1m FAIL [22m[49m tests/wang-unit/regex-integration.test.js[2m > [22mWang Regex Integration with Language Features[2m > [22mRegex with Functions[2m > [22mshould work with closures
[31m[1mReferenceError[22m: test is not defined[39m
[36m [2m❯[22m Environment.get src/runtime/environment.js:[2m24:11[22m[39m
    [90m 22| [39m      [35mreturn[39m [35mthis[39m[33m.[39mparent[33m.[39m[35mget[39m(name)[33m;[39m
    [90m 23| [39m    }
    [90m 24| [39m    [35mthrow[39m [35mnew[39m [33mReferenceError[39m([32m`[39m[36m${[39mname[36m}[39m[32m is not defined`[39m)[33m;[39m
    [90m   | [39m          [31m^[39m
    [90m 25| [39m  }
    [90m 26| [39m
[90m [2m❯[22m Environment.get src/runtime/environment.js:[2m22:26[22m[39m
[90m [2m❯[22m Environment.get src/runtime/environment.js:[2m22:26[22m[39m
[90m [2m❯[22m Environment.get src/runtime/environment.js:[2m22:26[22m[39m
[90m [2m❯[22m Environment.get src/runtime/environment.js:[2m22:26[22m[39m
[90m [2m❯[22m Interpreter.evaluate src/interpreter/interpreter.js:[2m19:20[22m[39m
[90m [2m❯[22m Interpreter.evaluateCallExpression src/interpreter/interpreter.js:[2m408:21[22m[39m
[90m [2m❯[22m Interpreter.evaluate src/interpreter/interpreter.js:[2m40:21[22m[39m
[90m [2m❯[22m Interpreter.evaluate src/interpreter/interpreter.js:[2m80:53[22m[39m
[90m [2m❯[22m Interpreter.evaluateBlockStatement src/interpreter/interpreter.js:[2m694:21[22m[39m

[31m[2m⎯⎯⎯⎯⎯⎯⎯⎯⎯⎯⎯⎯⎯⎯⎯⎯⎯⎯⎯⎯[173/292]⎯[22m[39m

[41m[1m FAIL [22m[49m tests/wang-unit/regex-integration.test.js[2m > [22mWang Regex Integration with Language Features[2m > [22mRegex with Functions[2m > [22mshould work with default parameters
[31m[1mReferenceError[22m: pattern is not defined[39m
[36m [2m❯[22m Environment.get src/runtime/environment.js:[2m24:11[22m[39m
    [90m 22| [39m      [35mreturn[39m [35mthis[39m[33m.[39mparent[33m.[39m[35mget[39m(name)[33m;[39m
    [90m 23| [39m    }
    [90m 24| [39m    [35mthrow[39m [35mnew[39m [33mReferenceError[39m([32m`[39m[36m${[39mname[36m}[39m[32m is not defined`[39m)[33m;[39m
    [90m   | [39m          [31m^[39m
    [90m 25| [39m  }
    [90m 26| [39m
[90m [2m❯[22m Environment.get src/runtime/environment.js:[2m22:26[22m[39m
[90m [2m❯[22m Environment.get src/runtime/environment.js:[2m22:26[22m[39m
[90m [2m❯[22m Interpreter.evaluate src/interpreter/interpreter.js:[2m19:20[22m[39m
[90m [2m❯[22m Interpreter.evaluateCallExpression src/interpreter/interpreter.js:[2m402:26[22m[39m
[90m [2m❯[22m Interpreter.evaluate src/interpreter/interpreter.js:[2m40:21[22m[39m
[90m [2m❯[22m Interpreter.evaluate src/interpreter/interpreter.js:[2m80:53[22m[39m
[90m [2m❯[22m Interpreter.evaluateBlockStatement src/interpreter/interpreter.js:[2m694:21[22m[39m
[90m [2m❯[22m Interpreter.evaluate src/interpreter/interpreter.js:[2m74:21[22m[39m
[90m [2m❯[22m Interpreter.callUserFunction src/interpreter/interpreter.js:[2m443:27[22m[39m

[31m[2m⎯⎯⎯⎯⎯⎯⎯⎯⎯⎯⎯⎯⎯⎯⎯⎯⎯⎯⎯⎯[174/292]⎯[22m[39m

[41m[1m FAIL [22m[49m tests/wang-unit/regex-integration.test.js[2m > [22mWang Regex Integration with Language Features[2m > [22mRegex with Functions[2m > [22mshould work with rest parameters
[31m[1mReferenceError[22m: patterns is not defined[39m
[36m [2m❯[22m Environment.get src/runtime/environment.js:[2m24:11[22m[39m
    [90m 22| [39m      [35mreturn[39m [35mthis[39m[33m.[39mparent[33m.[39m[35mget[39m(name)[33m;[39m
    [90m 23| [39m    }
    [90m 24| [39m    [35mthrow[39m [35mnew[39m [33mReferenceError[39m([32m`[39m[36m${[39mname[36m}[39m[32m is not defined`[39m)[33m;[39m
    [90m   | [39m          [31m^[39m
    [90m 25| [39m  }
    [90m 26| [39m
[90m [2m❯[22m Environment.get src/runtime/environment.js:[2m22:26[22m[39m
[90m [2m❯[22m Environment.get src/runtime/environment.js:[2m22:26[22m[39m
[90m [2m❯[22m Environment.get src/runtime/environment.js:[2m22:26[22m[39m
[90m [2m❯[22m Interpreter.evaluate src/interpreter/interpreter.js:[2m19:20[22m[39m
[90m [2m❯[22m Interpreter.evaluateForOfStatement src/interpreter/interpreter.js:[2m822:27[22m[39m
[90m [2m❯[22m Interpreter.evaluate src/interpreter/interpreter.js:[2m98:21[22m[39m
[90m [2m❯[22m Interpreter.evaluateBlockStatement src/interpreter/interpreter.js:[2m694:21[22m[39m
[90m [2m❯[22m Interpreter.evaluate src/interpreter/interpreter.js:[2m74:21[22m[39m
[90m [2m❯[22m Interpreter.callUserFunction src/interpreter/interpreter.js:[2m443:27[22m[39m

[31m[2m⎯⎯⎯⎯⎯⎯⎯⎯⎯⎯⎯⎯⎯⎯⎯⎯⎯⎯⎯⎯[175/292]⎯[22m[39m

[41m[1m FAIL [22m[49m tests/wang-unit/regex-integration.test.js[2m > [22mWang Regex Integration with Language Features[2m > [22mRegex with Classes[2m > [22mshould work in class properties
[31m[1mTypeError[22m: Expression is not a function[39m
[36m [2m❯[22m Interpreter.evaluateCallExpression src/interpreter/interpreter.js:[2m424:11[22m[39m
    [90m422| [39m    }
    [90m423| [39m
    [90m424| [39m    throw new TypeError(`${node.callee.name || 'Expression'} is not a …
    [90m   | [39m          [31m^[39m
    [90m425| [39m  }
    [90m426| [39m
[90m [2m❯[22m Interpreter.evaluate src/interpreter/interpreter.js:[2m40:21[22m[39m
[90m [2m❯[22m Interpreter.evaluate src/interpreter/interpreter.js:[2m77:21[22m[39m
[90m [2m❯[22m Interpreter.evaluateProgram src/interpreter/interpreter.js:[2m188:21[22m[39m
[90m [2m❯[22m Interpreter.evaluate src/interpreter/interpreter.js:[2m13:21[22m[39m
[90m [2m❯[22m execute src/index.js:[2m34:30[22m[39m
[90m [2m❯[22m TestContext.execute tests/test-utils.js:[2m21:35[22m[39m
[90m [2m❯[22m tests/wang-unit/regex-integration.test.js:[2m161:32[22m[39m

[31m[2m⎯⎯⎯⎯⎯⎯⎯⎯⎯⎯⎯⎯⎯⎯⎯⎯⎯⎯⎯⎯[176/292]⎯[22m[39m

[41m[1m FAIL [22m[49m tests/wang-unit/regex-integration.test.js[2m > [22mWang Regex Integration with Language Features[2m > [22mRegex with Classes[2m > [22mshould work in class methods
[31m[1mReferenceError[22m: match is not defined[39m
[36m [2m❯[22m Environment.get src/runtime/environment.js:[2m24:11[22m[39m
    [90m 22| [39m      [35mreturn[39m [35mthis[39m[33m.[39mparent[33m.[39m[35mget[39m(name)[33m;[39m
    [90m 23| [39m    }
    [90m 24| [39m    [35mthrow[39m [35mnew[39m [33mReferenceError[39m([32m`[39m[36m${[39mname[36m}[39m[32m is not defined`[39m)[33m;[39m
    [90m   | [39m          [31m^[39m
    [90m 25| [39m  }
    [90m 26| [39m
[90m [2m❯[22m Environment.get src/runtime/environment.js:[2m22:26[22m[39m
[90m [2m❯[22m Environment.get src/runtime/environment.js:[2m22:26[22m[39m
[90m [2m❯[22m Interpreter.evaluate src/interpreter/interpreter.js:[2m19:20[22m[39m
[90m [2m❯[22m Interpreter.evaluateCallExpression src/interpreter/interpreter.js:[2m408:21[22m[39m
[90m [2m❯[22m Interpreter.evaluate src/interpreter/interpreter.js:[2m40:21[22m[39m
[90m [2m❯[22m Interpreter.evaluateLogicalExpression src/interpreter/interpreter.js:[2m377:23[22m[39m
[90m [2m❯[22m Interpreter.evaluate src/interpreter/interpreter.js:[2m34:21[22m[39m
[90m [2m❯[22m Interpreter.evaluate src/interpreter/interpreter.js:[2m80:53[22m[39m
[90m [2m❯[22m Interpreter.evaluateBlockStatement src/interpreter/interpreter.js:[2m694:21[22m[39m

[31m[2m⎯⎯⎯⎯⎯⎯⎯⎯⎯⎯⎯⎯⎯⎯⎯⎯⎯⎯⎯⎯[177/292]⎯[22m[39m

[41m[1m FAIL [22m[49m tests/wang-unit/regex-integration.test.js[2m > [22mWang Regex Integration with Language Features[2m > [22mRegex with Classes[2m > [22mshould work in static-like methods
[31m[1mReferenceError[22m: test is not defined[39m
[36m [2m❯[22m Environment.get src/runtime/environment.js:[2m24:11[22m[39m
    [90m 22| [39m      [35mreturn[39m [35mthis[39m[33m.[39mparent[33m.[39m[35mget[39m(name)[33m;[39m
    [90m 23| [39m    }
    [90m 24| [39m    [35mthrow[39m [35mnew[39m [33mReferenceError[39m([32m`[39m[36m${[39mname[36m}[39m[32m is not defined`[39m)[33m;[39m
    [90m   | [39m          [31m^[39m
    [90m 25| [39m  }
    [90m 26| [39m
[90m [2m❯[22m Environment.get src/runtime/environment.js:[2m22:26[22m[39m
[90m [2m❯[22m Environment.get src/runtime/environment.js:[2m22:26[22m[39m
[90m [2m❯[22m Interpreter.evaluate src/interpreter/interpreter.js:[2m19:20[22m[39m
[90m [2m❯[22m Interpreter.evaluateCallExpression src/interpreter/interpreter.js:[2m408:21[22m[39m
[90m [2m❯[22m Interpreter.evaluate src/interpreter/interpreter.js:[2m40:21[22m[39m
[90m [2m❯[22m Interpreter.evaluate src/interpreter/interpreter.js:[2m80:53[22m[39m
[90m [2m❯[22m Interpreter.evaluateBlockStatement src/interpreter/interpreter.js:[2m694:21[22m[39m
[90m [2m❯[22m Interpreter.evaluate src/interpreter/interpreter.js:[2m74:21[22m[39m
[90m [2m❯[22m Interpreter.callMethodFunction src/interpreter/interpreter.js:[2m1039:25[22m[39m

[31m[2m⎯⎯⎯⎯⎯⎯⎯⎯⎯⎯⎯⎯⎯⎯⎯⎯⎯⎯⎯⎯[178/292]⎯[22m[39m

[41m[1m FAIL [22m[49m tests/wang-unit/regex-integration.test.js[2m > [22mWang Regex Integration with Language Features[2m > [22mRegex with Classes[2m > [22mshould work with class inheritance
[31m[1mTypeError[22m: Expression is not a function[39m
[36m [2m❯[22m Interpreter.evaluateCallExpression src/interpreter/interpreter.js:[2m424:11[22m[39m
    [90m422| [39m    }
    [90m423| [39m
    [90m424| [39m    throw new TypeError(`${node.callee.name || 'Expression'} is not a …
    [90m   | [39m          [31m^[39m
    [90m425| [39m  }
    [90m426| [39m
[90m [2m❯[22m Interpreter.evaluate src/interpreter/interpreter.js:[2m40:21[22m[39m
[90m [2m❯[22m Interpreter.evaluate src/interpreter/interpreter.js:[2m77:21[22m[39m
[90m [2m❯[22m Interpreter.evaluateProgram src/interpreter/interpreter.js:[2m188:21[22m[39m
[90m [2m❯[22m Interpreter.evaluate src/interpreter/interpreter.js:[2m13:21[22m[39m
[90m [2m❯[22m execute src/index.js:[2m34:30[22m[39m
[90m [2m❯[22m TestContext.execute tests/test-utils.js:[2m21:35[22m[39m
[90m [2m❯[22m tests/wang-unit/regex-integration.test.js:[2m213:32[22m[39m

[31m[2m⎯⎯⎯⎯⎯⎯⎯⎯⎯⎯⎯⎯⎯⎯⎯⎯⎯⎯⎯⎯[179/292]⎯[22m[39m

[41m[1m FAIL [22m[49m tests/wang-unit/regex-integration.test.js[2m > [22mWang Regex Integration with Language Features[2m > [22mRegex with Control Flow[2m > [22mshould work in if statements
[41m[1m FAIL [22m[49m tests/wang-unit/regex-integration.test.js[2m > [22mWang Regex Integration with Language Features[2m > [22mRegex with Control Flow[2m > [22mshould work with conditional logic
[31m[1mReferenceError[22m: test is not defined[39m
[36m [2m❯[22m Environment.get src/runtime/environment.js:[2m24:11[22m[39m
    [90m 22| [39m      [35mreturn[39m [35mthis[39m[33m.[39mparent[33m.[39m[35mget[39m(name)[33m;[39m
    [90m 23| [39m    }
    [90m 24| [39m    [35mthrow[39m [35mnew[39m [33mReferenceError[39m([32m`[39m[36m${[39mname[36m}[39m[32m is not defined`[39m)[33m;[39m
    [90m   | [39m          [31m^[39m
    [90m 25| [39m  }
    [90m 26| [39m
[90m [2m❯[22m Interpreter.evaluate src/interpreter/interpreter.js:[2m19:20[22m[39m
[90m [2m❯[22m Interpreter.evaluateCallExpression src/interpreter/interpreter.js:[2m408:21[22m[39m
[90m [2m❯[22m Interpreter.evaluate src/interpreter/interpreter.js:[2m40:21[22m[39m
[90m [2m❯[22m Interpreter.evaluateIfStatement src/interpreter/interpreter.js:[2m707:23[22m[39m
[90m [2m❯[22m Interpreter.evaluate src/interpreter/interpreter.js:[2m83:21[22m[39m
[90m [2m❯[22m Interpreter.evaluateProgram src/interpreter/interpreter.js:[2m188:21[22m[39m
[90m [2m❯[22m Interpreter.evaluate src/interpreter/interpreter.js:[2m13:21[22m[39m
[90m [2m❯[22m execute src/index.js:[2m34:30[22m[39m
[90m [2m❯[22m TestContext.execute tests/test-utils.js:[2m21:35[22m[39m

[31m[2m⎯⎯⎯⎯⎯⎯⎯⎯⎯⎯⎯⎯⎯⎯⎯⎯⎯⎯⎯⎯[180/292]⎯[22m[39m

[41m[1m FAIL [22m[49m tests/wang-unit/regex-integration.test.js[2m > [22mWang Regex Integration with Language Features[2m > [22mRegex with Control Flow[2m > [22mshould work in while loops
[41m[1m FAIL [22m[49m tests/wang-unit/regex-stress.test.js[2m > [22mWang Regex Stress Tests and Performance[2m > [22mLarge Scale Text Processing[2m > [22mshould handle complex nested regex operations
[31m[1mReferenceError[22m: match is not defined[39m
[36m [2m❯[22m Environment.get src/runtime/environment.js:[2m24:11[22m[39m
    [90m 22| [39m      [35mreturn[39m [35mthis[39m[33m.[39mparent[33m.[39m[35mget[39m(name)[33m;[39m
    [90m 23| [39m    }
    [90m 24| [39m    [35mthrow[39m [35mnew[39m [33mReferenceError[39m([32m`[39m[36m${[39mname[36m}[39m[32m is not defined`[39m)[33m;[39m
    [90m   | [39m          [31m^[39m
    [90m 25| [39m  }
    [90m 26| [39m
[90m [2m❯[22m Interpreter.evaluate src/interpreter/interpreter.js:[2m19:20[22m[39m
[90m [2m❯[22m Interpreter.evaluateCallExpression src/interpreter/interpreter.js:[2m408:21[22m[39m
[90m [2m❯[22m Interpreter.evaluate src/interpreter/interpreter.js:[2m40:21[22m[39m
[90m [2m❯[22m Interpreter.evaluateLogicalExpression src/interpreter/interpreter.js:[2m377:23[22m[39m
[90m [2m❯[22m Interpreter.evaluate src/interpreter/interpreter.js:[2m34:21[22m[39m
[90m [2m❯[22m Interpreter.evaluateVariableDeclaration src/interpreter/interpreter.js:[2m582:16[22m[39m
[90m [2m❯[22m Interpreter.evaluate src/interpreter/interpreter.js:[2m68:21[22m[39m
[90m [2m❯[22m Interpreter.evaluateProgram src/interpreter/interpreter.js:[2m188:21[22m[39m
[90m [2m❯[22m Interpreter.evaluate src/interpreter/interpreter.js:[2m13:21[22m[39m

[31m[2m⎯⎯⎯⎯⎯⎯⎯⎯⎯⎯⎯⎯⎯⎯⎯⎯⎯⎯⎯⎯[181/292]⎯[22m[39m

[41m[1m FAIL [22m[49m tests/wang-unit/regex-integration.test.js[2m > [22mWang Regex Integration with Language Features[2m > [22mRegex with Control Flow[2m > [22mshould work in ternary operators
[31m[1mReferenceError[22m: test is not defined[39m
[36m [2m❯[22m Environment.get src/runtime/environment.js:[2m24:11[22m[39m
    [90m 22| [39m      [35mreturn[39m [35mthis[39m[33m.[39mparent[33m.[39m[35mget[39m(name)[33m;[39m
    [90m 23| [39m    }
    [90m 24| [39m    [35mthrow[39m [35mnew[39m [33mReferenceError[39m([32m`[39m[36m${[39mname[36m}[39m[32m is not defined`[39m)[33m;[39m
    [90m   | [39m          [31m^[39m
    [90m 25| [39m  }
    [90m 26| [39m
[90m [2m❯[22m Interpreter.evaluate src/interpreter/interpreter.js:[2m19:20[22m[39m
[90m [2m❯[22m Interpreter.evaluateCallExpression src/interpreter/interpreter.js:[2m408:21[22m[39m
[90m [2m❯[22m Interpreter.evaluate src/interpreter/interpreter.js:[2m40:21[22m[39m
[90m [2m❯[22m Interpreter.evaluateConditionalExpression src/interpreter/interpreter.js:[2m389:23[22m[39m
[90m [2m❯[22m Interpreter.evaluate src/interpreter/interpreter.js:[2m37:21[22m[39m
[90m [2m❯[22m Interpreter.evaluateVariableDeclaration src/interpreter/interpreter.js:[2m582:16[22m[39m
[90m [2m❯[22m Interpreter.evaluate src/interpreter/interpreter.js:[2m68:21[22m[39m
[90m [2m❯[22m Interpreter.evaluateProgram src/interpreter/interpreter.js:[2m188:21[22m[39m
[90m [2m❯[22m Interpreter.evaluate src/interpreter/interpreter.js:[2m13:21[22m[39m

[31m[2m⎯⎯⎯⎯⎯⎯⎯⎯⎯⎯⎯⎯⎯⎯⎯⎯⎯⎯⎯⎯[182/292]⎯[22m[39m

[41m[1m FAIL [22m[49m tests/wang-unit/regex-integration.test.js[2m > [22mWang Regex Integration with Language Features[2m > [22mRegex with Control Flow[2m > [22mshould work in try-catch
[31m[1mSyntaxError[22m: Parse error at line 5: 'return' outside of function (5:12)[39m
[36m [2m❯[22m parse src/index.js:[2m17:11[22m[39m
    [90m 15| [39m  } [35mcatch[39m (error) {
    [90m 16| [39m    [90m// Reformat error message for consistency[39m
    [90m 17| [39m    [35mthrow[39m [35mnew[39m [33mSyntaxError[39m(
    [90m   | [39m          [31m^[39m
    [90m 18| [39m      [32m`Parse error at line [39m[36m${[39merror[33m.[39mloc[33m?.[39mline [33m||[39m [32m'?'[39m[36m}[39m[32m: [39m[36m${[39merror[33m.[39mmessage[36m}[39m[32m`[39m
    [90m 19| [39m    )[33m;[39m
[90m [2m❯[22m execute src/index.js:[2m25:15[22m[39m
[90m [2m❯[22m TestContext.execute tests/test-utils.js:[2m21:35[22m[39m
[90m [2m❯[22m tests/wang-unit/regex-integration.test.js:[2m330:32[22m[39m

[31m[2m⎯⎯⎯⎯⎯⎯⎯⎯⎯⎯⎯⎯⎯⎯⎯⎯⎯⎯⎯⎯[183/292]⎯[22m[39m

[41m[1m FAIL [22m[49m tests/wang-unit/regex-integration.test.js[2m > [22mWang Regex Integration with Language Features[2m > [22mRegex with Arrays and Objects[2m > [22mshould work in object literals
[31m[1mReferenceError[22m: test is not defined[39m
[36m [2m❯[22m Environment.get src/runtime/environment.js:[2m24:11[22m[39m
    [90m 22| [39m      [35mreturn[39m [35mthis[39m[33m.[39mparent[33m.[39m[35mget[39m(name)[33m;[39m
    [90m 23| [39m    }
    [90m 24| [39m    [35mthrow[39m [35mnew[39m [33mReferenceError[39m([32m`[39m[36m${[39mname[36m}[39m[32m is not defined`[39m)[33m;[39m
    [90m   | [39m          [31m^[39m
    [90m 25| [39m  }
    [90m 26| [39m
[90m [2m❯[22m Interpreter.evaluate src/interpreter/interpreter.js:[2m19:20[22m[39m
[90m [2m❯[22m Interpreter.evaluateCallExpression src/interpreter/interpreter.js:[2m408:21[22m[39m
[90m [2m❯[22m Interpreter.evaluate src/interpreter/interpreter.js:[2m40:21[22m[39m
[90m [2m❯[22m Interpreter.evaluate src/interpreter/interpreter.js:[2m77:21[22m[39m
[90m [2m❯[22m Interpreter.evaluateProgram src/interpreter/interpreter.js:[2m188:21[22m[39m
[90m [2m❯[22m Interpreter.evaluate src/interpreter/interpreter.js:[2m13:21[22m[39m
[90m [2m❯[22m execute src/index.js:[2m34:30[22m[39m
[90m [2m❯[22m TestContext.execute tests/test-utils.js:[2m21:35[22m[39m
[90m [2m❯[22m tests/wang-unit/regex-integration.test.js:[2m356:32[22m[39m

[31m[2m⎯⎯⎯⎯⎯⎯⎯⎯⎯⎯⎯⎯⎯⎯⎯⎯⎯⎯⎯⎯[184/292]⎯[22m[39m

[41m[1m FAIL [22m[49m tests/wang-unit/regex-integration.test.js[2m > [22mWang Regex Integration with Language Features[2m > [22mRegex with Arrays and Objects[2m > [22mshould work with array methods
[31m[1mReferenceError[22m: filter is not defined[39m
[36m [2m❯[22m Environment.get src/runtime/environment.js:[2m24:11[22m[39m
    [90m 22| [39m      [35mreturn[39m [35mthis[39m[33m.[39mparent[33m.[39m[35mget[39m(name)[33m;[39m
    [90m 23| [39m    }
    [90m 24| [39m    [35mthrow[39m [35mnew[39m [33mReferenceError[39m([32m`[39m[36m${[39mname[36m}[39m[32m is not defined`[39m)[33m;[39m
    [90m   | [39m          [31m^[39m
    [90m 25| [39m  }
    [90m 26| [39m
[90m [2m❯[22m Interpreter.evaluate src/interpreter/interpreter.js:[2m19:20[22m[39m
[90m [2m❯[22m Interpreter.evaluateCallExpression src/interpreter/interpreter.js:[2m408:21[22m[39m
[90m [2m❯[22m Interpreter.evaluate src/interpreter/interpreter.js:[2m40:21[22m[39m
[90m [2m❯[22m Interpreter.evaluate src/interpreter/interpreter.js:[2m77:21[22m[39m
[90m [2m❯[22m Interpreter.evaluateProgram src/interpreter/interpreter.js:[2m188:21[22m[39m
[90m [2m❯[22m Interpreter.evaluate src/interpreter/interpreter.js:[2m13:21[22m[39m
[90m [2m❯[22m execute src/index.js:[2m34:30[22m[39m
[90m [2m❯[22m TestContext.execute tests/test-utils.js:[2m21:35[22m[39m
[90m [2m❯[22m tests/wang-unit/regex-integration.test.js:[2m369:32[22m[39m

[31m[2m⎯⎯⎯⎯⎯⎯⎯⎯⎯⎯⎯⎯⎯⎯⎯⎯⎯⎯⎯⎯[185/292]⎯[22m[39m

[41m[1m FAIL [22m[49m tests/wang-unit/regex-integration.test.js[2m > [22mWang Regex Integration with Language Features[2m > [22mRegex with Arrays and Objects[2m > [22mshould work with object destructuring
[31m[1mReferenceError[22m: test is not defined[39m
[36m [2m❯[22m Environment.get src/runtime/environment.js:[2m24:11[22m[39m
    [90m 22| [39m      [35mreturn[39m [35mthis[39m[33m.[39mparent[33m.[39m[35mget[39m(name)[33m;[39m
    [90m 23| [39m    }
    [90m 24| [39m    [35mthrow[39m [35mnew[39m [33mReferenceError[39m([32m`[39m[36m${[39mname[36m}[39m[32m is not defined`[39m)[33m;[39m
    [90m   | [39m          [31m^[39m
    [90m 25| [39m  }
    [90m 26| [39m
[90m [2m❯[22m Interpreter.evaluate src/interpreter/interpreter.js:[2m19:20[22m[39m
[90m [2m❯[22m Interpreter.evaluateCallExpression src/interpreter/interpreter.js:[2m408:21[22m[39m
[90m [2m❯[22m Interpreter.evaluate src/interpreter/interpreter.js:[2m40:21[22m[39m
[90m [2m❯[22m Interpreter.evaluate src/interpreter/interpreter.js:[2m77:21[22m[39m
[90m [2m❯[22m Interpreter.evaluateProgram src/interpreter/interpreter.js:[2m188:21[22m[39m
[90m [2m❯[22m Interpreter.evaluate src/interpreter/interpreter.js:[2m13:21[22m[39m
[90m [2m❯[22m execute src/index.js:[2m34:30[22m[39m
[90m [2m❯[22m TestContext.execute tests/test-utils.js:[2m21:35[22m[39m
[90m [2m❯[22m tests/wang-unit/regex-integration.test.js:[2m379:32[22m[39m

[31m[2m⎯⎯⎯⎯⎯⎯⎯⎯⎯⎯⎯⎯⎯⎯⎯⎯⎯⎯⎯⎯[186/292]⎯[22m[39m

[41m[1m FAIL [22m[49m tests/wang-unit/regex-integration.test.js[2m > [22mWang Regex Integration with Language Features[2m > [22mRegex with Arrays and Objects[2m > [22mshould work with array destructuring
[31m[1mReferenceError[22m: firstPattern is not defined[39m
[36m [2m❯[22m Environment.get src/runtime/environment.js:[2m24:11[22m[39m
    [90m 22| [39m      [35mreturn[39m [35mthis[39m[33m.[39mparent[33m.[39m[35mget[39m(name)[33m;[39m
    [90m 23| [39m    }
    [90m 24| [39m    [35mthrow[39m [35mnew[39m [33mReferenceError[39m([32m`[39m[36m${[39mname[36m}[39m[32m is not defined`[39m)[33m;[39m
    [90m   | [39m          [31m^[39m
    [90m 25| [39m  }
    [90m 26| [39m
[90m [2m❯[22m Interpreter.evaluate src/interpreter/interpreter.js:[2m19:20[22m[39m
[90m [2m❯[22m Interpreter.evaluateMemberExpression src/interpreter/interpreter.js:[2m452:22[22m[39m
[90m [2m❯[22m Interpreter.evaluate src/interpreter/interpreter.js:[2m43:21[22m[39m
[90m [2m❯[22m Interpreter.evaluateSequenceExpression src/interpreter/interpreter.js:[2m574:21[22m[39m
[90m [2m❯[22m Interpreter.evaluate src/interpreter/interpreter.js:[2m65:21[22m[39m
[90m [2m❯[22m Interpreter.evaluateMemberExpression src/interpreter/interpreter.js:[2m459:14[22m[39m
[90m [2m❯[22m Interpreter.evaluate src/interpreter/interpreter.js:[2m43:21[22m[39m
[90m [2m❯[22m Interpreter.evaluateVariableDeclaration src/interpreter/interpreter.js:[2m582:16[22m[39m
[90m [2m❯[22m Interpreter.evaluate src/interpreter/interpreter.js:[2m68:21[22m[39m

[31m[2m⎯⎯⎯⎯⎯⎯⎯⎯⎯⎯⎯⎯⎯⎯⎯⎯⎯⎯⎯⎯[187/292]⎯[22m[39m

[41m[1m FAIL [22m[49m tests/wang-unit/regex-integration.test.js[2m > [22mWang Regex Integration with Language Features[2m > [22mRegex with Arrays and Objects[2m > [22mshould work with spread operator
[31m[1mReferenceError[22m: length is not defined[39m
[36m [2m❯[22m Environment.get src/runtime/environment.js:[2m24:11[22m[39m
    [90m 22| [39m      [35mreturn[39m [35mthis[39m[33m.[39mparent[33m.[39m[35mget[39m(name)[33m;[39m
    [90m 23| [39m    }
    [90m 24| [39m    [35mthrow[39m [35mnew[39m [33mReferenceError[39m([32m`[39m[36m${[39mname[36m}[39m[32m is not defined`[39m)[33m;[39m
    [90m   | [39m          [31m^[39m
    [90m 25| [39m  }
    [90m 26| [39m
[90m [2m❯[22m Interpreter.evaluate src/interpreter/interpreter.js:[2m19:20[22m[39m
[90m [2m❯[22m Interpreter.evaluateCallExpression src/interpreter/interpreter.js:[2m408:21[22m[39m
[90m [2m❯[22m Interpreter.evaluate src/interpreter/interpreter.js:[2m40:21[22m[39m
[90m [2m❯[22m Interpreter.evaluate src/interpreter/interpreter.js:[2m77:21[22m[39m
[90m [2m❯[22m Interpreter.evaluateProgram src/interpreter/interpreter.js:[2m188:21[22m[39m
[90m [2m❯[22m Interpreter.evaluate src/interpreter/interpreter.js:[2m13:21[22m[39m
[90m [2m❯[22m execute src/index.js:[2m34:30[22m[39m
[90m [2m❯[22m TestContext.execute tests/test-utils.js:[2m21:35[22m[39m
[90m [2m❯[22m tests/wang-unit/regex-integration.test.js:[2m404:32[22m[39m

[31m[2m⎯⎯⎯⎯⎯⎯⎯⎯⎯⎯⎯⎯⎯⎯⎯⎯⎯⎯⎯⎯[188/292]⎯[22m[39m

[41m[1m FAIL [22m[49m tests/wang-unit/regex-integration.test.js[2m > [22mWang Regex Integration with Language Features[2m > [22mRegex with Modules[2m > [22mshould work with module exports
[31m[1mTypeError[22m: ctx.addModule is not a function[39m
[36m [2m❯[22m tests/wang-unit/regex-integration.test.js:[2m416:11[22m[39m
    [90m414| [39m  [34mdescribe[39m([32m'Regex with Modules'[39m[33m,[39m () [33m=>[39m {
    [90m415| [39m    [34mtest[39m([32m'should work with module exports'[39m[33m,[39m [35masync[39m () [33m=>[39m {
    [90m416| [39m      ctx[33m.[39m[34maddModule[39m([32m'validators'[39m[33m,[39m [32m`
    [90m   | [39m          [31m^[39m
    [90m417| [39m        export const EMAIL_REGEX = /^[^@]+@[^@]+\\.[^@]+$/
    [90m418| [39m        export const PHONE_REGEX = /^\\d{3}-\\d{3}-\\d{4}$/

[31m[2m⎯⎯⎯⎯⎯⎯⎯⎯⎯⎯⎯⎯⎯⎯⎯⎯⎯⎯⎯⎯[189/292]⎯[22m[39m

[41m[1m FAIL [22m[49m tests/wang-unit/regex-integration.test.js[2m > [22mWang Regex Integration with Language Features[2m > [22mRegex with Modules[2m > [22mshould work with module imports
[31m[1mTypeError[22m: ctx.addModule is not a function[39m
[36m [2m❯[22m tests/wang-unit/regex-integration.test.js:[2m438:11[22m[39m
    [90m436| [39m
    [90m437| [39m    [34mtest[39m([32m'should work with module imports'[39m[33m,[39m [35masync[39m () [33m=>[39m {
    [90m438| [39m      ctx[33m.[39m[34maddModule[39m([32m'textUtils'[39m[33m,[39m [32m`
    [90m   | [39m          [31m^[39m
    [90m439| [39m        export function extractNumbers(text) {
    [90m440| [39m          return text.match(/\\d+/g) || []

[31m[2m⎯⎯⎯⎯⎯⎯⎯⎯⎯⎯⎯⎯⎯⎯⎯⎯⎯⎯⎯⎯[190/292]⎯[22m[39m

[41m[1m FAIL [22m[49m tests/wang-unit/regex-integration.test.js[2m > [22mWang Regex Integration with Language Features[2m > [22mRegex with Async Operations[2m > [22mshould work with async/await
[31m[1mSyntaxError[22m: Parse error at line 8: Unexpected token (8:14)[39m
[36m [2m❯[22m parse src/index.js:[2m17:11[22m[39m
    [90m 15| [39m  } [35mcatch[39m (error) {
    [90m 16| [39m    [90m// Reformat error message for consistency[39m
    [90m 17| [39m    [35mthrow[39m [35mnew[39m [33mSyntaxError[39m(
    [90m   | [39m          [31m^[39m
    [90m 18| [39m      [32m`Parse error at line [39m[36m${[39merror[33m.[39mloc[33m?.[39mline [33m||[39m [32m'?'[39m[36m}[39m[32m: [39m[36m${[39merror[33m.[39mmessage[36m}[39m[32m`[39m
    [90m 19| [39m    )[33m;[39m
[90m [2m❯[22m execute src/index.js:[2m25:15[22m[39m
[90m [2m❯[22m TestContext.execute tests/test-utils.js:[2m21:35[22m[39m
[90m [2m❯[22m tests/wang-unit/regex-integration.test.js:[2m464:32[22m[39m

[31m[2m⎯⎯⎯⎯⎯⎯⎯⎯⎯⎯⎯⎯⎯⎯⎯⎯⎯⎯⎯⎯[191/292]⎯[22m[39m

[41m[1m FAIL [22m[49m tests/wang-unit/regex-integration.test.js[2m > [22mWang Regex Integration with Language Features[2m > [22mRegex with Async Operations[2m > [22mshould work with Promise chains
[31m[1mSyntaxError[22m: Parse error at line 7: Unexpected token (7:14)[39m
[36m [2m❯[22m parse src/index.js:[2m17:11[22m[39m
    [90m 15| [39m  } [35mcatch[39m (error) {
    [90m 16| [39m    [90m// Reformat error message for consistency[39m
    [90m 17| [39m    [35mthrow[39m [35mnew[39m [33mSyntaxError[39m(
    [90m   | [39m          [31m^[39m
    [90m 18| [39m      [32m`Parse error at line [39m[36m${[39merror[33m.[39mloc[33m?.[39mline [33m||[39m [32m'?'[39m[36m}[39m[32m: [39m[36m${[39merror[33m.[39mmessage[36m}[39m[32m`[39m
    [90m 19| [39m    )[33m;[39m
[90m [2m❯[22m execute src/index.js:[2m25:15[22m[39m
[90m [2m❯[22m TestContext.execute tests/test-utils.js:[2m21:35[22m[39m
[90m [2m❯[22m tests/wang-unit/regex-integration.test.js:[2m477:32[22m[39m

[31m[2m⎯⎯⎯⎯⎯⎯⎯⎯⎯⎯⎯⎯⎯⎯⎯⎯⎯⎯⎯⎯[192/292]⎯[22m[39m

[41m[1m FAIL [22m[49m tests/wang-unit/regex-integration.test.js[2m > [22mWang Regex Integration with Language Features[2m > [22mRegex with Async Operations[2m > [22mshould work with async operations
[31m[1mSyntaxError[22m: Parse error at line 14: Unexpected token (14:14)[39m
[36m [2m❯[22m parse src/index.js:[2m17:11[22m[39m
    [90m 15| [39m  } [35mcatch[39m (error) {
    [90m 16| [39m    [90m// Reformat error message for consistency[39m
    [90m 17| [39m    [35mthrow[39m [35mnew[39m [33mSyntaxError[39m(
    [90m   | [39m          [31m^[39m
    [90m 18| [39m      [32m`Parse error at line [39m[36m${[39merror[33m.[39mloc[33m?.[39mline [33m||[39m [32m'?'[39m[36m}[39m[32m: [39m[36m${[39merror[33m.[39mmessage[36m}[39m[32m`[39m
    [90m 19| [39m    )[33m;[39m
[90m [2m❯[22m execute src/index.js:[2m25:15[22m[39m
[90m [2m❯[22m TestContext.execute tests/test-utils.js:[2m21:35[22m[39m
[90m [2m❯[22m tests/wang-unit/regex-integration.test.js:[2m489:32[22m[39m

[31m[2m⎯⎯⎯⎯⎯⎯⎯⎯⎯⎯⎯⎯⎯⎯⎯⎯⎯⎯⎯⎯[193/292]⎯[22m[39m

[41m[1m FAIL [22m[49m tests/wang-unit/regex-integration.test.js[2m > [22mWang Regex Integration with Language Features[2m > [22mRegex with Error Handling[2m > [22mshould work in error messages
[31m[1mAssertionError[22m: expected 'test is not defined' to be 'Text does not match pattern /^valid/' // Object.is equality[39m

Expected: [32m"Text does not match pattern /^valid/"[39m
Received: [31m"test is not defined"[39m

[36m [2m❯[22m tests/wang-unit/regex-integration.test.js:[2m520:22[22m[39m
    [90m518| [39m        }
    [90m519| [39m      `[39m)[33m;[39m
    [90m520| [39m      [34mexpect[39m(result)[33m.[39m[34mtoBe[39m([32m"Text does not match pattern /^valid/"[39m)[33m;[39m
    [90m   | [39m                     [31m^[39m
    [90m521| [39m    })[33m;[39m
    [90m522| [39m

[31m[2m⎯⎯⎯⎯⎯⎯⎯⎯⎯⎯⎯⎯⎯⎯⎯⎯⎯⎯⎯⎯[194/292]⎯[22m[39m

[41m[1m FAIL [22m[49m tests/wang-unit/regex-integration.test.js[2m > [22mWang Regex Integration with Language Features[2m > [22mRegex with Error Handling[2m > [22mshould work with custom error classes
[31m[1mAssertionError[22m: expected undefined to be 'Validation failed for: test' // Object.is equality[39m

[32m- Expected:[39m 
"Validation failed for: test"

[31m+ Received:[39m 
undefined

[36m [2m❯[22m tests/wang-unit/regex-integration.test.js:[2m538:22[22m[39m
    [90m536| [39m        }
    [90m537| [39m      `[39m)[33m;[39m
    [90m538| [39m      [34mexpect[39m(result)[33m.[39m[34mtoBe[39m([32m"Validation failed for: test"[39m)[33m;[39m
    [90m   | [39m                     [31m^[39m
    [90m539| [39m    })[33m;[39m
    [90m540| [39m  })[33m;[39m

[31m[2m⎯⎯⎯⎯⎯⎯⎯⎯⎯⎯⎯⎯⎯⎯⎯⎯⎯⎯⎯⎯[195/292]⎯[22m[39m

[41m[1m FAIL [22m[49m tests/wang-unit/regex-literals.test.js[2m > [22mWang Language Regex Literals[2m > [22mBasic Regex Literals[2m > [22mshould parse and create basic regex literal
[31m[1mTypeError[22m: Cannot read properties of undefined (reading 'currentContext')[39m
[36m [2m❯[22m tests/wang-unit/regex-literals.test.js:[2m21:39[22m[39m
    [90m 19| [39m      expect(result).toBeUndefined(); // Variable declaration returns …
    [90m 20| [39m      
    [90m 21| [39m      const pattern = ctx.interpreter.currentContext.variables.get('pa…
    [90m   | [39m                                      [31m^[39m
    [90m 22| [39m      [34mexpect[39m(pattern)[33m.[39m[34mtoBeInstanceOf[39m([33mRegExp[39m)[33m;[39m
    [90m 23| [39m      [34mexpect[39m(pattern[33m.[39msource)[33m.[39m[34mtoBe[39m([32m'hello'[39m)[33m;[39m

[31m[2m⎯⎯⎯⎯⎯⎯⎯⎯⎯⎯⎯⎯⎯⎯⎯⎯⎯⎯⎯⎯[196/292]⎯[22m[39m

[41m[1m FAIL [22m[49m tests/wang-unit/regex-literals.test.js[2m > [22mWang Language Regex Literals[2m > [22mBasic Regex Literals[2m > [22mshould create regex with flags
[31m[1mTypeError[22m: Cannot read properties of undefined (reading 'currentContext')[39m
[36m [2m❯[22m tests/wang-unit/regex-literals.test.js:[2m29:39[22m[39m
    [90m 27| [39m    [34mtest[39m([32m'should create regex with flags'[39m[33m,[39m [35masync[39m () [33m=>[39m {
    [90m 28| [39m      [35mconst[39m result [33m=[39m [35mawait[39m ctx[33m.[39m[34mexecute[39m([32m'let pattern = /hello/gi'[39m)[33m;[39m
    [90m 29| [39m      const pattern = ctx.interpreter.currentContext.variables.get('pa…
    [90m   | [39m                                      [31m^[39m
    [90m 30| [39m      [34mexpect[39m(pattern)[33m.[39m[34mtoBeInstanceOf[39m([33mRegExp[39m)[33m;[39m
    [90m 31| [39m      [34mexpect[39m(pattern[33m.[39msource)[33m.[39m[34mtoBe[39m([32m'hello'[39m)[33m;[39m

[31m[2m⎯⎯⎯⎯⎯⎯⎯⎯⎯⎯⎯⎯⎯⎯⎯⎯⎯⎯⎯⎯[197/292]⎯[22m[39m

[41m[1m FAIL [22m[49m tests/wang-unit/regex-literals.test.js[2m > [22mWang Language Regex Literals[2m > [22mBasic Regex Literals[2m > [22mshould support all regex flags
[31m[1mTypeError[22m: Cannot read properties of undefined (reading 'currentContext')[39m
[36m [2m❯[22m tests/wang-unit/regex-literals.test.js:[2m39:39[22m[39m
    [90m 37| [39m    [34mtest[39m([32m'should support all regex flags'[39m[33m,[39m [35masync[39m () [33m=>[39m {
    [90m 38| [39m      [35mconst[39m result [33m=[39m [35mawait[39m ctx[33m.[39m[34mexecute[39m([32m'let pattern = /test/gimuy'[39m)[33m;[39m
    [90m 39| [39m      const pattern = ctx.interpreter.currentContext.variables.get('pa…
    [90m   | [39m                                      [31m^[39m
    [90m 40| [39m      [34mexpect[39m(pattern)[33m.[39m[34mtoBeInstanceOf[39m([33mRegExp[39m)[33m;[39m
    [90m 41| [39m      [34mexpect[39m(pattern[33m.[39mflags)[33m.[39m[34mtoBe[39m([32m'gimuy'[39m)[33m;[39m

[31m[2m⎯⎯⎯⎯⎯⎯⎯⎯⎯⎯⎯⎯⎯⎯⎯⎯⎯⎯⎯⎯[198/292]⎯[22m[39m

[41m[1m FAIL [22m[49m tests/wang-unit/regex-literals.test.js[2m > [22mWang Language Regex Literals[2m > [22mBasic Regex Literals[2m > [22mshould support regex with special characters
[31m[1mTypeError[22m: Cannot read properties of undefined (reading 'currentContext')[39m
[36m [2m❯[22m tests/wang-unit/regex-literals.test.js:[2m46:39[22m[39m
    [90m 44| [39m    [34mtest[39m([32m'should support regex with special characters'[39m[33m,[39m [35masync[39m () [33m=>[39m {
    [90m 45| [39m      [35mconst[39m result [33m=[39m [35mawait[39m ctx[33m.[39m[34mexecute[39m([32m'let pattern = /\\d+\\.\\d+/g'[39m)[33m;[39m
    [90m 46| [39m      const pattern = ctx.interpreter.currentContext.variables.get('pa…
    [90m   | [39m                                      [31m^[39m
    [90m 47| [39m      [34mexpect[39m(pattern)[33m.[39m[34mtoBeInstanceOf[39m([33mRegExp[39m)[33m;[39m
    [90m 48| [39m      [34mexpect[39m(pattern[33m.[39msource)[33m.[39m[34mtoBe[39m([32m'\\d+\\.\\d+'[39m)[33m;[39m

[31m[2m⎯⎯⎯⎯⎯⎯⎯⎯⎯⎯⎯⎯⎯⎯⎯⎯⎯⎯⎯⎯[199/292]⎯[22m[39m

[41m[1m FAIL [22m[49m tests/wang-unit/regex-literals.test.js[2m > [22mWang Language Regex Literals[2m > [22mRegex with Complex Patterns[2m > [22mshould handle character classes
[31m[1mTypeError[22m: Cannot read properties of undefined (reading 'currentContext')[39m
[36m [2m❯[22m tests/wang-unit/regex-literals.test.js:[2m56:39[22m[39m
    [90m 54| [39m    [34mtest[39m([32m'should handle character classes'[39m[33m,[39m [35masync[39m () [33m=>[39m {
    [90m 55| [39m      [35mawait[39m ctx[33m.[39m[34mexecute[39m([32m'let pattern = /[a-zA-Z0-9]/'[39m)[33m;[39m
    [90m 56| [39m      const pattern = ctx.interpreter.currentContext.variables.get('pa…
    [90m   | [39m                                      [31m^[39m
    [90m 57| [39m      [34mexpect[39m(pattern[33m.[39msource)[33m.[39m[34mtoBe[39m([32m'[a-zA-Z0-9]'[39m)[33m;[39m
    [90m 58| [39m    })[33m;[39m

[31m[2m⎯⎯⎯⎯⎯⎯⎯⎯⎯⎯⎯⎯⎯⎯⎯⎯⎯⎯⎯⎯[200/292]⎯[22m[39m

[41m[1m FAIL [22m[49m tests/wang-unit/regex-literals.test.js[2m > [22mWang Language Regex Literals[2m > [22mRegex with Complex Patterns[2m > [22mshould handle quantifiers
[31m[1mTypeError[22m: Cannot read properties of undefined (reading 'currentContext')[39m
[36m [2m❯[22m tests/wang-unit/regex-literals.test.js:[2m62:39[22m[39m
    [90m 60| [39m    [34mtest[39m([32m'should handle quantifiers'[39m[33m,[39m [35masync[39m () [33m=>[39m {
    [90m 61| [39m      [35mawait[39m ctx[33m.[39m[34mexecute[39m([32m'let pattern = /a{1,3}b+c*d?/'[39m)[33m;[39m
    [90m 62| [39m      const pattern = ctx.interpreter.currentContext.variables.get('pa…
    [90m   | [39m                                      [31m^[39m
    [90m 63| [39m      [34mexpect[39m(pattern[33m.[39msource)[33m.[39m[34mtoBe[39m([32m'a{1,3}b+c*d?'[39m)[33m;[39m
    [90m 64| [39m    })[33m;[39m

[31m[2m⎯⎯⎯⎯⎯⎯⎯⎯⎯⎯⎯⎯⎯⎯⎯⎯⎯⎯⎯⎯[201/292]⎯[22m[39m

[41m[1m FAIL [22m[49m tests/wang-unit/regex-literals.test.js[2m > [22mWang Language Regex Literals[2m > [22mRegex with Complex Patterns[2m > [22mshould handle groups and assertions
[31m[1mTypeError[22m: Cannot read properties of undefined (reading 'currentContext')[39m
[36m [2m❯[22m tests/wang-unit/regex-literals.test.js:[2m68:39[22m[39m
    [90m 66| [39m    [34mtest[39m([32m'should handle groups and assertions'[39m[33m,[39m [35masync[39m () [33m=>[39m {
    [90m 67| [39m      [35mawait[39m ctx[33m.[39m[34mexecute[39m([32m'let pattern = /(hello)(?=world)/'[39m)[33m;[39m
    [90m 68| [39m      const pattern = ctx.interpreter.currentContext.variables.get('pa…
    [90m   | [39m                                      [31m^[39m
    [90m 69| [39m      [34mexpect[39m(pattern[33m.[39msource)[33m.[39m[34mtoBe[39m([32m'(hello)(?=world)'[39m)[33m;[39m
    [90m 70| [39m    })[33m;[39m

[31m[2m⎯⎯⎯⎯⎯⎯⎯⎯⎯⎯⎯⎯⎯⎯⎯⎯⎯⎯⎯⎯[202/292]⎯[22m[39m

[41m[1m FAIL [22m[49m tests/wang-unit/regex-literals.test.js[2m > [22mWang Language Regex Literals[2m > [22mRegex with Complex Patterns[2m > [22mshould handle escaped forward slashes
[31m[1mTypeError[22m: Cannot read properties of undefined (reading 'currentContext')[39m
[36m [2m❯[22m tests/wang-unit/regex-literals.test.js:[2m74:39[22m[39m
    [90m 72| [39m    [34mtest[39m([32m'should handle escaped forward slashes'[39m[33m,[39m [35masync[39m () [33m=>[39m {
    [90m 73| [39m      [35mawait[39m ctx[33m.[39m[34mexecute[39m([32m'let pattern = /path\\/to\\/file/'[39m)[33m;[39m
    [90m 74| [39m      const pattern = ctx.interpreter.currentContext.variables.get('pa…
    [90m   | [39m                                      [31m^[39m
    [90m 75| [39m      [34mexpect[39m(pattern[33m.[39msource)[33m.[39m[34mtoBe[39m([32m'path\\/to\\/file'[39m)[33m;[39m
    [90m 76| [39m    })[33m;[39m

[31m[2m⎯⎯⎯⎯⎯⎯⎯⎯⎯⎯⎯⎯⎯⎯⎯⎯⎯⎯⎯⎯[203/292]⎯[22m[39m

[41m[1m FAIL [22m[49m tests/wang-unit/regex-literals.test.js[2m > [22mWang Language Regex Literals[2m > [22mRegex Usage in Expressions[2m > [22mshould work with string methods
[31m[1mReferenceError[22m: test is not defined[39m
[36m [2m❯[22m Environment.get src/runtime/environment.js:[2m24:11[22m[39m
    [90m 22| [39m      [35mreturn[39m [35mthis[39m[33m.[39mparent[33m.[39m[35mget[39m(name)[33m;[39m
    [90m 23| [39m    }
    [90m 24| [39m    [35mthrow[39m [35mnew[39m [33mReferenceError[39m([32m`[39m[36m${[39mname[36m}[39m[32m is not defined`[39m)[33m;[39m
    [90m   | [39m          [31m^[39m
    [90m 25| [39m  }
    [90m 26| [39m
[90m [2m❯[22m Interpreter.evaluate src/interpreter/interpreter.js:[2m19:20[22m[39m
[90m [2m❯[22m Interpreter.evaluateCallExpression src/interpreter/interpreter.js:[2m408:21[22m[39m
[90m [2m❯[22m Interpreter.evaluate src/interpreter/interpreter.js:[2m40:21[22m[39m
[90m [2m❯[22m Interpreter.evaluate src/interpreter/interpreter.js:[2m77:21[22m[39m
[90m [2m❯[22m Interpreter.evaluateProgram src/interpreter/interpreter.js:[2m188:21[22m[39m
[90m [2m❯[22m Interpreter.evaluate src/interpreter/interpreter.js:[2m13:21[22m[39m
[90m [2m❯[22m execute src/index.js:[2m34:30[22m[39m
[90m [2m❯[22m TestContext.execute tests/test-utils.js:[2m21:35[22m[39m
[90m [2m❯[22m tests/wang-unit/regex-literals.test.js:[2m83:32[22m[39m

[31m[2m⎯⎯⎯⎯⎯⎯⎯⎯⎯⎯⎯⎯⎯⎯⎯⎯⎯⎯⎯⎯[204/292]⎯[22m[39m

[41m[1m FAIL [22m[49m tests/wang-unit/regex-literals.test.js[2m > [22mWang Language Regex Literals[2m > [22mRegex Usage in Expressions[2m > [22mshould work with match method
[31m[1mReferenceError[22m: match is not defined[39m
[36m [2m❯[22m Environment.get src/runtime/environment.js:[2m24:11[22m[39m
    [90m 22| [39m      [35mreturn[39m [35mthis[39m[33m.[39mparent[33m.[39m[35mget[39m(name)[33m;[39m
    [90m 23| [39m    }
    [90m 24| [39m    [35mthrow[39m [35mnew[39m [33mReferenceError[39m([32m`[39m[36m${[39mname[36m}[39m[32m is not defined`[39m)[33m;[39m
    [90m   | [39m          [31m^[39m
    [90m 25| [39m  }
    [90m 26| [39m
[90m [2m❯[22m Interpreter.evaluate src/interpreter/interpreter.js:[2m19:20[22m[39m
[90m [2m❯[22m Interpreter.evaluateCallExpression src/interpreter/interpreter.js:[2m408:21[22m[39m
[90m [2m❯[22m Interpreter.evaluate src/interpreter/interpreter.js:[2m40:21[22m[39m
[90m [2m❯[22m Interpreter.evaluate src/interpreter/interpreter.js:[2m77:21[22m[39m
[90m [2m❯[22m Interpreter.evaluateProgram src/interpreter/interpreter.js:[2m188:21[22m[39m
[90m [2m❯[22m Interpreter.evaluate src/interpreter/interpreter.js:[2m13:21[22m[39m
[90m [2m❯[22m execute src/index.js:[2m34:30[22m[39m
[90m [2m❯[22m TestContext.execute tests/test-utils.js:[2m21:35[22m[39m
[90m [2m❯[22m tests/wang-unit/regex-literals.test.js:[2m95:32[22m[39m

[31m[2m⎯⎯⎯⎯⎯⎯⎯⎯⎯⎯⎯⎯⎯⎯⎯⎯⎯⎯⎯⎯[205/292]⎯[22m[39m

[41m[1m FAIL [22m[49m tests/wang-unit/regex-literals.test.js[2m > [22mWang Language Regex Literals[2m > [22mRegex Usage in Expressions[2m > [22mshould work with replace method
[31m[1mReferenceError[22m: replace is not defined[39m
[36m [2m❯[22m Environment.get src/runtime/environment.js:[2m24:11[22m[39m
    [90m 22| [39m      [35mreturn[39m [35mthis[39m[33m.[39mparent[33m.[39m[35mget[39m(name)[33m;[39m
    [90m 23| [39m    }
    [90m 24| [39m    [35mthrow[39m [35mnew[39m [33mReferenceError[39m([32m`[39m[36m${[39mname[36m}[39m[32m is not defined`[39m)[33m;[39m
    [90m   | [39m          [31m^[39m
    [90m 25| [39m  }
    [90m 26| [39m
[90m [2m❯[22m Interpreter.evaluate src/interpreter/interpreter.js:[2m19:20[22m[39m
[90m [2m❯[22m Interpreter.evaluateCallExpression src/interpreter/interpreter.js:[2m408:21[22m[39m
[90m [2m❯[22m Interpreter.evaluate src/interpreter/interpreter.js:[2m40:21[22m[39m
[90m [2m❯[22m Interpreter.evaluate src/interpreter/interpreter.js:[2m77:21[22m[39m
[90m [2m❯[22m Interpreter.evaluateProgram src/interpreter/interpreter.js:[2m188:21[22m[39m
[90m [2m❯[22m Interpreter.evaluate src/interpreter/interpreter.js:[2m13:21[22m[39m
[90m [2m❯[22m execute src/index.js:[2m34:30[22m[39m
[90m [2m❯[22m TestContext.execute tests/test-utils.js:[2m21:35[22m[39m
[90m [2m❯[22m tests/wang-unit/regex-literals.test.js:[2m107:32[22m[39m

[31m[2m⎯⎯⎯⎯⎯⎯⎯⎯⎯⎯⎯⎯⎯⎯⎯⎯⎯⎯⎯⎯[206/292]⎯[22m[39m

[41m[1m FAIL [22m[49m tests/wang-unit/regex-literals.test.js[2m > [22mWang Language Regex Literals[2m > [22mDivision vs Regex Context[2m > [22mshould parse regex after assignment operator
[31m[1mTypeError[22m: Cannot read properties of undefined (reading 'currentContext')[39m
[36m [2m❯[22m tests/wang-unit/regex-literals.test.js:[2m137:39[22m[39m
    [90m135| [39m    [34mtest[39m([32m'should parse regex after assignment operator'[39m[33m,[39m [35masync[39m () [33m=>[39m {
    [90m136| [39m      [35mawait[39m ctx[33m.[39m[34mexecute[39m([32m'let pattern = /test/'[39m)[33m;[39m
    [90m137| [39m      const pattern = ctx.interpreter.currentContext.variables.get('pa…
    [90m   | [39m                                      [31m^[39m
    [90m138| [39m      [34mexpect[39m(pattern)[33m.[39m[34mtoBeInstanceOf[39m([33mRegExp[39m)[33m;[39m
    [90m139| [39m      [34mexpect[39m(pattern[33m.[39msource)[33m.[39m[34mtoBe[39m([32m'test'[39m)[33m;[39m

[31m[2m⎯⎯⎯⎯⎯⎯⎯⎯⎯⎯⎯⎯⎯⎯⎯⎯⎯⎯⎯⎯[207/292]⎯[22m[39m

[41m[1m FAIL [22m[49m tests/wang-unit/regex-literals.test.js[2m > [22mWang Language Regex Literals[2m > [22mDivision vs Regex Context[2m > [22mshould parse regex after comma
[31m[1mReferenceError[22m: testRegex is not defined[39m
[36m [2m❯[22m Environment.get src/runtime/environment.js:[2m24:11[22m[39m
    [90m 22| [39m      [35mreturn[39m [35mthis[39m[33m.[39mparent[33m.[39m[35mget[39m(name)[33m;[39m
    [90m 23| [39m    }
    [90m 24| [39m    [35mthrow[39m [35mnew[39m [33mReferenceError[39m([32m`[39m[36m${[39mname[36m}[39m[32m is not defined`[39m)[33m;[39m
    [90m   | [39m          [31m^[39m
    [90m 25| [39m  }
    [90m 26| [39m
[90m [2m❯[22m Interpreter.evaluate src/interpreter/interpreter.js:[2m19:20[22m[39m
[90m [2m❯[22m Interpreter.evaluateCallExpression src/interpreter/interpreter.js:[2m408:21[22m[39m
[90m [2m❯[22m Interpreter.evaluate src/interpreter/interpreter.js:[2m40:21[22m[39m
[90m [2m❯[22m Interpreter.evaluate src/interpreter/interpreter.js:[2m77:21[22m[39m
[90m [2m❯[22m Interpreter.evaluateProgram src/interpreter/interpreter.js:[2m188:21[22m[39m
[90m [2m❯[22m Interpreter.evaluate src/interpreter/interpreter.js:[2m13:21[22m[39m
[90m [2m❯[22m execute src/index.js:[2m34:30[22m[39m
[90m [2m❯[22m TestContext.execute tests/test-utils.js:[2m21:35[22m[39m
[90m [2m❯[22m tests/wang-unit/regex-literals.test.js:[2m145:32[22m[39m

[31m[2m⎯⎯⎯⎯⎯⎯⎯⎯⎯⎯⎯⎯⎯⎯⎯⎯⎯⎯⎯⎯[208/292]⎯[22m[39m

[41m[1m FAIL [22m[49m tests/wang-unit/regex-literals.test.js[2m > [22mWang Language Regex Literals[2m > [22mDivision vs Regex Context[2m > [22mshould parse regex after opening parenthesis
[31m[1mReferenceError[22m: testRegex is not defined[39m
[36m [2m❯[22m Environment.get src/runtime/environment.js:[2m24:11[22m[39m
    [90m 22| [39m      [35mreturn[39m [35mthis[39m[33m.[39mparent[33m.[39m[35mget[39m(name)[33m;[39m
    [90m 23| [39m    }
    [90m 24| [39m    [35mthrow[39m [35mnew[39m [33mReferenceError[39m([32m`[39m[36m${[39mname[36m}[39m[32m is not defined`[39m)[33m;[39m
    [90m   | [39m          [31m^[39m
    [90m 25| [39m  }
    [90m 26| [39m
[90m [2m❯[22m Interpreter.evaluate src/interpreter/interpreter.js:[2m19:20[22m[39m
[90m [2m❯[22m Interpreter.evaluateCallExpression src/interpreter/interpreter.js:[2m408:21[22m[39m
[90m [2m❯[22m Interpreter.evaluate src/interpreter/interpreter.js:[2m40:21[22m[39m
[90m [2m❯[22m Interpreter.evaluate src/interpreter/interpreter.js:[2m77:21[22m[39m
[90m [2m❯[22m Interpreter.evaluateProgram src/interpreter/interpreter.js:[2m188:21[22m[39m
[90m [2m❯[22m Interpreter.evaluate src/interpreter/interpreter.js:[2m13:21[22m[39m
[90m [2m❯[22m execute src/index.js:[2m34:30[22m[39m
[90m [2m❯[22m TestContext.execute tests/test-utils.js:[2m21:35[22m[39m
[90m [2m❯[22m tests/wang-unit/regex-literals.test.js:[2m152:32[22m[39m

[31m[2m⎯⎯⎯⎯⎯⎯⎯⎯⎯⎯⎯⎯⎯⎯⎯⎯⎯⎯⎯⎯[209/292]⎯[22m[39m

[41m[1m FAIL [22m[49m tests/wang-unit/regex-literals.test.js[2m > [22mWang Language Regex Literals[2m > [22mEdge Cases[2m > [22mshould handle empty regex
[31m[1mTypeError[22m: Cannot read properties of undefined (reading 'currentContext')[39m
[36m [2m❯[22m tests/wang-unit/regex-literals.test.js:[2m172:39[22m[39m
    [90m170| [39m    [34mtest[39m([32m'should handle empty regex'[39m[33m,[39m [35masync[39m () [33m=>[39m {
    [90m171| [39m      [35mawait[39m ctx[33m.[39m[34mexecute[39m([32m'let pattern = /(?:)/'[39m)[33m;[39m
    [90m172| [39m      const pattern = ctx.interpreter.currentContext.variables.get('pa…
    [90m   | [39m                                      [31m^[39m
    [90m173| [39m      [34mexpect[39m(pattern)[33m.[39m[34mtoBeInstanceOf[39m([33mRegExp[39m)[33m;[39m
    [90m174| [39m      [34mexpect[39m(pattern[33m.[39msource)[33m.[39m[34mtoBe[39m([32m'(?:)'[39m)[33m;[39m

[31m[2m⎯⎯⎯⎯⎯⎯⎯⎯⎯⎯⎯⎯⎯⎯⎯⎯⎯⎯⎯⎯[210/292]⎯[22m[39m

[41m[1m FAIL [22m[49m tests/wang-unit/regex-literals.test.js[2m > [22mWang Language Regex Literals[2m > [22mEdge Cases[2m > [22mshould handle regex with unicode flag
[31m[1mTypeError[22m: Cannot read properties of undefined (reading 'currentContext')[39m
[36m [2m❯[22m tests/wang-unit/regex-literals.test.js:[2m179:39[22m[39m
    [90m177| [39m    [34mtest[39m([32m'should handle regex with unicode flag'[39m[33m,[39m [35masync[39m () [33m=>[39m {
    [90m178| [39m      [35mawait[39m ctx[33m.[39m[34mexecute[39m([32m'let pattern = /\\u{1F600}/u'[39m)[33m;[39m
    [90m179| [39m      const pattern = ctx.interpreter.currentContext.variables.get('pa…
    [90m   | [39m                                      [31m^[39m
    [90m180| [39m      [34mexpect[39m(pattern[33m.[39municode)[33m.[39m[34mtoBe[39m([35mtrue[39m)[33m;[39m
    [90m181| [39m    })[33m;[39m

[31m[2m⎯⎯⎯⎯⎯⎯⎯⎯⎯⎯⎯⎯⎯⎯⎯⎯⎯⎯⎯⎯[211/292]⎯[22m[39m

[41m[1m FAIL [22m[49m tests/wang-unit/regex-literals.test.js[2m > [22mWang Language Regex Literals[2m > [22mError Cases[2m > [22mshould handle invalid regex patterns gracefully
[31m[1mTypeError[22m: Cannot read properties of undefined (reading 'currentContext')[39m
[36m [2m❯[22m tests/wang-unit/regex-literals.test.js:[2m210:39[22m[39m
    [90m208| [39m      [90m// This test ensures we don't crash on valid lexer tokens[39m
    [90m209| [39m      [35mawait[39m ctx[33m.[39m[34mexecute[39m([32m'let pattern = /valid/'[39m)[33m;[39m
    [90m210| [39m      const pattern = ctx.interpreter.currentContext.variables.get('pa…
    [90m   | [39m                                      [31m^[39m
    [90m211| [39m      [34mexpect[39m(pattern)[33m.[39m[34mtoBeInstanceOf[39m([33mRegExp[39m)[33m;[39m
    [90m212| [39m    })[33m;[39m

[31m[2m⎯⎯⎯⎯⎯⎯⎯⎯⎯⎯⎯⎯⎯⎯⎯⎯⎯⎯⎯⎯[212/292]⎯[22m[39m

[41m[1m FAIL [22m[49m tests/wang-unit/regex-literals.test.js[2m > [22mWang Language Regex Literals[2m > [22mReal-world Use Cases[2m > [22mshould work for email validation
[31m[1mReferenceError[22m: isValidEmail is not defined[39m
[36m [2m❯[22m Environment.get src/runtime/environment.js:[2m24:11[22m[39m
    [90m 22| [39m      [35mreturn[39m [35mthis[39m[33m.[39mparent[33m.[39m[35mget[39m(name)[33m;[39m
    [90m 23| [39m    }
    [90m 24| [39m    [35mthrow[39m [35mnew[39m [33mReferenceError[39m([32m`[39m[36m${[39mname[36m}[39m[32m is not defined`[39m)[33m;[39m
    [90m   | [39m          [31m^[39m
    [90m 25| [39m  }
    [90m 26| [39m
[90m [2m❯[22m Interpreter.evaluate src/interpreter/interpreter.js:[2m19:20[22m[39m
[90m [2m❯[22m Interpreter.evaluateCallExpression src/interpreter/interpreter.js:[2m408:21[22m[39m
[90m [2m❯[22m Interpreter.evaluate src/interpreter/interpreter.js:[2m40:21[22m[39m
[90m [2m❯[22m Interpreter.evaluate src/interpreter/interpreter.js:[2m77:21[22m[39m
[90m [2m❯[22m Interpreter.evaluateProgram src/interpreter/interpreter.js:[2m188:21[22m[39m
[90m [2m❯[22m Interpreter.evaluate src/interpreter/interpreter.js:[2m13:21[22m[39m
[90m [2m❯[22m execute src/index.js:[2m34:30[22m[39m
[90m [2m❯[22m TestContext.execute tests/test-utils.js:[2m21:35[22m[39m
[90m [2m❯[22m tests/wang-unit/regex-literals.test.js:[2m219:32[22m[39m

[31m[2m⎯⎯⎯⎯⎯⎯⎯⎯⎯⎯⎯⎯⎯⎯⎯⎯⎯⎯⎯⎯[213/292]⎯[22m[39m

[41m[1m FAIL [22m[49m tests/wang-unit/regex-literals.test.js[2m > [22mWang Language Regex Literals[2m > [22mReal-world Use Cases[2m > [22mshould work for URL extraction
[31m[1mReferenceError[22m: extractUrls is not defined[39m
[36m [2m❯[22m Environment.get src/runtime/environment.js:[2m24:11[22m[39m
    [90m 22| [39m      [35mreturn[39m [35mthis[39m[33m.[39mparent[33m.[39m[35mget[39m(name)[33m;[39m
    [90m 23| [39m    }
    [90m 24| [39m    [35mthrow[39m [35mnew[39m [33mReferenceError[39m([32m`[39m[36m${[39mname[36m}[39m[32m is not defined`[39m)[33m;[39m
    [90m   | [39m          [31m^[39m
    [90m 25| [39m  }
    [90m 26| [39m
[90m [2m❯[22m Interpreter.evaluate src/interpreter/interpreter.js:[2m19:20[22m[39m
[90m [2m❯[22m Interpreter.evaluateCallExpression src/interpreter/interpreter.js:[2m408:21[22m[39m
[90m [2m❯[22m Interpreter.evaluate src/interpreter/interpreter.js:[2m40:21[22m[39m
[90m [2m❯[22m Interpreter.evaluate src/interpreter/interpreter.js:[2m77:21[22m[39m
[90m [2m❯[22m Interpreter.evaluateProgram src/interpreter/interpreter.js:[2m188:21[22m[39m
[90m [2m❯[22m Interpreter.evaluate src/interpreter/interpreter.js:[2m13:21[22m[39m
[90m [2m❯[22m execute src/index.js:[2m34:30[22m[39m
[90m [2m❯[22m TestContext.execute tests/test-utils.js:[2m21:35[22m[39m
[90m [2m❯[22m tests/wang-unit/regex-literals.test.js:[2m231:32[22m[39m

[31m[2m⎯⎯⎯⎯⎯⎯⎯⎯⎯⎯⎯⎯⎯⎯⎯⎯⎯⎯⎯⎯[214/292]⎯[22m[39m

[41m[1m FAIL [22m[49m tests/wang-unit/regex-literals.test.js[2m > [22mWang Language Regex Literals[2m > [22mReal-world Use Cases[2m > [22mshould work for data parsing
[31m[1mReferenceError[22m: parseData is not defined[39m
[36m [2m❯[22m Environment.get src/runtime/environment.js:[2m24:11[22m[39m
    [90m 22| [39m      [35mreturn[39m [35mthis[39m[33m.[39mparent[33m.[39m[35mget[39m(name)[33m;[39m
    [90m 23| [39m    }
    [90m 24| [39m    [35mthrow[39m [35mnew[39m [33mReferenceError[39m([32m`[39m[36m${[39mname[36m}[39m[32m is not defined`[39m)[33m;[39m
    [90m   | [39m          [31m^[39m
    [90m 25| [39m  }
    [90m 26| [39m
[90m [2m❯[22m Interpreter.evaluate src/interpreter/interpreter.js:[2m19:20[22m[39m
[90m [2m❯[22m Interpreter.evaluateCallExpression src/interpreter/interpreter.js:[2m408:21[22m[39m
[90m [2m❯[22m Interpreter.evaluate src/interpreter/interpreter.js:[2m40:21[22m[39m
[90m [2m❯[22m Interpreter.evaluate src/interpreter/interpreter.js:[2m77:21[22m[39m
[90m [2m❯[22m Interpreter.evaluateProgram src/interpreter/interpreter.js:[2m188:21[22m[39m
[90m [2m❯[22m Interpreter.evaluate src/interpreter/interpreter.js:[2m13:21[22m[39m
[90m [2m❯[22m execute src/index.js:[2m34:30[22m[39m
[90m [2m❯[22m TestContext.execute tests/test-utils.js:[2m21:35[22m[39m
[90m [2m❯[22m tests/wang-unit/regex-literals.test.js:[2m246:32[22m[39m

[31m[2m⎯⎯⎯⎯⎯⎯⎯⎯⎯⎯⎯⎯⎯⎯⎯⎯⎯⎯⎯⎯[215/292]⎯[22m[39m

[41m[1m FAIL [22m[49m tests/wang-unit/regex-stress.test.js[2m > [22mWang Regex Stress Tests and Performance[2m > [22mLarge Scale Text Processing[2m > [22mshould handle large text with multiple regex operations
[31m[1mSyntaxError[22m: Parse error at line 16: Unexpected token (16:20)[39m
[36m [2m❯[22m parse src/index.js:[2m17:11[22m[39m
    [90m 15| [39m  } [35mcatch[39m (error) {
    [90m 16| [39m    [90m// Reformat error message for consistency[39m
    [90m 17| [39m    [35mthrow[39m [35mnew[39m [33mSyntaxError[39m(
    [90m   | [39m          [31m^[39m
    [90m 18| [39m      [32m`Parse error at line [39m[36m${[39merror[33m.[39mloc[33m?.[39mline [33m||[39m [32m'?'[39m[36m}[39m[32m: [39m[36m${[39merror[33m.[39mmessage[36m}[39m[32m`[39m
    [90m 19| [39m    )[33m;[39m
[90m [2m❯[22m execute src/index.js:[2m25:15[22m[39m
[90m [2m❯[22m TestContext.execute tests/test-utils.js:[2m21:35[22m[39m
[90m [2m❯[22m tests/wang-unit/regex-stress.test.js:[2m35:32[22m[39m

[31m[2m⎯⎯⎯⎯⎯⎯⎯⎯⎯⎯⎯⎯⎯⎯⎯⎯⎯⎯⎯⎯[216/292]⎯[22m[39m

[41m[1m FAIL [22m[49m tests/wang-unit/regex-stress.test.js[2m > [22mWang Regex Stress Tests and Performance[2m > [22mLarge Scale Text Processing[2m > [22mshould handle rapid-fire regex compilation
[31m[1mReferenceError[22m: RegExp is not defined[39m
[36m [2m❯[22m Environment.get src/runtime/environment.js:[2m24:11[22m[39m
    [90m 22| [39m      [35mreturn[39m [35mthis[39m[33m.[39mparent[33m.[39m[35mget[39m(name)[33m;[39m
    [90m 23| [39m    }
    [90m 24| [39m    [35mthrow[39m [35mnew[39m [33mReferenceError[39m([32m`[39m[36m${[39mname[36m}[39m[32m is not defined`[39m)[33m;[39m
    [90m   | [39m          [31m^[39m
    [90m 25| [39m  }
    [90m 26| [39m
[90m [2m❯[22m Environment.get src/runtime/environment.js:[2m22:26[22m[39m
[90m [2m❯[22m Environment.get src/runtime/environment.js:[2m22:26[22m[39m
[90m [2m❯[22m Interpreter.evaluate src/interpreter/interpreter.js:[2m19:20[22m[39m
[90m [2m❯[22m Interpreter.evaluateNewExpression src/interpreter/interpreter.js:[2m543:30[22m[39m
[90m [2m❯[22m Interpreter.evaluate src/interpreter/interpreter.js:[2m56:21[22m[39m
[90m [2m❯[22m Interpreter.evaluateVariableDeclaration src/interpreter/interpreter.js:[2m582:16[22m[39m
[90m [2m❯[22m Interpreter.evaluate src/interpreter/interpreter.js:[2m68:21[22m[39m
[90m [2m❯[22m Interpreter.evaluateBlockStatement src/interpreter/interpreter.js:[2m694:21[22m[39m
[90m [2m❯[22m Interpreter.evaluate src/interpreter/interpreter.js:[2m74:21[22m[39m

[31m[2m⎯⎯⎯⎯⎯⎯⎯⎯⎯⎯⎯⎯⎯⎯⎯⎯⎯⎯⎯⎯[217/292]⎯[22m[39m

[41m[1m FAIL [22m[49m tests/wang-unit/regex-stress.test.js[2m > [22mWang Regex Stress Tests and Performance[2m > [22mHigh Volume Pattern Matching[2m > [22mshould process large arrays with regex filtering
[31m[1mSyntaxError[22m: Parse error at line 29: Unexpected token (29:37)[39m
[36m [2m❯[22m parse src/index.js:[2m17:11[22m[39m
    [90m 15| [39m  } [35mcatch[39m (error) {
    [90m 16| [39m    [90m// Reformat error message for consistency[39m
    [90m 17| [39m    [35mthrow[39m [35mnew[39m [33mSyntaxError[39m(
    [90m   | [39m          [31m^[39m
    [90m 18| [39m      [32m`Parse error at line [39m[36m${[39merror[33m.[39mloc[33m?.[39mline [33m||[39m [32m'?'[39m[36m}[39m[32m: [39m[36m${[39merror[33m.[39mmessage[36m}[39m[32m`[39m
    [90m 19| [39m    )[33m;[39m
[90m [2m❯[22m execute src/index.js:[2m25:15[22m[39m
[90m [2m❯[22m TestContext.execute tests/test-utils.js:[2m21:35[22m[39m
[90m [2m❯[22m tests/wang-unit/regex-stress.test.js:[2m123:32[22m[39m

[31m[2m⎯⎯⎯⎯⎯⎯⎯⎯⎯⎯⎯⎯⎯⎯⎯⎯⎯⎯⎯⎯[218/292]⎯[22m[39m

[41m[1m FAIL [22m[49m tests/wang-unit/regex-stress.test.js[2m > [22mWang Regex Stress Tests and Performance[2m > [22mHigh Volume Pattern Matching[2m > [22mshould handle concurrent regex operations
[31m[1mSyntaxError[22m: Parse error at line 29: Unexpected token (29:21)[39m
[36m [2m❯[22m parse src/index.js:[2m17:11[22m[39m
    [90m 15| [39m  } [35mcatch[39m (error) {
    [90m 16| [39m    [90m// Reformat error message for consistency[39m
    [90m 17| [39m    [35mthrow[39m [35mnew[39m [33mSyntaxError[39m(
    [90m   | [39m          [31m^[39m
    [90m 18| [39m      [32m`Parse error at line [39m[36m${[39merror[33m.[39mloc[33m?.[39mline [33m||[39m [32m'?'[39m[36m}[39m[32m: [39m[36m${[39merror[33m.[39mmessage[36m}[39m[32m`[39m
    [90m 19| [39m    )[33m;[39m
[90m [2m❯[22m execute src/index.js:[2m25:15[22m[39m
[90m [2m❯[22m TestContext.execute tests/test-utils.js:[2m21:35[22m[39m
[90m [2m❯[22m tests/wang-unit/regex-stress.test.js:[2m161:32[22m[39m

[31m[2m⎯⎯⎯⎯⎯⎯⎯⎯⎯⎯⎯⎯⎯⎯⎯⎯⎯⎯⎯⎯[219/292]⎯[22m[39m

[41m[1m FAIL [22m[49m tests/wang-unit/regex-stress.test.js[2m > [22mWang Regex Stress Tests and Performance[2m > [22mComplex Pattern Stress Tests[2m > [22mshould handle deeply nested capture groups
[31m[1mSyntaxError[22m: Parse error at line 10: Unexpected token (10:20)[39m
[36m [2m❯[22m parse src/index.js:[2m17:11[22m[39m
    [90m 15| [39m  } [35mcatch[39m (error) {
    [90m 16| [39m    [90m// Reformat error message for consistency[39m
    [90m 17| [39m    [35mthrow[39m [35mnew[39m [33mSyntaxError[39m(
    [90m   | [39m          [31m^[39m
    [90m 18| [39m      [32m`Parse error at line [39m[36m${[39merror[33m.[39mloc[33m?.[39mline [33m||[39m [32m'?'[39m[36m}[39m[32m: [39m[36m${[39merror[33m.[39mmessage[36m}[39m[32m`[39m
    [90m 19| [39m    )[33m;[39m
[90m [2m❯[22m execute src/index.js:[2m25:15[22m[39m
[90m [2m❯[22m TestContext.execute tests/test-utils.js:[2m21:35[22m[39m
[90m [2m❯[22m tests/wang-unit/regex-stress.test.js:[2m204:32[22m[39m

[31m[2m⎯⎯⎯⎯⎯⎯⎯⎯⎯⎯⎯⎯⎯⎯⎯⎯⎯⎯⎯⎯[220/292]⎯[22m[39m

[41m[1m FAIL [22m[49m tests/wang-unit/regex-stress.test.js[2m > [22mWang Regex Stress Tests and Performance[2m > [22mComplex Pattern Stress Tests[2m > [22mshould handle recursive pattern matching
[31m[1mSyntaxError[22m: Parse error at line 24: Unexpected token (24:23)[39m
[36m [2m❯[22m parse src/index.js:[2m17:11[22m[39m
    [90m 15| [39m  } [35mcatch[39m (error) {
    [90m 16| [39m    [90m// Reformat error message for consistency[39m
    [90m 17| [39m    [35mthrow[39m [35mnew[39m [33mSyntaxError[39m(
    [90m   | [39m          [31m^[39m
    [90m 18| [39m      [32m`Parse error at line [39m[36m${[39merror[33m.[39mloc[33m?.[39mline [33m||[39m [32m'?'[39m[36m}[39m[32m: [39m[36m${[39merror[33m.[39mmessage[36m}[39m[32m`[39m
    [90m 19| [39m    )[33m;[39m
[90m [2m❯[22m execute src/index.js:[2m25:15[22m[39m
[90m [2m❯[22m TestContext.execute tests/test-utils.js:[2m21:35[22m[39m
[90m [2m❯[22m tests/wang-unit/regex-stress.test.js:[2m232:32[22m[39m

[31m[2m⎯⎯⎯⎯⎯⎯⎯⎯⎯⎯⎯⎯⎯⎯⎯⎯⎯⎯⎯⎯[221/292]⎯[22m[39m

[41m[1m FAIL [22m[49m tests/wang-unit/regex-stress.test.js[2m > [22mWang Regex Stress Tests and Performance[2m > [22mComplex Pattern Stress Tests[2m > [22mshould handle unicode and international patterns
[31m[1mSyntaxError[22m: Parse error at line 12: Unexpected token (12:18)[39m
[36m [2m❯[22m parse src/index.js:[2m17:11[22m[39m
    [90m 15| [39m  } [35mcatch[39m (error) {
    [90m 16| [39m    [90m// Reformat error message for consistency[39m
    [90m 17| [39m    [35mthrow[39m [35mnew[39m [33mSyntaxError[39m(
    [90m   | [39m          [31m^[39m
    [90m 18| [39m      [32m`Parse error at line [39m[36m${[39merror[33m.[39mloc[33m?.[39mline [33m||[39m [32m'?'[39m[36m}[39m[32m: [39m[36m${[39merror[33m.[39mmessage[36m}[39m[32m`[39m
    [90m 19| [39m    )[33m;[39m
[90m [2m❯[22m execute src/index.js:[2m25:15[22m[39m
[90m [2m❯[22m TestContext.execute tests/test-utils.js:[2m21:35[22m[39m
[90m [2m❯[22m tests/wang-unit/regex-stress.test.js:[2m266:32[22m[39m

[31m[2m⎯⎯⎯⎯⎯⎯⎯⎯⎯⎯⎯⎯⎯⎯⎯⎯⎯⎯⎯⎯[222/292]⎯[22m[39m

[41m[1m FAIL [22m[49m tests/wang-unit/regex-stress.test.js[2m > [22mWang Regex Stress Tests and Performance[2m > [22mMemory and Performance Edge Cases[2m > [22mshould handle repeated pattern creation without memory leaks
[31m[1mSyntaxError[22m: Parse error at line 19: Unexpected token (19:22)[39m
[36m [2m❯[22m parse src/index.js:[2m17:11[22m[39m
    [90m 15| [39m  } [35mcatch[39m (error) {
    [90m 16| [39m    [90m// Reformat error message for consistency[39m
    [90m 17| [39m    [35mthrow[39m [35mnew[39m [33mSyntaxError[39m(
    [90m   | [39m          [31m^[39m
    [90m 18| [39m      [32m`Parse error at line [39m[36m${[39merror[33m.[39mloc[33m?.[39mline [33m||[39m [32m'?'[39m[36m}[39m[32m: [39m[36m${[39merror[33m.[39mmessage[36m}[39m[32m`[39m
    [90m 19| [39m    )[33m;[39m
[90m [2m❯[22m execute src/index.js:[2m25:15[22m[39m
[90m [2m❯[22m TestContext.execute tests/test-utils.js:[2m21:35[22m[39m
[90m [2m❯[22m tests/wang-unit/regex-stress.test.js:[2m293:32[22m[39m

[31m[2m⎯⎯⎯⎯⎯⎯⎯⎯⎯⎯⎯⎯⎯⎯⎯⎯⎯⎯⎯⎯[223/292]⎯[22m[39m

[41m[1m FAIL [22m[49m tests/wang-unit/regex-stress.test.js[2m > [22mWang Regex Stress Tests and Performance[2m > [22mMemory and Performance Edge Cases[2m > [22mshould handle long-running regex operations
[31m[1mSyntaxError[22m: Parse error at line 28: Unexpected token (28:21)[39m
[36m [2m❯[22m parse src/index.js:[2m17:11[22m[39m
    [90m 15| [39m  } [35mcatch[39m (error) {
    [90m 16| [39m    [90m// Reformat error message for consistency[39m
    [90m 17| [39m    [35mthrow[39m [35mnew[39m [33mSyntaxError[39m(
    [90m   | [39m          [31m^[39m
    [90m 18| [39m      [32m`Parse error at line [39m[36m${[39merror[33m.[39mloc[33m?.[39mline [33m||[39m [32m'?'[39m[36m}[39m[32m: [39m[36m${[39merror[33m.[39mmessage[36m}[39m[32m`[39m
    [90m 19| [39m    )[33m;[39m
[90m [2m❯[22m execute src/index.js:[2m25:15[22m[39m
[90m [2m❯[22m TestContext.execute tests/test-utils.js:[2m21:35[22m[39m
[90m [2m❯[22m tests/wang-unit/regex-stress.test.js:[2m321:32[22m[39m

[31m[2m⎯⎯⎯⎯⎯⎯⎯⎯⎯⎯⎯⎯⎯⎯⎯⎯⎯⎯⎯⎯[224/292]⎯[22m[39m

[41m[1m FAIL [22m[49m tests/wang-unit/regex-stress.test.js[2m > [22mWang Regex Stress Tests and Performance[2m > [22mMemory and Performance Edge Cases[2m > [22mshould handle edge case pattern combinations
[31m[1mSyntaxError[22m: Parse error at line 36: Unexpected token (36:25)[39m
[36m [2m❯[22m parse src/index.js:[2m17:11[22m[39m
    [90m 15| [39m  } [35mcatch[39m (error) {
    [90m 16| [39m    [90m// Reformat error message for consistency[39m
    [90m 17| [39m    [35mthrow[39m [35mnew[39m [33mSyntaxError[39m(
    [90m   | [39m          [31m^[39m
    [90m 18| [39m      [32m`Parse error at line [39m[36m${[39merror[33m.[39mloc[33m?.[39mline [33m||[39m [32m'?'[39m[36m}[39m[32m: [39m[36m${[39merror[33m.[39mmessage[36m}[39m[32m`[39m
    [90m 19| [39m    )[33m;[39m
[90m [2m❯[22m execute src/index.js:[2m25:15[22m[39m
[90m [2m❯[22m TestContext.execute tests/test-utils.js:[2m21:35[22m[39m
[90m [2m❯[22m tests/wang-unit/regex-stress.test.js:[2m360:32[22m[39m

[31m[2m⎯⎯⎯⎯⎯⎯⎯⎯⎯⎯⎯⎯⎯⎯⎯⎯⎯⎯⎯⎯[225/292]⎯[22m[39m

[41m[1m FAIL [22m[49m tests/wang-unit/regex-stress.test.js[2m > [22mWang Regex Stress Tests and Performance[2m > [22mReal-world Scenario Stress Tests[2m > [22mshould process large log files efficiently
[31m[1mSyntaxError[22m: Parse error at line 23: Identifier 'services' has already been declared (23:12)[39m
[36m [2m❯[22m parse src/index.js:[2m17:11[22m[39m
    [90m 15| [39m  } [35mcatch[39m (error) {
    [90m 16| [39m    [90m// Reformat error message for consistency[39m
    [90m 17| [39m    [35mthrow[39m [35mnew[39m [33mSyntaxError[39m(
    [90m   | [39m          [31m^[39m
    [90m 18| [39m      [32m`Parse error at line [39m[36m${[39merror[33m.[39mloc[33m?.[39mline [33m||[39m [32m'?'[39m[36m}[39m[32m: [39m[36m${[39merror[33m.[39mmessage[36m}[39m[32m`[39m
    [90m 19| [39m    )[33m;[39m
[90m [2m❯[22m execute src/index.js:[2m25:15[22m[39m
[90m [2m❯[22m TestContext.execute tests/test-utils.js:[2m21:35[22m[39m
[90m [2m❯[22m tests/wang-unit/regex-stress.test.js:[2m408:32[22m[39m

[31m[2m⎯⎯⎯⎯⎯⎯⎯⎯⎯⎯⎯⎯⎯⎯⎯⎯⎯⎯⎯⎯[226/292]⎯[22m[39m

[41m[1m FAIL [22m[49m tests/wang-unit/regex-stress.test.js[2m > [22mWang Regex Stress Tests and Performance[2m > [22mReal-world Scenario Stress Tests[2m > [22mshould validate large datasets efficiently
[31m[1mSyntaxError[22m: Parse error at line 41: Unexpected token (41:24)[39m
[36m [2m❯[22m parse src/index.js:[2m17:11[22m[39m
    [90m 15| [39m  } [35mcatch[39m (error) {
    [90m 16| [39m    [90m// Reformat error message for consistency[39m
    [90m 17| [39m    [35mthrow[39m [35mnew[39m [33mSyntaxError[39m(
    [90m   | [39m          [31m^[39m
    [90m 18| [39m      [32m`Parse error at line [39m[36m${[39merror[33m.[39mloc[33m?.[39mline [33m||[39m [32m'?'[39m[36m}[39m[32m: [39m[36m${[39merror[33m.[39mmessage[36m}[39m[32m`[39m
    [90m 19| [39m    )[33m;[39m
[90m [2m❯[22m execute src/index.js:[2m25:15[22m[39m
[90m [2m❯[22m TestContext.execute tests/test-utils.js:[2m21:35[22m[39m
[90m [2m❯[22m tests/wang-unit/regex-stress.test.js:[2m450:32[22m[39m

[31m[2m⎯⎯⎯⎯⎯⎯⎯⎯⎯⎯⎯⎯⎯⎯⎯⎯⎯⎯⎯⎯[227/292]⎯[22m[39m

[41m[1m FAIL [22m[49m tests/wang-unit/reserved-properties.test.js[2m > [22mReserved Keywords as Properties[2m > [22mObject properties with reserved keywords[2m > [22mshould support optional chaining with reserved keywords
[31m[1mError[22m: Unknown node type: ChainExpression[39m
[36m [2m❯[22m Interpreter.evaluate src/interpreter/interpreter.js:[2m150:15[22m[39m
    [90m148| [39m
    [90m149| [39m      [35mdefault[39m[33m:[39m
    [90m150| [39m        [35mthrow[39m [35mnew[39m [33mError[39m([32m`Unknown node type: [39m[36m${[39mnode[33m.[39mtype[36m}[39m[32m`[39m)[33m;[39m
    [90m   | [39m              [31m^[39m
    [90m151| [39m    }
    [90m152| [39m  }
[90m [2m❯[22m Interpreter.evaluate src/interpreter/interpreter.js:[2m80:53[22m[39m
[90m [2m❯[22m Interpreter.evaluateBlockStatement src/interpreter/interpreter.js:[2m694:21[22m[39m
[90m [2m❯[22m Interpreter.evaluate src/interpreter/interpreter.js:[2m74:21[22m[39m
[90m [2m❯[22m Interpreter.callUserFunction src/interpreter/interpreter.js:[2m443:27[22m[39m
[90m [2m❯[22m wrappedFunc src/interpreter/interpreter.js:[2m532:26[22m[39m
[90m [2m❯[22m Interpreter.evaluateCallExpression src/interpreter/interpreter.js:[2m418:14[22m[39m
[90m [2m❯[22m Interpreter.evaluate src/interpreter/interpreter.js:[2m40:21[22m[39m
[90m [2m❯[22m Interpreter.evaluate src/interpreter/interpreter.js:[2m77:21[22m[39m
[90m [2m❯[22m Interpreter.evaluateProgram src/interpreter/interpreter.js:[2m188:21[22m[39m

[31m[2m⎯⎯⎯⎯⎯⎯⎯⎯⎯⎯⎯⎯⎯⎯⎯⎯⎯⎯⎯⎯[228/292]⎯[22m[39m

[41m[1m FAIL [22m[49m tests/wang-unit/return-value.test.js[2m > [22mWang Interpreter Return Values[2m > [22mshould return the result of the last function call
[31m[1mAssertionError[22m: expected undefined to be 25 // Object.is equality[39m

[32m- Expected:[39m 
25

[31m+ Received:[39m 
undefined

[36m [2m❯[22m tests/wang-unit/return-value.test.js:[2m57:20[22m[39m
    [90m 55| [39m      calculate(x, 3)
    [90m 56| [39m    `[39m)[33m;[39m
    [90m 57| [39m    [34mexpect[39m(result)[33m.[39m[34mtoBe[39m([34m25[39m)[33m;[39m
    [90m   | [39m                   [31m^[39m
    [90m 58| [39m  })[33m;[39m
    [90m 59| [39m

[31m[2m⎯⎯⎯⎯⎯⎯⎯⎯⎯⎯⎯⎯⎯⎯⎯⎯⎯⎯⎯⎯[229/292]⎯[22m[39m

[41m[1m FAIL [22m[49m tests/wang-unit/return-value.test.js[2m > [22mWang Interpreter Return Values[2m > [22mshould return array/object literals as last expression
[31m[1mReferenceError[22m: x is not defined[39m
[36m [2m❯[22m Environment.get src/runtime/environment.js:[2m24:11[22m[39m
    [90m 22| [39m      [35mreturn[39m [35mthis[39m[33m.[39mparent[33m.[39m[35mget[39m(name)[33m;[39m
    [90m 23| [39m    }
    [90m 24| [39m    [35mthrow[39m [35mnew[39m [33mReferenceError[39m([32m`[39m[36m${[39mname[36m}[39m[32m is not defined`[39m)[33m;[39m
    [90m   | [39m          [31m^[39m
    [90m 25| [39m  }
    [90m 26| [39m
[90m [2m❯[22m Interpreter.evaluate src/interpreter/interpreter.js:[2m19:20[22m[39m
[90m [2m❯[22m Interpreter.evaluateSequenceExpression src/interpreter/interpreter.js:[2m574:21[22m[39m
[90m [2m❯[22m Interpreter.evaluate src/interpreter/interpreter.js:[2m65:21[22m[39m
[90m [2m❯[22m Interpreter.evaluateMemberExpression src/interpreter/interpreter.js:[2m459:14[22m[39m
[90m [2m❯[22m Interpreter.evaluate src/interpreter/interpreter.js:[2m43:21[22m[39m
[90m [2m❯[22m Interpreter.evaluateVariableDeclaration src/interpreter/interpreter.js:[2m582:16[22m[39m
[90m [2m❯[22m Interpreter.evaluate src/interpreter/interpreter.js:[2m68:21[22m[39m
[90m [2m❯[22m Interpreter.evaluateProgram src/interpreter/interpreter.js:[2m188:21[22m[39m
[90m [2m❯[22m Interpreter.evaluate src/interpreter/interpreter.js:[2m13:21[22m[39m

[31m[2m⎯⎯⎯⎯⎯⎯⎯⎯⎯⎯⎯⎯⎯⎯⎯⎯⎯⎯⎯⎯[230/292]⎯[22m[39m

[41m[1m FAIL [22m[49m tests/wang-unit/return-value.test.js[2m > [22mWang Interpreter Return Values[2m > [22mshould handle explicit return-like pattern
[31m[1mAssertionError[22m: expected undefined to be 25 // Object.is equality[39m

[32m- Expected:[39m 
25

[31m+ Received:[39m 
undefined

[36m [2m❯[22m tests/wang-unit/return-value.test.js:[2m130:20[22m[39m
    [90m128| [39m      process(5)
    [90m129| [39m    `[39m)[33m;[39m
    [90m130| [39m    [34mexpect[39m(result)[33m.[39m[34mtoBe[39m([34m25[39m)[33m;[39m
    [90m   | [39m                   [31m^[39m
    [90m131| [39m  })[33m;[39m
    [90m132| [39m

[31m[2m⎯⎯⎯⎯⎯⎯⎯⎯⎯⎯⎯⎯⎯⎯⎯⎯⎯⎯⎯⎯[231/292]⎯[22m[39m

[41m[1m FAIL [22m[49m tests/wang-unit/return-value.test.js[2m > [22mWang Interpreter Return Values[2m > [22mshould work with function composition returning last value
[31m[1mTypeError[22m: interpreter.bindFunction is not a function[39m
[36m [2m❯[22m tests/wang-unit/return-value.test.js:[2m134:17[22m[39m
    [90m132| [39m
    [90m133| [39m  it('should work with function composition returning last value', asy…
    [90m134| [39m    interpreter[33m.[39m[34mbindFunction[39m([32m'double'[39m[33m,[39m (x) [33m=>[39m x [33m*[39m [34m2[39m)[33m;[39m
    [90m   | [39m                [31m^[39m
    [90m135| [39m    interpreter[33m.[39m[34mbindFunction[39m([32m'addTen'[39m[33m,[39m (x) [33m=>[39m x [33m+[39m [34m10[39m)[33m;[39m
    [90m136| [39m

[31m[2m⎯⎯⎯⎯⎯⎯⎯⎯⎯⎯⎯⎯⎯⎯⎯⎯⎯⎯⎯⎯[232/292]⎯[22m[39m

[41m[1m FAIL [22m[49m tests/wang-unit/return-value.test.js[2m > [22mWang Interpreter Return Values[2m > [22mshould handle complex nested expressions
[31m[1mSyntaxError[22m: Parse error at line 8: Unexpected token (8:11)[39m
[36m [2m❯[22m parse src/index.js:[2m17:11[22m[39m
    [90m 15| [39m  } [35mcatch[39m (error) {
    [90m 16| [39m    [90m// Reformat error message for consistency[39m
    [90m 17| [39m    [35mthrow[39m [35mnew[39m [33mSyntaxError[39m(
    [90m   | [39m          [31m^[39m
    [90m 18| [39m      [32m`Parse error at line [39m[36m${[39merror[33m.[39mloc[33m?.[39mline [33m||[39m [32m'?'[39m[36m}[39m[32m: [39m[36m${[39merror[33m.[39mmessage[36m}[39m[32m`[39m
    [90m 19| [39m    )[33m;[39m
[90m [2m❯[22m execute src/index.js:[2m25:15[22m[39m
[90m [2m❯[22m WangInterpreter.execute src/interpreter/index.js:[2m75:23[22m[39m
[90m [2m❯[22m tests/wang-unit/return-value.test.js:[2m145:38[22m[39m

[31m[2m⎯⎯⎯⎯⎯⎯⎯⎯⎯⎯⎯⎯⎯⎯⎯⎯⎯⎯⎯⎯[233/292]⎯[22m[39m

[41m[1m FAIL [22m[49m tests/wang-unit/return-value.test.js[2m > [22mWang Interpreter Return Values[2m > [22mshould return class instances when created as last expression
[31m[1mAssertionError[22m: expected undefined to be 15 // Object.is equality[39m

[32m- Expected:[39m 
15

[31m+ Received:[39m 
undefined

[36m [2m❯[22m tests/wang-unit/return-value.test.js:[2m196:20[22m[39m
    [90m194| [39m      calc.add(5).getValue()
    [90m195| [39m    `[39m)[33m;[39m
    [90m196| [39m    [34mexpect[39m(result)[33m.[39m[34mtoBe[39m([34m15[39m)[33m;[39m
    [90m   | [39m                   [31m^[39m
    [90m197| [39m  })[33m;[39m
    [90m198| [39m})[33m;[39m

[31m[2m⎯⎯⎯⎯⎯⎯⎯⎯⎯⎯⎯⎯⎯⎯⎯⎯⎯⎯⎯⎯[234/292]⎯[22m[39m

[41m[1m FAIL [22m[49m tests/wang-unit/set-variable.test.js[2m > [22msetVariable() method[2m > [22mshould set primitive variables
[31m[1mReferenceError[22m: log is not defined[39m
[36m [2m❯[22m Environment.get src/runtime/environment.js:[2m24:11[22m[39m
    [90m 22| [39m      [35mreturn[39m [35mthis[39m[33m.[39mparent[33m.[39m[35mget[39m(name)[33m;[39m
    [90m 23| [39m    }
    [90m 24| [39m    [35mthrow[39m [35mnew[39m [33mReferenceError[39m([32m`[39m[36m${[39mname[36m}[39m[32m is not defined`[39m)[33m;[39m
    [90m   | [39m          [31m^[39m
    [90m 25| [39m  }
    [90m 26| [39m
[90m [2m❯[22m Interpreter.evaluate src/interpreter/interpreter.js:[2m19:20[22m[39m
[90m [2m❯[22m Interpreter.evaluateCallExpression src/interpreter/interpreter.js:[2m408:21[22m[39m
[90m [2m❯[22m Interpreter.evaluate src/interpreter/interpreter.js:[2m40:21[22m[39m
[90m [2m❯[22m Interpreter.evaluate src/interpreter/interpreter.js:[2m77:21[22m[39m
[90m [2m❯[22m Interpreter.evaluateProgram src/interpreter/interpreter.js:[2m188:21[22m[39m
[90m [2m❯[22m Interpreter.evaluate src/interpreter/interpreter.js:[2m13:21[22m[39m
[90m [2m❯[22m execute src/index.js:[2m34:30[22m[39m
[90m [2m❯[22m WangInterpreter.execute src/interpreter/index.js:[2m75:23[22m[39m
[90m [2m❯[22m tests/wang-unit/set-variable.test.js:[2m14:38[22m[39m

[31m[2m⎯⎯⎯⎯⎯⎯⎯⎯⎯⎯⎯⎯⎯⎯⎯⎯⎯⎯⎯⎯[235/292]⎯[22m[39m

[41m[1m FAIL [22m[49m tests/wang-unit/stdlib.test.js[2m > [22mWang Standard Library[2m > [22mArray Operations[2m > [22mshould sort_by property
[31m[1mReferenceError[22m: sort_by is not defined[39m
[36m [2m❯[22m Environment.get src/runtime/environment.js:[2m24:11[22m[39m
    [90m 22| [39m      [35mreturn[39m [35mthis[39m[33m.[39mparent[33m.[39m[35mget[39m(name)[33m;[39m
    [90m 23| [39m    }
    [90m 24| [39m    [35mthrow[39m [35mnew[39m [33mReferenceError[39m([32m`[39m[36m${[39mname[36m}[39m[32m is not defined`[39m)[33m;[39m
    [90m   | [39m          [31m^[39m
    [90m 25| [39m  }
    [90m 26| [39m
[90m [2m❯[22m Interpreter.evaluate src/interpreter/interpreter.js:[2m19:20[22m[39m
[90m [2m❯[22m Interpreter.evaluateCallExpression src/interpreter/interpreter.js:[2m408:21[22m[39m
[90m [2m❯[22m Interpreter.evaluate src/interpreter/interpreter.js:[2m40:21[22m[39m
[90m [2m❯[22m Interpreter.evaluate src/interpreter/interpreter.js:[2m77:21[22m[39m
[90m [2m❯[22m Interpreter.evaluateProgram src/interpreter/interpreter.js:[2m188:21[22m[39m
[90m [2m❯[22m Interpreter.evaluate src/interpreter/interpreter.js:[2m13:21[22m[39m
[90m [2m❯[22m execute src/index.js:[2m34:30[22m[39m
[90m [2m❯[22m TestContext.execute tests/test-utils.js:[2m21:35[22m[39m
[90m [2m❯[22m tests/wang-unit/stdlib.test.js:[2m9:32[22m[39m

[31m[2m⎯⎯⎯⎯⎯⎯⎯⎯⎯⎯⎯⎯⎯⎯⎯⎯⎯⎯⎯⎯[236/292]⎯[22m[39m

[41m[1m FAIL [22m[49m tests/wang-unit/stdlib.test.js[2m > [22mWang Standard Library[2m > [22mArray Operations[2m > [22mshould sort_by function
[31m[1mReferenceError[22m: sort_by is not defined[39m
[36m [2m❯[22m Environment.get src/runtime/environment.js:[2m24:11[22m[39m
    [90m 22| [39m      [35mreturn[39m [35mthis[39m[33m.[39mparent[33m.[39m[35mget[39m(name)[33m;[39m
    [90m 23| [39m    }
    [90m 24| [39m    [35mthrow[39m [35mnew[39m [33mReferenceError[39m([32m`[39m[36m${[39mname[36m}[39m[32m is not defined`[39m)[33m;[39m
    [90m   | [39m          [31m^[39m
    [90m 25| [39m  }
    [90m 26| [39m
[90m [2m❯[22m Interpreter.evaluate src/interpreter/interpreter.js:[2m19:20[22m[39m
[90m [2m❯[22m Interpreter.evaluateCallExpression src/interpreter/interpreter.js:[2m408:21[22m[39m
[90m [2m❯[22m Interpreter.evaluate src/interpreter/interpreter.js:[2m40:21[22m[39m
[90m [2m❯[22m Interpreter.evaluate src/interpreter/interpreter.js:[2m77:21[22m[39m
[90m [2m❯[22m Interpreter.evaluateProgram src/interpreter/interpreter.js:[2m188:21[22m[39m
[90m [2m❯[22m Interpreter.evaluate src/interpreter/interpreter.js:[2m13:21[22m[39m
[90m [2m❯[22m execute src/index.js:[2m34:30[22m[39m
[90m [2m❯[22m TestContext.execute tests/test-utils.js:[2m21:35[22m[39m
[90m [2m❯[22m tests/wang-unit/stdlib.test.js:[2m22:32[22m[39m

[31m[2m⎯⎯⎯⎯⎯⎯⎯⎯⎯⎯⎯⎯⎯⎯⎯⎯⎯⎯⎯⎯[237/292]⎯[22m[39m

[41m[1m FAIL [22m[49m tests/wang-unit/stdlib.test.js[2m > [22mWang Standard Library[2m > [22mArray Operations[2m > [22mshould reverse array
[31m[1mReferenceError[22m: reverse is not defined[39m
[36m [2m❯[22m Environment.get src/runtime/environment.js:[2m24:11[22m[39m
    [90m 22| [39m      [35mreturn[39m [35mthis[39m[33m.[39mparent[33m.[39m[35mget[39m(name)[33m;[39m
    [90m 23| [39m    }
    [90m 24| [39m    [35mthrow[39m [35mnew[39m [33mReferenceError[39m([32m`[39m[36m${[39mname[36m}[39m[32m is not defined`[39m)[33m;[39m
    [90m   | [39m          [31m^[39m
    [90m 25| [39m  }
    [90m 26| [39m
[90m [2m❯[22m Interpreter.evaluate src/interpreter/interpreter.js:[2m19:20[22m[39m
[90m [2m❯[22m Interpreter.evaluateCallExpression src/interpreter/interpreter.js:[2m408:21[22m[39m
[90m [2m❯[22m Interpreter.evaluate src/interpreter/interpreter.js:[2m40:21[22m[39m
[90m [2m❯[22m Interpreter.evaluate src/interpreter/interpreter.js:[2m77:21[22m[39m
[90m [2m❯[22m Interpreter.evaluateProgram src/interpreter/interpreter.js:[2m188:21[22m[39m
[90m [2m❯[22m Interpreter.evaluate src/interpreter/interpreter.js:[2m13:21[22m[39m
[90m [2m❯[22m execute src/index.js:[2m34:30[22m[39m
[90m [2m❯[22m TestContext.execute tests/test-utils.js:[2m21:35[22m[39m
[90m [2m❯[22m tests/wang-unit/stdlib.test.js:[2m35:32[22m[39m

[31m[2m⎯⎯⎯⎯⎯⎯⎯⎯⎯⎯⎯⎯⎯⎯⎯⎯⎯⎯⎯⎯[238/292]⎯[22m[39m

[41m[1m FAIL [22m[49m tests/wang-unit/stdlib.test.js[2m > [22mWang Standard Library[2m > [22mArray Operations[2m > [22mshould get unique values
[31m[1mReferenceError[22m: unique is not defined[39m
[36m [2m❯[22m Environment.get src/runtime/environment.js:[2m24:11[22m[39m
    [90m 22| [39m      [35mreturn[39m [35mthis[39m[33m.[39mparent[33m.[39m[35mget[39m(name)[33m;[39m
    [90m 23| [39m    }
    [90m 24| [39m    [35mthrow[39m [35mnew[39m [33mReferenceError[39m([32m`[39m[36m${[39mname[36m}[39m[32m is not defined`[39m)[33m;[39m
    [90m   | [39m          [31m^[39m
    [90m 25| [39m  }
    [90m 26| [39m
[90m [2m❯[22m Interpreter.evaluate src/interpreter/interpreter.js:[2m19:20[22m[39m
[90m [2m❯[22m Interpreter.evaluateCallExpression src/interpreter/interpreter.js:[2m408:21[22m[39m
[90m [2m❯[22m Interpreter.evaluate src/interpreter/interpreter.js:[2m40:21[22m[39m
[90m [2m❯[22m Interpreter.evaluate src/interpreter/interpreter.js:[2m77:21[22m[39m
[90m [2m❯[22m Interpreter.evaluateProgram src/interpreter/interpreter.js:[2m188:21[22m[39m
[90m [2m❯[22m Interpreter.evaluate src/interpreter/interpreter.js:[2m13:21[22m[39m
[90m [2m❯[22m execute src/index.js:[2m34:30[22m[39m
[90m [2m❯[22m TestContext.execute tests/test-utils.js:[2m21:35[22m[39m
[90m [2m❯[22m tests/wang-unit/stdlib.test.js:[2m42:32[22m[39m

[31m[2m⎯⎯⎯⎯⎯⎯⎯⎯⎯⎯⎯⎯⎯⎯⎯⎯⎯⎯⎯⎯[239/292]⎯[22m[39m

[41m[1m FAIL [22m[49m tests/wang-unit/stdlib.test.js[2m > [22mWang Standard Library[2m > [22mArray Operations[2m > [22mshould get unique_by property
[31m[1mReferenceError[22m: unique_by is not defined[39m
[36m [2m❯[22m Environment.get src/runtime/environment.js:[2m24:11[22m[39m
    [90m 22| [39m      [35mreturn[39m [35mthis[39m[33m.[39mparent[33m.[39m[35mget[39m(name)[33m;[39m
    [90m 23| [39m    }
    [90m 24| [39m    [35mthrow[39m [35mnew[39m [33mReferenceError[39m([32m`[39m[36m${[39mname[36m}[39m[32m is not defined`[39m)[33m;[39m
    [90m   | [39m          [31m^[39m
    [90m 25| [39m  }
    [90m 26| [39m
[90m [2m❯[22m Interpreter.evaluate src/interpreter/interpreter.js:[2m19:20[22m[39m
[90m [2m❯[22m Interpreter.evaluateCallExpression src/interpreter/interpreter.js:[2m408:21[22m[39m
[90m [2m❯[22m Interpreter.evaluate src/interpreter/interpreter.js:[2m40:21[22m[39m
[90m [2m❯[22m Interpreter.evaluate src/interpreter/interpreter.js:[2m77:21[22m[39m
[90m [2m❯[22m Interpreter.evaluateProgram src/interpreter/interpreter.js:[2m188:21[22m[39m
[90m [2m❯[22m Interpreter.evaluate src/interpreter/interpreter.js:[2m13:21[22m[39m
[90m [2m❯[22m execute src/index.js:[2m34:30[22m[39m
[90m [2m❯[22m TestContext.execute tests/test-utils.js:[2m21:35[22m[39m
[90m [2m❯[22m tests/wang-unit/stdlib.test.js:[2m49:32[22m[39m

[31m[2m⎯⎯⎯⎯⎯⎯⎯⎯⎯⎯⎯⎯⎯⎯⎯⎯⎯⎯⎯⎯[240/292]⎯[22m[39m

[41m[1m FAIL [22m[49m tests/wang-unit/stdlib.test.js[2m > [22mWang Standard Library[2m > [22mArray Operations[2m > [22mshould group_by property
[31m[1mReferenceError[22m: group_by is not defined[39m
[36m [2m❯[22m Environment.get src/runtime/environment.js:[2m24:11[22m[39m
    [90m 22| [39m      [35mreturn[39m [35mthis[39m[33m.[39mparent[33m.[39m[35mget[39m(name)[33m;[39m
    [90m 23| [39m    }
    [90m 24| [39m    [35mthrow[39m [35mnew[39m [33mReferenceError[39m([32m`[39m[36m${[39mname[36m}[39m[32m is not defined`[39m)[33m;[39m
    [90m   | [39m          [31m^[39m
    [90m 25| [39m  }
    [90m 26| [39m
[90m [2m❯[22m Interpreter.evaluate src/interpreter/interpreter.js:[2m19:20[22m[39m
[90m [2m❯[22m Interpreter.evaluateCallExpression src/interpreter/interpreter.js:[2m408:21[22m[39m
[90m [2m❯[22m Interpreter.evaluate src/interpreter/interpreter.js:[2m40:21[22m[39m
[90m [2m❯[22m Interpreter.evaluate src/interpreter/interpreter.js:[2m77:21[22m[39m
[90m [2m❯[22m Interpreter.evaluateProgram src/interpreter/interpreter.js:[2m188:21[22m[39m
[90m [2m❯[22m Interpreter.evaluate src/interpreter/interpreter.js:[2m13:21[22m[39m
[90m [2m❯[22m execute src/index.js:[2m34:30[22m[39m
[90m [2m❯[22m TestContext.execute tests/test-utils.js:[2m21:35[22m[39m
[90m [2m❯[22m tests/wang-unit/stdlib.test.js:[2m64:32[22m[39m

[31m[2m⎯⎯⎯⎯⎯⎯⎯⎯⎯⎯⎯⎯⎯⎯⎯⎯⎯⎯⎯⎯[241/292]⎯[22m[39m

[41m[1m FAIL [22m[49m tests/wang-unit/stdlib.test.js[2m > [22mWang Standard Library[2m > [22mArray Operations[2m > [22mshould chunk array
[31m[1mReferenceError[22m: chunk is not defined[39m
[36m [2m❯[22m Environment.get src/runtime/environment.js:[2m24:11[22m[39m
    [90m 22| [39m      [35mreturn[39m [35mthis[39m[33m.[39mparent[33m.[39m[35mget[39m(name)[33m;[39m
    [90m 23| [39m    }
    [90m 24| [39m    [35mthrow[39m [35mnew[39m [33mReferenceError[39m([32m`[39m[36m${[39mname[36m}[39m[32m is not defined`[39m)[33m;[39m
    [90m   | [39m          [31m^[39m
    [90m 25| [39m  }
    [90m 26| [39m
[90m [2m❯[22m Interpreter.evaluate src/interpreter/interpreter.js:[2m19:20[22m[39m
[90m [2m❯[22m Interpreter.evaluateCallExpression src/interpreter/interpreter.js:[2m408:21[22m[39m
[90m [2m❯[22m Interpreter.evaluate src/interpreter/interpreter.js:[2m40:21[22m[39m
[90m [2m❯[22m Interpreter.evaluate src/interpreter/interpreter.js:[2m77:21[22m[39m
[90m [2m❯[22m Interpreter.evaluateProgram src/interpreter/interpreter.js:[2m188:21[22m[39m
[90m [2m❯[22m Interpreter.evaluate src/interpreter/interpreter.js:[2m13:21[22m[39m
[90m [2m❯[22m execute src/index.js:[2m34:30[22m[39m
[90m [2m❯[22m TestContext.execute tests/test-utils.js:[2m21:35[22m[39m
[90m [2m❯[22m tests/wang-unit/stdlib.test.js:[2m78:32[22m[39m

[31m[2m⎯⎯⎯⎯⎯⎯⎯⎯⎯⎯⎯⎯⎯⎯⎯⎯⎯⎯⎯⎯[242/292]⎯[22m[39m

[41m[1m FAIL [22m[49m tests/wang-unit/stdlib.test.js[2m > [22mWang Standard Library[2m > [22mArray Operations[2m > [22mshould flatten array
[31m[1mReferenceError[22m: flatten is not defined[39m
[36m [2m❯[22m Environment.get src/runtime/environment.js:[2m24:11[22m[39m
    [90m 22| [39m      [35mreturn[39m [35mthis[39m[33m.[39mparent[33m.[39m[35mget[39m(name)[33m;[39m
    [90m 23| [39m    }
    [90m 24| [39m    [35mthrow[39m [35mnew[39m [33mReferenceError[39m([32m`[39m[36m${[39mname[36m}[39m[32m is not defined`[39m)[33m;[39m
    [90m   | [39m          [31m^[39m
    [90m 25| [39m  }
    [90m 26| [39m
[90m [2m❯[22m Interpreter.evaluate src/interpreter/interpreter.js:[2m19:20[22m[39m
[90m [2m❯[22m Interpreter.evaluateCallExpression src/interpreter/interpreter.js:[2m408:21[22m[39m
[90m [2m❯[22m Interpreter.evaluate src/interpreter/interpreter.js:[2m40:21[22m[39m
[90m [2m❯[22m Interpreter.evaluate src/interpreter/interpreter.js:[2m77:21[22m[39m
[90m [2m❯[22m Interpreter.evaluateProgram src/interpreter/interpreter.js:[2m188:21[22m[39m
[90m [2m❯[22m Interpreter.evaluate src/interpreter/interpreter.js:[2m13:21[22m[39m
[90m [2m❯[22m execute src/index.js:[2m34:30[22m[39m
[90m [2m❯[22m TestContext.execute tests/test-utils.js:[2m21:35[22m[39m
[90m [2m❯[22m tests/wang-unit/stdlib.test.js:[2m85:32[22m[39m

[31m[2m⎯⎯⎯⎯⎯⎯⎯⎯⎯⎯⎯⎯⎯⎯⎯⎯⎯⎯⎯⎯[243/292]⎯[22m[39m

[41m[1m FAIL [22m[49m tests/wang-unit/stdlib.test.js[2m > [22mWang Standard Library[2m > [22mArray Operations[2m > [22mshould flatten with depth
[31m[1mReferenceError[22m: flatten is not defined[39m
[36m [2m❯[22m Environment.get src/runtime/environment.js:[2m24:11[22m[39m
    [90m 22| [39m      [35mreturn[39m [35mthis[39m[33m.[39mparent[33m.[39m[35mget[39m(name)[33m;[39m
    [90m 23| [39m    }
    [90m 24| [39m    [35mthrow[39m [35mnew[39m [33mReferenceError[39m([32m`[39m[36m${[39mname[36m}[39m[32m is not defined`[39m)[33m;[39m
    [90m   | [39m          [31m^[39m
    [90m 25| [39m  }
    [90m 26| [39m
[90m [2m❯[22m Interpreter.evaluate src/interpreter/interpreter.js:[2m19:20[22m[39m
[90m [2m❯[22m Interpreter.evaluateCallExpression src/interpreter/interpreter.js:[2m408:21[22m[39m
[90m [2m❯[22m Interpreter.evaluate src/interpreter/interpreter.js:[2m40:21[22m[39m
[90m [2m❯[22m Interpreter.evaluate src/interpreter/interpreter.js:[2m77:21[22m[39m
[90m [2m❯[22m Interpreter.evaluateProgram src/interpreter/interpreter.js:[2m188:21[22m[39m
[90m [2m❯[22m Interpreter.evaluate src/interpreter/interpreter.js:[2m13:21[22m[39m
[90m [2m❯[22m execute src/index.js:[2m34:30[22m[39m
[90m [2m❯[22m TestContext.execute tests/test-utils.js:[2m21:35[22m[39m
[90m [2m❯[22m tests/wang-unit/stdlib.test.js:[2m92:32[22m[39m

[31m[2m⎯⎯⎯⎯⎯⎯⎯⎯⎯⎯⎯⎯⎯⎯⎯⎯⎯⎯⎯⎯[244/292]⎯[22m[39m

[41m[1m FAIL [22m[49m tests/wang-unit/stdlib.test.js[2m > [22mWang Standard Library[2m > [22mArray Operations[2m > [22mshould get first/last elements
[31m[1mSyntaxError[22m: Parse error at line 5: Unexpected token (5:16)[39m
[36m [2m❯[22m parse src/index.js:[2m17:11[22m[39m
    [90m 15| [39m  } [35mcatch[39m (error) {
    [90m 16| [39m    [90m// Reformat error message for consistency[39m
    [90m 17| [39m    [35mthrow[39m [35mnew[39m [33mSyntaxError[39m(
    [90m   | [39m          [31m^[39m
    [90m 18| [39m      [32m`Parse error at line [39m[36m${[39merror[33m.[39mloc[33m?.[39mline [33m||[39m [32m'?'[39m[36m}[39m[32m: [39m[36m${[39merror[33m.[39mmessage[36m}[39m[32m`[39m
    [90m 19| [39m    )[33m;[39m
[90m [2m❯[22m execute src/index.js:[2m25:15[22m[39m
[90m [2m❯[22m TestContext.execute tests/test-utils.js:[2m21:35[22m[39m
[90m [2m❯[22m tests/wang-unit/stdlib.test.js:[2m99:32[22m[39m

[31m[2m⎯⎯⎯⎯⎯⎯⎯⎯⎯⎯⎯⎯⎯⎯⎯⎯⎯⎯⎯⎯[245/292]⎯[22m[39m

[41m[1m FAIL [22m[49m tests/wang-unit/stdlib.test.js[2m > [22mWang Standard Library[2m > [22mArray Operations[2m > [22mshould take and drop
[31m[1mSyntaxError[22m: Parse error at line 5: Unexpected token (5:15)[39m
[36m [2m❯[22m parse src/index.js:[2m17:11[22m[39m
    [90m 15| [39m  } [35mcatch[39m (error) {
    [90m 16| [39m    [90m// Reformat error message for consistency[39m
    [90m 17| [39m    [35mthrow[39m [35mnew[39m [33mSyntaxError[39m(
    [90m   | [39m          [31m^[39m
    [90m 18| [39m      [32m`Parse error at line [39m[36m${[39merror[33m.[39mloc[33m?.[39mline [33m||[39m [32m'?'[39m[36m}[39m[32m: [39m[36m${[39merror[33m.[39mmessage[36m}[39m[32m`[39m
    [90m 19| [39m    )[33m;[39m
[90m [2m❯[22m execute src/index.js:[2m25:15[22m[39m
[90m [2m❯[22m TestContext.execute tests/test-utils.js:[2m21:35[22m[39m
[90m [2m❯[22m tests/wang-unit/stdlib.test.js:[2m115:32[22m[39m

[31m[2m⎯⎯⎯⎯⎯⎯⎯⎯⎯⎯⎯⎯⎯⎯⎯⎯⎯⎯⎯⎯[246/292]⎯[22m[39m

[41m[1m FAIL [22m[49m tests/wang-unit/stdlib.test.js[2m > [22mWang Standard Library[2m > [22mArray Operations[2m > [22mshould zip arrays
[31m[1mReferenceError[22m: zip is not defined[39m
[36m [2m❯[22m Environment.get src/runtime/environment.js:[2m24:11[22m[39m
    [90m 22| [39m      [35mreturn[39m [35mthis[39m[33m.[39mparent[33m.[39m[35mget[39m(name)[33m;[39m
    [90m 23| [39m    }
    [90m 24| [39m    [35mthrow[39m [35mnew[39m [33mReferenceError[39m([32m`[39m[36m${[39mname[36m}[39m[32m is not defined`[39m)[33m;[39m
    [90m   | [39m          [31m^[39m
    [90m 25| [39m  }
    [90m 26| [39m
[90m [2m❯[22m Interpreter.evaluate src/interpreter/interpreter.js:[2m19:20[22m[39m
[90m [2m❯[22m Interpreter.evaluateCallExpression src/interpreter/interpreter.js:[2m408:21[22m[39m
[90m [2m❯[22m Interpreter.evaluate src/interpreter/interpreter.js:[2m40:21[22m[39m
[90m [2m❯[22m Interpreter.evaluate src/interpreter/interpreter.js:[2m77:21[22m[39m
[90m [2m❯[22m Interpreter.evaluateProgram src/interpreter/interpreter.js:[2m188:21[22m[39m
[90m [2m❯[22m Interpreter.evaluate src/interpreter/interpreter.js:[2m13:21[22m[39m
[90m [2m❯[22m execute src/index.js:[2m34:30[22m[39m
[90m [2m❯[22m TestContext.execute tests/test-utils.js:[2m21:35[22m[39m
[90m [2m❯[22m tests/wang-unit/stdlib.test.js:[2m127:32[22m[39m

[31m[2m⎯⎯⎯⎯⎯⎯⎯⎯⎯⎯⎯⎯⎯⎯⎯⎯⎯⎯⎯⎯[247/292]⎯[22m[39m

[41m[1m FAIL [22m[49m tests/wang-unit/stdlib.test.js[2m > [22mWang Standard Library[2m > [22mArray Operations[2m > [22mshould partition array
[31m[1mReferenceError[22m: partition is not defined[39m
[36m [2m❯[22m Environment.get src/runtime/environment.js:[2m24:11[22m[39m
    [90m 22| [39m      [35mreturn[39m [35mthis[39m[33m.[39mparent[33m.[39m[35mget[39m(name)[33m;[39m
    [90m 23| [39m    }
    [90m 24| [39m    [35mthrow[39m [35mnew[39m [33mReferenceError[39m([32m`[39m[36m${[39mname[36m}[39m[32m is not defined`[39m)[33m;[39m
    [90m   | [39m          [31m^[39m
    [90m 25| [39m  }
    [90m 26| [39m
[90m [2m❯[22m Interpreter.evaluate src/interpreter/interpreter.js:[2m19:20[22m[39m
[90m [2m❯[22m Interpreter.evaluateCallExpression src/interpreter/interpreter.js:[2m408:21[22m[39m
[90m [2m❯[22m Interpreter.evaluate src/interpreter/interpreter.js:[2m40:21[22m[39m
[90m [2m❯[22m Interpreter.evaluate src/interpreter/interpreter.js:[2m77:21[22m[39m
[90m [2m❯[22m Interpreter.evaluateProgram src/interpreter/interpreter.js:[2m188:21[22m[39m
[90m [2m❯[22m Interpreter.evaluate src/interpreter/interpreter.js:[2m13:21[22m[39m
[90m [2m❯[22m execute src/index.js:[2m34:30[22m[39m
[90m [2m❯[22m TestContext.execute tests/test-utils.js:[2m21:35[22m[39m
[90m [2m❯[22m tests/wang-unit/stdlib.test.js:[2m138:32[22m[39m

[31m[2m⎯⎯⎯⎯⎯⎯⎯⎯⎯⎯⎯⎯⎯⎯⎯⎯⎯⎯⎯⎯[248/292]⎯[22m[39m

[41m[1m FAIL [22m[49m tests/wang-unit/stdlib.test.js[2m > [22mWang Standard Library[2m > [22mObject Operations[2m > [22mshould get keys, values, entries
[31m[1mSyntaxError[22m: Parse error at line 5: Unexpected token (5:16)[39m
[36m [2m❯[22m parse src/index.js:[2m17:11[22m[39m
    [90m 15| [39m  } [35mcatch[39m (error) {
    [90m 16| [39m    [90m// Reformat error message for consistency[39m
    [90m 17| [39m    [35mthrow[39m [35mnew[39m [33mSyntaxError[39m(
    [90m   | [39m          [31m^[39m
    [90m 18| [39m      [32m`Parse error at line [39m[36m${[39merror[33m.[39mloc[33m?.[39mline [33m||[39m [32m'?'[39m[36m}[39m[32m: [39m[36m${[39merror[33m.[39mmessage[36m}[39m[32m`[39m
    [90m 19| [39m    )[33m;[39m
[90m [2m❯[22m execute src/index.js:[2m25:15[22m[39m
[90m [2m❯[22m TestContext.execute tests/test-utils.js:[2m21:35[22m[39m
[90m [2m❯[22m tests/wang-unit/stdlib.test.js:[2m148:32[22m[39m

[31m[2m⎯⎯⎯⎯⎯⎯⎯⎯⎯⎯⎯⎯⎯⎯⎯⎯⎯⎯⎯⎯[249/292]⎯[22m[39m

[41m[1m FAIL [22m[49m tests/wang-unit/stdlib.test.js[2m > [22mWang Standard Library[2m > [22mObject Operations[2m > [22mshould pick and omit keys
[31m[1mSyntaxError[22m: Parse error at line 5: Unexpected token (5:17)[39m
[36m [2m❯[22m parse src/index.js:[2m17:11[22m[39m
    [90m 15| [39m  } [35mcatch[39m (error) {
    [90m 16| [39m    [90m// Reformat error message for consistency[39m
    [90m 17| [39m    [35mthrow[39m [35mnew[39m [33mSyntaxError[39m(
    [90m   | [39m          [31m^[39m
    [90m 18| [39m      [32m`Parse error at line [39m[36m${[39merror[33m.[39mloc[33m?.[39mline [33m||[39m [32m'?'[39m[36m}[39m[32m: [39m[36m${[39merror[33m.[39mmessage[36m}[39m[32m`[39m
    [90m 19| [39m    )[33m;[39m
[90m [2m❯[22m execute src/index.js:[2m25:15[22m[39m
[90m [2m❯[22m TestContext.execute tests/test-utils.js:[2m21:35[22m[39m
[90m [2m❯[22m tests/wang-unit/stdlib.test.js:[2m166:32[22m[39m

[31m[2m⎯⎯⎯⎯⎯⎯⎯⎯⎯⎯⎯⎯⎯⎯⎯⎯⎯⎯⎯⎯[250/292]⎯[22m[39m

[41m[1m FAIL [22m[49m tests/wang-unit/stdlib.test.js[2m > [22mWang Standard Library[2m > [22mObject Operations[2m > [22mshould merge objects
[31m[1mReferenceError[22m: merge is not defined[39m
[36m [2m❯[22m Environment.get src/runtime/environment.js:[2m24:11[22m[39m
    [90m 22| [39m      [35mreturn[39m [35mthis[39m[33m.[39mparent[33m.[39m[35mget[39m(name)[33m;[39m
    [90m 23| [39m    }
    [90m 24| [39m    [35mthrow[39m [35mnew[39m [33mReferenceError[39m([32m`[39m[36m${[39mname[36m}[39m[32m is not defined`[39m)[33m;[39m
    [90m   | [39m          [31m^[39m
    [90m 25| [39m  }
    [90m 26| [39m
[90m [2m❯[22m Interpreter.evaluate src/interpreter/interpreter.js:[2m19:20[22m[39m
[90m [2m❯[22m Interpreter.evaluateCallExpression src/interpreter/interpreter.js:[2m408:21[22m[39m
[90m [2m❯[22m Interpreter.evaluate src/interpreter/interpreter.js:[2m40:21[22m[39m
[90m [2m❯[22m Interpreter.evaluate src/interpreter/interpreter.js:[2m77:21[22m[39m
[90m [2m❯[22m Interpreter.evaluateProgram src/interpreter/interpreter.js:[2m188:21[22m[39m
[90m [2m❯[22m Interpreter.evaluate src/interpreter/interpreter.js:[2m13:21[22m[39m
[90m [2m❯[22m execute src/index.js:[2m34:30[22m[39m
[90m [2m❯[22m TestContext.execute tests/test-utils.js:[2m21:35[22m[39m
[90m [2m❯[22m tests/wang-unit/stdlib.test.js:[2m178:32[22m[39m

[31m[2m⎯⎯⎯⎯⎯⎯⎯⎯⎯⎯⎯⎯⎯⎯⎯⎯⎯⎯⎯⎯[251/292]⎯[22m[39m

[41m[1m FAIL [22m[49m tests/wang-unit/stdlib.test.js[2m > [22mWang Standard Library[2m > [22mObject Operations[2m > [22mshould get and set deep paths
[31m[1mSyntaxError[22m: Parse error at line 9: Unexpected token (9:17)[39m
[36m [2m❯[22m parse src/index.js:[2m17:11[22m[39m
    [90m 15| [39m  } [35mcatch[39m (error) {
    [90m 16| [39m    [90m// Reformat error message for consistency[39m
    [90m 17| [39m    [35mthrow[39m [35mnew[39m [33mSyntaxError[39m(
    [90m   | [39m          [31m^[39m
    [90m 18| [39m      [32m`Parse error at line [39m[36m${[39merror[33m.[39mloc[33m?.[39mline [33m||[39m [32m'?'[39m[36m}[39m[32m: [39m[36m${[39merror[33m.[39mmessage[36m}[39m[32m`[39m
    [90m 19| [39m    )[33m;[39m
[90m [2m❯[22m execute src/index.js:[2m25:15[22m[39m
[90m [2m❯[22m TestContext.execute tests/test-utils.js:[2m21:35[22m[39m
[90m [2m❯[22m tests/wang-unit/stdlib.test.js:[2m185:32[22m[39m

[31m[2m⎯⎯⎯⎯⎯⎯⎯⎯⎯⎯⎯⎯⎯⎯⎯⎯⎯⎯⎯⎯[252/292]⎯[22m[39m

[41m[1m FAIL [22m[49m tests/wang-unit/stdlib.test.js[2m > [22mWang Standard Library[2m > [22mObject Operations[2m > [22mshould deep clone objects
[31m[1mSyntaxError[22m: Parse error at line 8: Unexpected token (8:16)[39m
[36m [2m❯[22m parse src/index.js:[2m17:11[22m[39m
    [90m 15| [39m  } [35mcatch[39m (error) {
    [90m 16| [39m    [90m// Reformat error message for consistency[39m
    [90m 17| [39m    [35mthrow[39m [35mnew[39m [33mSyntaxError[39m(
    [90m   | [39m          [31m^[39m
    [90m 18| [39m      [32m`Parse error at line [39m[36m${[39merror[33m.[39mloc[33m?.[39mline [33m||[39m [32m'?'[39m[36m}[39m[32m: [39m[36m${[39merror[33m.[39mmessage[36m}[39m[32m`[39m
    [90m 19| [39m    )[33m;[39m
[90m [2m❯[22m execute src/index.js:[2m25:15[22m[39m
[90m [2m❯[22m TestContext.execute tests/test-utils.js:[2m21:35[22m[39m
[90m [2m❯[22m tests/wang-unit/stdlib.test.js:[2m202:32[22m[39m

[31m[2m⎯⎯⎯⎯⎯⎯⎯⎯⎯⎯⎯⎯⎯⎯⎯⎯⎯⎯⎯⎯[253/292]⎯[22m[39m

[41m[1m FAIL [22m[49m tests/wang-unit/stdlib.test.js[2m > [22mWang Standard Library[2m > [22mString Operations[2m > [22mshould split and join
[31m[1mReferenceError[22m: split is not defined[39m
[36m [2m❯[22m Environment.get src/runtime/environment.js:[2m24:11[22m[39m
    [90m 22| [39m      [35mreturn[39m [35mthis[39m[33m.[39mparent[33m.[39m[35mget[39m(name)[33m;[39m
    [90m 23| [39m    }
    [90m 24| [39m    [35mthrow[39m [35mnew[39m [33mReferenceError[39m([32m`[39m[36m${[39mname[36m}[39m[32m is not defined`[39m)[33m;[39m
    [90m   | [39m          [31m^[39m
    [90m 25| [39m  }
    [90m 26| [39m
[90m [2m❯[22m Interpreter.evaluate src/interpreter/interpreter.js:[2m19:20[22m[39m
[90m [2m❯[22m Interpreter.evaluateCallExpression src/interpreter/interpreter.js:[2m408:21[22m[39m
[90m [2m❯[22m Interpreter.evaluate src/interpreter/interpreter.js:[2m40:21[22m[39m
[90m [2m❯[22m Interpreter.evaluateVariableDeclaration src/interpreter/interpreter.js:[2m582:16[22m[39m
[90m [2m❯[22m Interpreter.evaluate src/interpreter/interpreter.js:[2m68:21[22m[39m
[90m [2m❯[22m Interpreter.evaluateProgram src/interpreter/interpreter.js:[2m188:21[22m[39m
[90m [2m❯[22m Interpreter.evaluate src/interpreter/interpreter.js:[2m13:21[22m[39m
[90m [2m❯[22m execute src/index.js:[2m34:30[22m[39m
[90m [2m❯[22m TestContext.execute tests/test-utils.js:[2m21:35[22m[39m

[31m[2m⎯⎯⎯⎯⎯⎯⎯⎯⎯⎯⎯⎯⎯⎯⎯⎯⎯⎯⎯⎯[254/292]⎯[22m[39m

[41m[1m FAIL [22m[49m tests/wang-unit/stdlib.test.js[2m > [22mWang Standard Library[2m > [22mString Operations[2m > [22mshould trim strings
[31m[1mSyntaxError[22m: Parse error at line 5: Unexpected token (5:15)[39m
[36m [2m❯[22m parse src/index.js:[2m17:11[22m[39m
    [90m 15| [39m  } [35mcatch[39m (error) {
    [90m 16| [39m    [90m// Reformat error message for consistency[39m
    [90m 17| [39m    [35mthrow[39m [35mnew[39m [33mSyntaxError[39m(
    [90m   | [39m          [31m^[39m
    [90m 18| [39m      [32m`Parse error at line [39m[36m${[39merror[33m.[39mloc[33m?.[39mline [33m||[39m [32m'?'[39m[36m}[39m[32m: [39m[36m${[39merror[33m.[39mmessage[36m}[39m[32m`[39m
    [90m 19| [39m    )[33m;[39m
[90m [2m❯[22m execute src/index.js:[2m25:15[22m[39m
[90m [2m❯[22m TestContext.execute tests/test-utils.js:[2m21:35[22m[39m
[90m [2m❯[22m tests/wang-unit/stdlib.test.js:[2m229:32[22m[39m

[31m[2m⎯⎯⎯⎯⎯⎯⎯⎯⎯⎯⎯⎯⎯⎯⎯⎯⎯⎯⎯⎯[255/292]⎯[22m[39m

[41m[1m FAIL [22m[49m tests/wang-unit/stdlib.test.js[2m > [22mWang Standard Library[2m > [22mString Operations[2m > [22mshould transform case
[31m[1mSyntaxError[22m: Parse error at line 4: Unexpected token (4:15)[39m
[36m [2m❯[22m parse src/index.js:[2m17:11[22m[39m
    [90m 15| [39m  } [35mcatch[39m (error) {
    [90m 16| [39m    [90m// Reformat error message for consistency[39m
    [90m 17| [39m    [35mthrow[39m [35mnew[39m [33mSyntaxError[39m(
    [90m   | [39m          [31m^[39m
    [90m 18| [39m      [32m`Parse error at line [39m[36m${[39merror[33m.[39mloc[33m?.[39mline [33m||[39m [32m'?'[39m[36m}[39m[32m: [39m[36m${[39merror[33m.[39mmessage[36m}[39m[32m`[39m
    [90m 19| [39m    )[33m;[39m
[90m [2m❯[22m execute src/index.js:[2m25:15[22m[39m
[90m [2m❯[22m TestContext.execute tests/test-utils.js:[2m21:35[22m[39m
[90m [2m❯[22m tests/wang-unit/stdlib.test.js:[2m243:32[22m[39m

[31m[2m⎯⎯⎯⎯⎯⎯⎯⎯⎯⎯⎯⎯⎯⎯⎯⎯⎯⎯⎯⎯[256/292]⎯[22m[39m

[41m[1m FAIL [22m[49m tests/wang-unit/stdlib.test.js[2m > [22mWang Standard Library[2m > [22mString Operations[2m > [22mshould check string boundaries
[31m[1mSyntaxError[22m: Parse error at line 5: Unexpected token (5:14)[39m
[36m [2m❯[22m parse src/index.js:[2m17:11[22m[39m
    [90m 15| [39m  } [35mcatch[39m (error) {
    [90m 16| [39m    [90m// Reformat error message for consistency[39m
    [90m 17| [39m    [35mthrow[39m [35mnew[39m [33mSyntaxError[39m(
    [90m   | [39m          [31m^[39m
    [90m 18| [39m      [32m`Parse error at line [39m[36m${[39merror[33m.[39mloc[33m?.[39mline [33m||[39m [32m'?'[39m[36m}[39m[32m: [39m[36m${[39merror[33m.[39mmessage[36m}[39m[32m`[39m
    [90m 19| [39m    )[33m;[39m
[90m [2m❯[22m execute src/index.js:[2m25:15[22m[39m
[90m [2m❯[22m TestContext.execute tests/test-utils.js:[2m21:35[22m[39m
[90m [2m❯[22m tests/wang-unit/stdlib.test.js:[2m256:32[22m[39m

[31m[2m⎯⎯⎯⎯⎯⎯⎯⎯⎯⎯⎯⎯⎯⎯⎯⎯⎯⎯⎯⎯[257/292]⎯[22m[39m

[41m[1m FAIL [22m[49m tests/wang-unit/stdlib.test.js[2m > [22mWang Standard Library[2m > [22mString Operations[2m > [22mshould pad and truncate
[31m[1mSyntaxError[22m: Parse error at line 4: Unexpected token (4:16)[39m
[36m [2m❯[22m parse src/index.js:[2m17:11[22m[39m
    [90m 15| [39m  } [35mcatch[39m (error) {
    [90m 16| [39m    [90m// Reformat error message for consistency[39m
    [90m 17| [39m    [35mthrow[39m [35mnew[39m [33mSyntaxError[39m(
    [90m   | [39m          [31m^[39m
    [90m 18| [39m      [32m`Parse error at line [39m[36m${[39merror[33m.[39mloc[33m?.[39mline [33m||[39m [32m'?'[39m[36m}[39m[32m: [39m[36m${[39merror[33m.[39mmessage[36m}[39m[32m`[39m
    [90m 19| [39m    )[33m;[39m
[90m [2m❯[22m execute src/index.js:[2m25:15[22m[39m
[90m [2m❯[22m TestContext.execute tests/test-utils.js:[2m21:35[22m[39m
[90m [2m❯[22m tests/wang-unit/stdlib.test.js:[2m270:32[22m[39m

[31m[2m⎯⎯⎯⎯⎯⎯⎯⎯⎯⎯⎯⎯⎯⎯⎯⎯⎯⎯⎯⎯[258/292]⎯[22m[39m

[41m[1m FAIL [22m[49m tests/wang-unit/stdlib.test.js[2m > [22mWang Standard Library[2m > [22mString Operations[2m > [22mshould replace all occurrences
[31m[1mReferenceError[22m: replace_all is not defined[39m
[36m [2m❯[22m Environment.get src/runtime/environment.js:[2m24:11[22m[39m
    [90m 22| [39m      [35mreturn[39m [35mthis[39m[33m.[39mparent[33m.[39m[35mget[39m(name)[33m;[39m
    [90m 23| [39m    }
    [90m 24| [39m    [35mthrow[39m [35mnew[39m [33mReferenceError[39m([32m`[39m[36m${[39mname[36m}[39m[32m is not defined`[39m)[33m;[39m
    [90m   | [39m          [31m^[39m
    [90m 25| [39m  }
    [90m 26| [39m
[90m [2m❯[22m Interpreter.evaluate src/interpreter/interpreter.js:[2m19:20[22m[39m
[90m [2m❯[22m Interpreter.evaluateCallExpression src/interpreter/interpreter.js:[2m408:21[22m[39m
[90m [2m❯[22m Interpreter.evaluate src/interpreter/interpreter.js:[2m40:21[22m[39m
[90m [2m❯[22m Interpreter.evaluate src/interpreter/interpreter.js:[2m77:21[22m[39m
[90m [2m❯[22m Interpreter.evaluateProgram src/interpreter/interpreter.js:[2m188:21[22m[39m
[90m [2m❯[22m Interpreter.evaluate src/interpreter/interpreter.js:[2m13:21[22m[39m
[90m [2m❯[22m execute src/index.js:[2m34:30[22m[39m
[90m [2m❯[22m TestContext.execute tests/test-utils.js:[2m21:35[22m[39m
[90m [2m❯[22m tests/wang-unit/stdlib.test.js:[2m283:32[22m[39m

[31m[2m⎯⎯⎯⎯⎯⎯⎯⎯⎯⎯⎯⎯⎯⎯⎯⎯⎯⎯⎯⎯[259/292]⎯[22m[39m

[41m[1m FAIL [22m[49m tests/wang-unit/stdlib.test.js[2m > [22mWang Standard Library[2m > [22mType Checking[2m > [22mshould check types correctly
[31m[1mSyntaxError[22m: Parse error at line 4: Unexpected token (4:16)[39m
[36m [2m❯[22m parse src/index.js:[2m17:11[22m[39m
    [90m 15| [39m  } [35mcatch[39m (error) {
    [90m 16| [39m    [90m// Reformat error message for consistency[39m
    [90m 17| [39m    [35mthrow[39m [35mnew[39m [33mSyntaxError[39m(
    [90m   | [39m          [31m^[39m
    [90m 18| [39m      [32m`Parse error at line [39m[36m${[39merror[33m.[39mloc[33m?.[39mline [33m||[39m [32m'?'[39m[36m}[39m[32m: [39m[36m${[39merror[33m.[39mmessage[36m}[39m[32m`[39m
    [90m 19| [39m    )[33m;[39m
[90m [2m❯[22m execute src/index.js:[2m25:15[22m[39m
[90m [2m❯[22m TestContext.execute tests/test-utils.js:[2m21:35[22m[39m
[90m [2m❯[22m tests/wang-unit/stdlib.test.js:[2m292:32[22m[39m

[31m[2m⎯⎯⎯⎯⎯⎯⎯⎯⎯⎯⎯⎯⎯⎯⎯⎯⎯⎯⎯⎯[260/292]⎯[22m[39m

[41m[1m FAIL [22m[49m tests/wang-unit/stdlib.test.js[2m > [22mWang Standard Library[2m > [22mType Checking[2m > [22mshould check emptiness
[31m[1mSyntaxError[22m: Parse error at line 4: Unexpected token (4:21)[39m
[36m [2m❯[22m parse src/index.js:[2m17:11[22m[39m
    [90m 15| [39m  } [35mcatch[39m (error) {
    [90m 16| [39m    [90m// Reformat error message for consistency[39m
    [90m 17| [39m    [35mthrow[39m [35mnew[39m [33mSyntaxError[39m(
    [90m   | [39m          [31m^[39m
    [90m 18| [39m      [32m`Parse error at line [39m[36m${[39merror[33m.[39mloc[33m?.[39mline [33m||[39m [32m'?'[39m[36m}[39m[32m: [39m[36m${[39merror[33m.[39mmessage[36m}[39m[32m`[39m
    [90m 19| [39m    )[33m;[39m
[90m [2m❯[22m execute src/index.js:[2m25:15[22m[39m
[90m [2m❯[22m TestContext.execute tests/test-utils.js:[2m21:35[22m[39m
[90m [2m❯[22m tests/wang-unit/stdlib.test.js:[2m317:32[22m[39m

[31m[2m⎯⎯⎯⎯⎯⎯⎯⎯⎯⎯⎯⎯⎯⎯⎯⎯⎯⎯⎯⎯[261/292]⎯[22m[39m

[41m[1m FAIL [22m[49m tests/wang-unit/stdlib.test.js[2m > [22mWang Standard Library[2m > [22mMath Operations[2m > [22mshould calculate min, max, sum, avg
[31m[1mSyntaxError[22m: Parse error at line 5: Unexpected token (5:13)[39m
[36m [2m❯[22m parse src/index.js:[2m17:11[22m[39m
    [90m 15| [39m  } [35mcatch[39m (error) {
    [90m 16| [39m    [90m// Reformat error message for consistency[39m
    [90m 17| [39m    [35mthrow[39m [35mnew[39m [33mSyntaxError[39m(
    [90m   | [39m          [31m^[39m
    [90m 18| [39m      [32m`Parse error at line [39m[36m${[39merror[33m.[39mloc[33m?.[39mline [33m||[39m [32m'?'[39m[36m}[39m[32m: [39m[36m${[39merror[33m.[39mmessage[36m}[39m[32m`[39m
    [90m 19| [39m    )[33m;[39m
[90m [2m❯[22m execute src/index.js:[2m25:15[22m[39m
[90m [2m❯[22m TestContext.execute tests/test-utils.js:[2m21:35[22m[39m
[90m [2m❯[22m tests/wang-unit/stdlib.test.js:[2m336:32[22m[39m

[31m[2m⎯⎯⎯⎯⎯⎯⎯⎯⎯⎯⎯⎯⎯⎯⎯⎯⎯⎯⎯⎯[262/292]⎯[22m[39m

[41m[1m FAIL [22m[49m tests/wang-unit/stdlib.test.js[2m > [22mWang Standard Library[2m > [22mMath Operations[2m > [22mshould calculate median
[31m[1mSyntaxError[22m: Parse error at line 4: Unexpected token (4:14)[39m
[36m [2m❯[22m parse src/index.js:[2m17:11[22m[39m
    [90m 15| [39m  } [35mcatch[39m (error) {
    [90m 16| [39m    [90m// Reformat error message for consistency[39m
    [90m 17| [39m    [35mthrow[39m [35mnew[39m [33mSyntaxError[39m(
    [90m   | [39m          [31m^[39m
    [90m 18| [39m      [32m`Parse error at line [39m[36m${[39merror[33m.[39mloc[33m?.[39mline [33m||[39m [32m'?'[39m[36m}[39m[32m: [39m[36m${[39merror[33m.[39mmessage[36m}[39m[32m`[39m
    [90m 19| [39m    )[33m;[39m
[90m [2m❯[22m execute src/index.js:[2m25:15[22m[39m
[90m [2m❯[22m TestContext.execute tests/test-utils.js:[2m21:35[22m[39m
[90m [2m❯[22m tests/wang-unit/stdlib.test.js:[2m352:32[22m[39m

[31m[2m⎯⎯⎯⎯⎯⎯⎯⎯⎯⎯⎯⎯⎯⎯⎯⎯⎯⎯⎯⎯[263/292]⎯[22m[39m

[41m[1m FAIL [22m[49m tests/wang-unit/stdlib.test.js[2m > [22mWang Standard Library[2m > [22mMath Operations[2m > [22mshould round numbers
[31m[1mSyntaxError[22m: Parse error at line 4: Unexpected token (4:15)[39m
[36m [2m❯[22m parse src/index.js:[2m17:11[22m[39m
    [90m 15| [39m  } [35mcatch[39m (error) {
    [90m 16| [39m    [90m// Reformat error message for consistency[39m
    [90m 17| [39m    [35mthrow[39m [35mnew[39m [33mSyntaxError[39m(
    [90m   | [39m          [31m^[39m
    [90m 18| [39m      [32m`Parse error at line [39m[36m${[39merror[33m.[39mloc[33m?.[39mline [33m||[39m [32m'?'[39m[36m}[39m[32m: [39m[36m${[39merror[33m.[39mmessage[36m}[39m[32m`[39m
    [90m 19| [39m    )[33m;[39m
[90m [2m❯[22m execute src/index.js:[2m25:15[22m[39m
[90m [2m❯[22m TestContext.execute tests/test-utils.js:[2m21:35[22m[39m
[90m [2m❯[22m tests/wang-unit/stdlib.test.js:[2m363:32[22m[39m

[31m[2m⎯⎯⎯⎯⎯⎯⎯⎯⎯⎯⎯⎯⎯⎯⎯⎯⎯⎯⎯⎯[264/292]⎯[22m[39m

[41m[1m FAIL [22m[49m tests/wang-unit/stdlib.test.js[2m > [22mWang Standard Library[2m > [22mUtility Functions[2m > [22mshould generate range
[31m[1mSyntaxError[22m: Parse error at line 4: Unexpected token (4:18)[39m
[36m [2m❯[22m parse src/index.js:[2m17:11[22m[39m
    [90m 15| [39m  } [35mcatch[39m (error) {
    [90m 16| [39m    [90m// Reformat error message for consistency[39m
    [90m 17| [39m    [35mthrow[39m [35mnew[39m [33mSyntaxError[39m(
    [90m   | [39m          [31m^[39m
    [90m 18| [39m      [32m`Parse error at line [39m[36m${[39merror[33m.[39mloc[33m?.[39mline [33m||[39m [32m'?'[39m[36m}[39m[32m: [39m[36m${[39merror[33m.[39mmessage[36m}[39m[32m`[39m
    [90m 19| [39m    )[33m;[39m
[90m [2m❯[22m execute src/index.js:[2m25:15[22m[39m
[90m [2m❯[22m TestContext.execute tests/test-utils.js:[2m21:35[22m[39m
[90m [2m❯[22m tests/wang-unit/stdlib.test.js:[2m382:32[22m[39m

[31m[2m⎯⎯⎯⎯⎯⎯⎯⎯⎯⎯⎯⎯⎯⎯⎯⎯⎯⎯⎯⎯[265/292]⎯[22m[39m

[41m[1m FAIL [22m[49m tests/wang-unit/stdlib.test.js[2m > [22mWang Standard Library[2m > [22mUtility Functions[2m > [22mshould generate uuid
[31m[1mSyntaxError[22m: Parse error at line 5: Unexpected token (5:18)[39m
[36m [2m❯[22m parse src/index.js:[2m17:11[22m[39m
    [90m 15| [39m  } [35mcatch[39m (error) {
    [90m 16| [39m    [90m// Reformat error message for consistency[39m
    [90m 17| [39m    [35mthrow[39m [35mnew[39m [33mSyntaxError[39m(
    [90m   | [39m          [31m^[39m
    [90m 18| [39m      [32m`Parse error at line [39m[36m${[39merror[33m.[39mloc[33m?.[39mline [33m||[39m [32m'?'[39m[36m}[39m[32m: [39m[36m${[39merror[33m.[39mmessage[36m}[39m[32m`[39m
    [90m 19| [39m    )[33m;[39m
[90m [2m❯[22m execute src/index.js:[2m25:15[22m[39m
[90m [2m❯[22m TestContext.execute tests/test-utils.js:[2m21:35[22m[39m
[90m [2m❯[22m tests/wang-unit/stdlib.test.js:[2m397:32[22m[39m

[31m[2m⎯⎯⎯⎯⎯⎯⎯⎯⎯⎯⎯⎯⎯⎯⎯⎯⎯⎯⎯⎯[266/292]⎯[22m[39m

[41m[1m FAIL [22m[49m tests/wang-unit/stdlib.test.js[2m > [22mWang Standard Library[2m > [22mUtility Functions[2m > [22mshould convert to/from JSON
[31m[1mSyntaxError[22m: Parse error at line 8: Unexpected token (8:15)[39m
[36m [2m❯[22m parse src/index.js:[2m17:11[22m[39m
    [90m 15| [39m  } [35mcatch[39m (error) {
    [90m 16| [39m    [90m// Reformat error message for consistency[39m
    [90m 17| [39m    [35mthrow[39m [35mnew[39m [33mSyntaxError[39m(
    [90m   | [39m          [31m^[39m
    [90m 18| [39m      [32m`Parse error at line [39m[36m${[39merror[33m.[39mloc[33m?.[39mline [33m||[39m [32m'?'[39m[36m}[39m[32m: [39m[36m${[39merror[33m.[39mmessage[36m}[39m[32m`[39m
    [90m 19| [39m    )[33m;[39m
[90m [2m❯[22m execute src/index.js:[2m25:15[22m[39m
[90m [2m❯[22m TestContext.execute tests/test-utils.js:[2m21:35[22m[39m
[90m [2m❯[22m tests/wang-unit/stdlib.test.js:[2m411:32[22m[39m

[31m[2m⎯⎯⎯⎯⎯⎯⎯⎯⎯⎯⎯⎯⎯⎯⎯⎯⎯⎯⎯⎯[267/292]⎯[22m[39m

[41m[1m FAIL [22m[49m tests/wang-unit/stdlib.test.js[2m > [22mWang Standard Library[2m > [22mUtility Functions[2m > [22mshould work with sleep/wait
[31m[1mSyntaxError[22m: Parse error at line 8: Unexpected token (8:14)[39m
[36m [2m❯[22m parse src/index.js:[2m17:11[22m[39m
    [90m 15| [39m  } [35mcatch[39m (error) {
    [90m 16| [39m    [90m// Reformat error message for consistency[39m
    [90m 17| [39m    [35mthrow[39m [35mnew[39m [33mSyntaxError[39m(
    [90m   | [39m          [31m^[39m
    [90m 18| [39m      [32m`Parse error at line [39m[36m${[39merror[33m.[39mloc[33m?.[39mline [33m||[39m [32m'?'[39m[36m}[39m[32m: [39m[36m${[39merror[33m.[39mmessage[36m}[39m[32m`[39m
    [90m 19| [39m    )[33m;[39m
[90m [2m❯[22m execute src/index.js:[2m25:15[22m[39m
[90m [2m❯[22m TestContext.execute tests/test-utils.js:[2m21:35[22m[39m
[90m [2m❯[22m tests/wang-unit/stdlib.test.js:[2m427:32[22m[39m

[31m[2m⎯⎯⎯⎯⎯⎯⎯⎯⎯⎯⎯⎯⎯⎯⎯⎯⎯⎯⎯⎯[268/292]⎯[22m[39m

[41m[1m FAIL [22m[49m tests/wang-unit/stdlib.test.js[2m > [22mWang Standard Library[2m > [22mFunctional Operations[2m > [22mshould count items
[31m[1mSyntaxError[22m: Parse error at line 5: Unexpected token (5:14)[39m
[36m [2m❯[22m parse src/index.js:[2m17:11[22m[39m
    [90m 15| [39m  } [35mcatch[39m (error) {
    [90m 16| [39m    [90m// Reformat error message for consistency[39m
    [90m 17| [39m    [35mthrow[39m [35mnew[39m [33mSyntaxError[39m(
    [90m   | [39m          [31m^[39m
    [90m 18| [39m      [32m`Parse error at line [39m[36m${[39merror[33m.[39mloc[33m?.[39mline [33m||[39m [32m'?'[39m[36m}[39m[32m: [39m[36m${[39merror[33m.[39mmessage[36m}[39m[32m`[39m
    [90m 19| [39m    )[33m;[39m
[90m [2m❯[22m execute src/index.js:[2m25:15[22m[39m
[90m [2m❯[22m TestContext.execute tests/test-utils.js:[2m21:35[22m[39m
[90m [2m❯[22m tests/wang-unit/stdlib.test.js:[2m442:32[22m[39m

[31m[2m⎯⎯⎯⎯⎯⎯⎯⎯⎯⎯⎯⎯⎯⎯⎯⎯⎯⎯⎯⎯[269/292]⎯[22m[39m

[41m[1m FAIL [22m[49m tests/wang-unit/stdlib.test.js[2m > [22mWang Standard Library[2m > [22mFunctional Operations[2m > [22mshould find and find_index
[31m[1mSyntaxError[22m: Parse error at line 9: Unexpected token (9:15)[39m
[36m [2m❯[22m parse src/index.js:[2m17:11[22m[39m
    [90m 15| [39m  } [35mcatch[39m (error) {
    [90m 16| [39m    [90m// Reformat error message for consistency[39m
    [90m 17| [39m    [35mthrow[39m [35mnew[39m [33mSyntaxError[39m(
    [90m   | [39m          [31m^[39m
    [90m 18| [39m      [32m`Parse error at line [39m[36m${[39merror[33m.[39mloc[33m?.[39mline [33m||[39m [32m'?'[39m[36m}[39m[32m: [39m[36m${[39merror[33m.[39mmessage[36m}[39m[32m`[39m
    [90m 19| [39m    )[33m;[39m
[90m [2m❯[22m execute src/index.js:[2m25:15[22m[39m
[90m [2m❯[22m TestContext.execute tests/test-utils.js:[2m21:35[22m[39m
[90m [2m❯[22m tests/wang-unit/stdlib.test.js:[2m454:32[22m[39m

[31m[2m⎯⎯⎯⎯⎯⎯⎯⎯⎯⎯⎯⎯⎯⎯⎯⎯⎯⎯⎯⎯[270/292]⎯[22m[39m

[41m[1m FAIL [22m[49m tests/wang-unit/stdlib.test.js[2m > [22mWang Standard Library[2m > [22mFunctional Operations[2m > [22mshould check every and some
[31m[1mSyntaxError[22m: Parse error at line 5: Unexpected token (5:17)[39m
[36m [2m❯[22m parse src/index.js:[2m17:11[22m[39m
    [90m 15| [39m  } [35mcatch[39m (error) {
    [90m 16| [39m    [90m// Reformat error message for consistency[39m
    [90m 17| [39m    [35mthrow[39m [35mnew[39m [33mSyntaxError[39m(
    [90m   | [39m          [31m^[39m
    [90m 18| [39m      [32m`Parse error at line [39m[36m${[39merror[33m.[39mloc[33m?.[39mline [33m||[39m [32m'?'[39m[36m}[39m[32m: [39m[36m${[39merror[33m.[39mmessage[36m}[39m[32m`[39m
    [90m 19| [39m    )[33m;[39m
[90m [2m❯[22m execute src/index.js:[2m25:15[22m[39m
[90m [2m❯[22m TestContext.execute tests/test-utils.js:[2m21:35[22m[39m
[90m [2m❯[22m tests/wang-unit/stdlib.test.js:[2m470:32[22m[39m

[31m[2m⎯⎯⎯⎯⎯⎯⎯⎯⎯⎯⎯⎯⎯⎯⎯⎯⎯⎯⎯⎯[271/292]⎯[22m[39m

[41m[1m FAIL [22m[49m tests/wang-unit/template-literals.test.js[2m > [22mTemplate Literals[2m > [22mNested Templates[2m > [22mshould throw error for nested template literals (EXPECTED BEHAVIOR)
[31m[1mAssertionError[22m: promise resolved "'Outer: Inner: Wang'" instead of rejecting[39m

[32m- Expected:[39m 
Error {
  "message": "rejected promise",
}

[31m+ Received:[39m 
"Outer: Inner: Wang"

[36m [2m❯[22m tests/wang-unit/template-literals.test.js:[2m181:10[22m[39m
    [90m179| [39m        let nested = \`Outer: \${\`Inner: \${name}\`}\`
    [90m180| [39m        nested
    [90m181| [39m      `[39m))[33m.[39mrejects[33m.[39m[34mtoThrow[39m([36m/Parse error|Syntax error|Unexpected/[39m)[33m;[39m
    [90m   | [39m         [31m^[39m
    [90m182| [39m    })[33m;[39m
    [90m183| [39m

[31m[2m⎯⎯⎯⎯⎯⎯⎯⎯⎯⎯⎯⎯⎯⎯⎯⎯⎯⎯⎯⎯[272/292]⎯[22m[39m

[41m[1m FAIL [22m[49m tests/wang-unit/template-literals.test.js[2m > [22mTemplate Literals[2m > [22mNested Templates[2m > [22mshould throw error for deeply nested templates (EXPECTED BEHAVIOR)
[31m[1mAssertionError[22m: promise resolved "'Level 1: Level 2: Level 3: ABC'" instead of rejecting[39m

[32m- Expected:[39m 
Error {
  "message": "rejected promise",
}

[31m+ Received:[39m 
"Level 1: Level 2: Level 3: ABC"

[36m [2m❯[22m tests/wang-unit/template-literals.test.js:[2m193:10[22m[39m
    [90m191| [39m        let deep = \`Level 1: \${\`Level 2: \${\`Level 3: \${a}\${b}\$…
    [90m192| [39m        deep
    [90m193| [39m      `[39m))[33m.[39mrejects[33m.[39m[34mtoThrow[39m([36m/Parse error|Syntax error|Unexpected/[39m)[33m;[39m
    [90m   | [39m         [31m^[39m
    [90m194| [39m    })[33m;[39m
    [90m195| [39m    

[31m[2m⎯⎯⎯⎯⎯⎯⎯⎯⎯⎯⎯⎯⎯⎯⎯⎯⎯⎯⎯⎯[273/292]⎯[22m[39m

[41m[1m FAIL [22m[49m tests/wang-unit/template-literals.test.js[2m > [22mTemplate Literals[2m > [22mPerformance and Complex Scenarios[2m > [22mshould handle template with async expressions
[31m[1mSyntaxError[22m: Parse error at line 5: Unexpected token (5:40)[39m
[36m [2m❯[22m parse src/index.js:[2m17:11[22m[39m
    [90m 15| [39m  } [35mcatch[39m (error) {
    [90m 16| [39m    [90m// Reformat error message for consistency[39m
    [90m 17| [39m    [35mthrow[39m [35mnew[39m [33mSyntaxError[39m(
    [90m   | [39m          [31m^[39m
    [90m 18| [39m      [32m`Parse error at line [39m[36m${[39merror[33m.[39mloc[33m?.[39mline [33m||[39m [32m'?'[39m[36m}[39m[32m: [39m[36m${[39merror[33m.[39mmessage[36m}[39m[32m`[39m
    [90m 19| [39m    )[33m;[39m
[90m [2m❯[22m execute src/index.js:[2m25:15[22m[39m
[90m [2m❯[22m WangInterpreter.execute src/interpreter/index.js:[2m68:23[22m[39m
[90m [2m❯[22m tests/wang-unit/template-literals.test.js:[2m338:40[22m[39m

[31m[2m⎯⎯⎯⎯⎯⎯⎯⎯⎯⎯⎯⎯⎯⎯⎯⎯⎯⎯⎯⎯[274/292]⎯[22m[39m

[41m[1m FAIL [22m[49m tests/wang-unit/template-literals.test.js[2m > [22mTemplate Literals[2m > [22mPerformance and Complex Scenarios[2m > [22mshould handle template with class instance
[31m[1mAssertionError[22m: expected undefined to be 'Person: Alice(30), Name: Alice' // Object.is equality[39m

[32m- Expected:[39m 
"Person: Alice(30), Name: Alice"

[31m+ Received:[39m 
undefined

[36m [2m❯[22m tests/wang-unit/template-literals.test.js:[2m363:22[22m[39m
    [90m361| [39m        template
    [90m362| [39m      `[39m)[33m;[39m
    [90m363| [39m      [34mexpect[39m(result)[33m.[39m[34mtoBe[39m([32m'Person: Alice(30), Name: Alice'[39m)[33m;[39m
    [90m   | [39m                     [31m^[39m
    [90m364| [39m    })[33m;[39m
    [90m365| [39m  })[33m;[39m

[31m[2m⎯⎯⎯⎯⎯⎯⎯⎯⎯⎯⎯⎯⎯⎯⎯⎯⎯⎯⎯⎯[275/292]⎯[22m[39m

[41m[1m FAIL [22m[49m tests/wang-unit/template-literals.test.js[2m > [22mTemplate Literals[2m > [22mError Cases[2m > [22mshould leave invalid expressions unevaluated (EXPECTED BEHAVIOR)
[31m[1mSyntaxError[22m: Parse error at line 2: Unterminated string constant (2:33)[39m
[36m [2m❯[22m parse src/index.js:[2m17:11[22m[39m
    [90m 15| [39m  } [35mcatch[39m (error) {
    [90m 16| [39m    [90m// Reformat error message for consistency[39m
    [90m 17| [39m    [35mthrow[39m [35mnew[39m [33mSyntaxError[39m(
    [90m   | [39m          [31m^[39m
    [90m 18| [39m      [32m`Parse error at line [39m[36m${[39merror[33m.[39mloc[33m?.[39mline [33m||[39m [32m'?'[39m[36m}[39m[32m: [39m[36m${[39merror[33m.[39mmessage[36m}[39m[32m`[39m
    [90m 19| [39m    )[33m;[39m
[90m [2m❯[22m execute src/index.js:[2m25:15[22m[39m
[90m [2m❯[22m WangInterpreter.execute src/interpreter/index.js:[2m75:23[22m[39m
[90m [2m❯[22m tests/wang-unit/template-literals.test.js:[2m371:40[22m[39m

[31m[2m⎯⎯⎯⎯⎯⎯⎯⎯⎯⎯⎯⎯⎯⎯⎯⎯⎯⎯⎯⎯[276/292]⎯[22m[39m

[41m[1m FAIL [22m[49m tests/wang-unit/template-literals.test.js[2m > [22mTemplate Literals[2m > [22mError Cases[2m > [22mshould handle unmatched braces
[31m[1mSyntaxError[22m: Parse error at line 2: Unexpected token (2:37)[39m
[36m [2m❯[22m parse src/index.js:[2m17:11[22m[39m
    [90m 15| [39m  } [35mcatch[39m (error) {
    [90m 16| [39m    [90m// Reformat error message for consistency[39m
    [90m 17| [39m    [35mthrow[39m [35mnew[39m [33mSyntaxError[39m(
    [90m   | [39m          [31m^[39m
    [90m 18| [39m      [32m`Parse error at line [39m[36m${[39merror[33m.[39mloc[33m?.[39mline [33m||[39m [32m'?'[39m[36m}[39m[32m: [39m[36m${[39merror[33m.[39mmessage[36m}[39m[32m`[39m
    [90m 19| [39m    )[33m;[39m
[90m [2m❯[22m execute src/index.js:[2m25:15[22m[39m
[90m [2m❯[22m WangInterpreter.execute src/interpreter/index.js:[2m75:23[22m[39m
[90m [2m❯[22m tests/wang-unit/template-literals.test.js:[2m380:40[22m[39m

[31m[2m⎯⎯⎯⎯⎯⎯⎯⎯⎯⎯⎯⎯⎯⎯⎯⎯⎯⎯⎯⎯[277/292]⎯[22m[39m


[2m Test Files [22m [1m[31m28 failed[39m[22m[2m | [22m[1m[32m5 passed[39m[22m[90m (33)[39m
[2m      Tests [22m [1m[31m289 failed[39m[22m[2m | [22m[1m[32m348 passed[39m[22m[90m (637)[39m
[2m   Start at [22m 18:33:50
[2m   Duration [22m 1.28s[2m (transform 1.08s, setup 0ms, collect 2.53s, tests 3.40s, environment 3ms, prepare 159ms)[22m

